Component: ARM Compiler 5.06 update 6 (build 750) Tool: armlink [4d35ed]

==============================================================================

Section Cross References

    startup_stm32f407xx.o(RESET) refers to startup_stm32f407xx.o(STACK) for __initial_sp
    startup_stm32f407xx.o(RESET) refers to startup_stm32f407xx.o(.text) for Reset_Handler
    startup_stm32f407xx.o(RESET) refers to stm32f4xx_it.o(i.NMI_Handler) for NMI_Handler
    startup_stm32f407xx.o(RESET) refers to stm32f4xx_it.o(i.HardFault_Handler) for HardFault_Handler
    startup_stm32f407xx.o(RESET) refers to stm32f4xx_it.o(i.MemManage_Handler) for MemManage_Handler
    startup_stm32f407xx.o(RESET) refers to stm32f4xx_it.o(i.BusFault_Handler) for BusFault_Handler
    startup_stm32f407xx.o(RESET) refers to stm32f4xx_it.o(i.UsageFault_Handler) for UsageFault_Handler
    startup_stm32f407xx.o(RESET) refers to stm32f4xx_it.o(i.SVC_Handler) for SVC_Handler
    startup_stm32f407xx.o(RESET) refers to stm32f4xx_it.o(i.DebugMon_Handler) for DebugMon_Handler
    startup_stm32f407xx.o(RESET) refers to stm32f4xx_it.o(i.PendSV_Handler) for PendSV_Handler
    startup_stm32f407xx.o(RESET) refers to stm32f4xx_it.o(i.SysTick_Handler) for SysTick_Handler
    startup_stm32f407xx.o(RESET) refers to stm32f4xx_it.o(i.EXTI0_IRQHandler) for EXTI0_IRQHandler
    startup_stm32f407xx.o(RESET) refers to stm32f4xx_it.o(i.EXTI3_IRQHandler) for EXTI3_IRQHandler
    startup_stm32f407xx.o(RESET) refers to stm32f4xx_it.o(i.EXTI4_IRQHandler) for EXTI4_IRQHandler
    startup_stm32f407xx.o(RESET) refers to stm32f4xx_it.o(i.DMA1_Stream1_IRQHandler) for DMA1_Stream1_IRQHandler
    startup_stm32f407xx.o(RESET) refers to stm32f4xx_it.o(i.CAN1_TX_IRQHandler) for CAN1_TX_IRQHandler
    startup_stm32f407xx.o(RESET) refers to stm32f4xx_it.o(i.CAN1_RX0_IRQHandler) for CAN1_RX0_IRQHandler
    startup_stm32f407xx.o(RESET) refers to stm32f4xx_it.o(i.EXTI9_5_IRQHandler) for EXTI9_5_IRQHandler
    startup_stm32f407xx.o(RESET) refers to stm32f4xx_it.o(i.TIM3_IRQHandler) for TIM3_IRQHandler
    startup_stm32f407xx.o(RESET) refers to bsp_uart.o(i.USART1_IRQHandler) for USART1_IRQHandler
    startup_stm32f407xx.o(RESET) refers to stm32f4xx_it.o(i.USART2_IRQHandler) for USART2_IRQHandler
    startup_stm32f407xx.o(RESET) refers to remote_control.o(i.USART3_IRQHandler) for USART3_IRQHandler
    startup_stm32f407xx.o(RESET) refers to bsp_imu.o(i.DMA2_Stream2_IRQHandler) for DMA2_Stream2_IRQHandler
    startup_stm32f407xx.o(RESET) refers to stm32f4xx_it.o(i.DMA2_Stream3_IRQHandler) for DMA2_Stream3_IRQHandler
    startup_stm32f407xx.o(RESET) refers to stm32f4xx_it.o(i.CAN2_RX0_IRQHandler) for CAN2_RX0_IRQHandler
    startup_stm32f407xx.o(RESET) refers to stm32f4xx_it.o(i.USART6_IRQHandler) for USART6_IRQHandler
    startup_stm32f407xx.o(.text) refers to system_stm32f4xx.o(i.SystemInit) for SystemInit
    startup_stm32f407xx.o(.text) refers to entry.o(.ARM.Collect$$$$00000000) for __main
    main.o(i.SystemClock_Config) refers to memseta.o(.text) for __aeabi_memclr4
    main.o(i.SystemClock_Config) refers to stm32f4xx_hal_rcc.o(i.HAL_RCC_OscConfig) for HAL_RCC_OscConfig
    main.o(i.SystemClock_Config) refers to stm32f4xx_hal_rcc.o(i.HAL_RCC_ClockConfig) for HAL_RCC_ClockConfig
    main.o(i.main) refers to stm32f4xx_hal.o(i.HAL_Init) for HAL_Init
    main.o(i.main) refers to main.o(i.SystemClock_Config) for SystemClock_Config
    main.o(i.main) refers to gpio.o(i.MX_GPIO_Init) for MX_GPIO_Init
    main.o(i.main) refers to dma.o(i.MX_DMA_Init) for MX_DMA_Init
    main.o(i.main) refers to can.o(i.MX_CAN2_Init) for MX_CAN2_Init
    main.o(i.main) refers to can.o(i.MX_CAN1_Init) for MX_CAN1_Init
    main.o(i.main) refers to tim.o(i.MX_TIM3_Init) for MX_TIM3_Init
    main.o(i.main) refers to tim.o(i.MX_TIM4_Init) for MX_TIM4_Init
    main.o(i.main) refers to tim.o(i.MX_TIM6_Init) for MX_TIM6_Init
    main.o(i.main) refers to tim.o(i.MX_TIM10_Init) for MX_TIM10_Init
    main.o(i.main) refers to usart.o(i.MX_USART2_UART_Init) for MX_USART2_UART_Init
    main.o(i.main) refers to usart.o(i.MX_USART1_UART_Init) for MX_USART1_UART_Init
    main.o(i.main) refers to usart.o(i.MX_USART3_UART_Init) for MX_USART3_UART_Init
    main.o(i.main) refers to usart.o(i.MX_USART6_UART_Init) for MX_USART6_UART_Init
    main.o(i.main) refers to i2c.o(i.MX_I2C3_Init) for MX_I2C3_Init
    main.o(i.main) refers to spi.o(i.MX_SPI1_Init) for MX_SPI1_Init
    main.o(i.main) refers to stm32f4xx_hal_tim.o(i.HAL_TIM_Base_Start_IT) for HAL_TIM_Base_Start_IT
    main.o(i.main) refers to stm32f4xx_hal_tim.o(i.HAL_TIM_PWM_Start) for HAL_TIM_PWM_Start
    main.o(i.main) refers to bsp_uart.o(i.uart_init) for uart_init
    main.o(i.main) refers to bsp_can.o(i.Bsp_canInit) for Bsp_canInit
    main.o(i.main) refers to delay.o(i.delay_init) for delay_init
    main.o(i.main) refers to remote_control.o(i.remote_control_init) for remote_control_init
    main.o(i.main) refers to shoot_task.o(i.shoot_init) for shoot_init
[...]
    _printf_o                                0x00000000   Number         0  stubs.o ABSOLUTE
    _printf_p                                0x00000000   Number         0  stubs.o ABSOLUTE
    _printf_percent                          0x00000000   Number         0  stubs.o ABSOLUTE
    _printf_pre_padding                      0x00000000   Number         0  stubs.o ABSOLUTE
    _printf_return_value                     0x00000000   Number         0  stubs.o ABSOLUTE
    _printf_s                                0x00000000   Number         0  stubs.o ABSOLUTE
    _printf_sizespec                         0x00000000   Number         0  stubs.o ABSOLUTE
    _printf_str                              0x00000000   Number         0  stubs.o ABSOLUTE
    _printf_truncate_signed                  0x00000000   Number         0  stubs.o ABSOLUTE
    _printf_truncate_unsigned                0x00000000   Number         0  stubs.o ABSOLUTE
    _printf_u                                0x00000000   Number         0  stubs.o ABSOLUTE
    _printf_wc                               0x00000000   Number         0  stubs.o ABSOLUTE
    _printf_wctomb                           0x00000000   Number         0  stubs.o ABSOLUTE
    _printf_widthprec                        0x00000000   Number         0  stubs.o ABSOLUTE
    _printf_x                                0x00000000   Number         0  stubs.o ABSOLUTE
    __cpp_initialize__aeabi_                  - Undefined Weak Reference
    __cxa_finalize                            - Undefined Weak Reference
    _clock_init                               - Undefined Weak Reference
    _microlib_exit                            - Undefined Weak Reference
    __Vectors_Size                           0x00000188   Number         0  startup_stm32f407xx.o ABSOLUTE
    __Vectors                                0x08000000   Data           4  startup_stm32f407xx.o(RESET)
    __Vectors_End                            0x08000188   Data           0  startup_stm32f407xx.o(RESET)
    __main                                   0x08000189   Thumb Code     0  entry.o(.ARM.Collect$$$$00000000)
    _main_stk                                0x08000189   Thumb Code     0  entry2.o(.ARM.Collect$$$$00000001)
    _main_scatterload                        0x0800018d   Thumb Code     0  entry5.o(.ARM.Collect$$$$00000004)
    __main_after_scatterload                 0x08000191   Thumb Code     0  entry5.o(.ARM.Collect$$$$00000004)
    _main_clock                              0x08000191   Thumb Code     0  entry7b.o(.ARM.Collect$$$$00000008)
    _main_cpp_init                           0x08000191   Thumb Code     0  entry8b.o(.ARM.Collect$$$$0000000A)
    _main_init                               0x08000191   Thumb Code     0  entry9a.o(.ARM.Collect$$$$0000000B)
    __rt_final_cpp                           0x08000199   Thumb Code     0  entry10a.o(.ARM.Collect$$$$0000000D)
    __rt_final_exit                          0x08000199   Thumb Code     0  entry11a.o(.ARM.Collect$$$$0000000F)
    Reset_Handler                            0x0800019d   Thumb Code     8  startup_stm32f407xx.o(.text)
    ADC_IRQHandler                           0x080001b7   Thumb Code     0  startup_stm32f407xx.o(.text)
    CAN1_RX1_IRQHandler                      0x080001b7   Thumb Code     0  startup_stm32f407xx.o(.text)
    CAN1_SCE_IRQHandler                      0x080001b7   Thumb Code     0  startup_stm32f407xx.o(.text)
    CAN2_RX1_IRQHandler                      0x080001b7   Thumb Code     0  startup_stm32f407xx.o(.text)
    CAN2_SCE_IRQHandler                      0x080001b7   Thumb Code     0  startup_stm32f407xx.o(.text)
    CAN2_TX_IRQHandler                       0x080001b7   Thumb Code     0  startup_stm32f407xx.o(.text)
    DCMI_IRQHandler                          0x080001b7   Thumb Code     0  startup_stm32f407xx.o(.text)
    DMA1_Stream0_IRQHandler                  0x080001b7   Thumb Code     0  startup_stm32f407xx.o(.text)
    DMA1_Stream2_IRQHandler                  0x080001b7   Thumb Code     0  startup_stm32f407xx.o(.text)
    DMA1_Stream3_IRQHandler                  0x080001b7   Thumb Code     0  startup_stm32f407xx.o(.text)
    DMA1_Stream4_IRQHandler                  0x080001b7   Thumb Code     0  startup_stm32f407xx.o(.text)
    DMA1_Stream5_IRQHandler                  0x080001b7   Thumb Code     0  startup_stm32f407xx.o(.text)
    DMA1_Stream6_IRQHandler                  0x080001b7   Thumb Code     0  startup_stm32f407xx.o(.text)
    DMA1_Stream7_IRQHandler                  0x080001b7   Thumb Code     0  startup_stm32f407xx.o(.text)
    DMA2_Stream0_IRQHandler                  0x080001b7   Thumb Code     0  startup_stm32f407xx.o(.text)
    DMA2_Stream1_IRQHandler                  0x080001b7   Thumb Code     0  startup_stm32f407xx.o(.text)
    DMA2_Stream4_IRQHandler                  0x080001b7   Thumb Code     0  startup_stm32f407xx.o(.text)
    DMA2_Stream5_IRQHandler                  0x080001b7   Thumb Code     0  startup_stm32f407xx.o(.text)
    DMA2_Stream6_IRQHandler                  0x080001b7   Thumb Code     0  startup_stm32f407xx.o(.text)
    DMA2_Stream7_IRQHandler                  0x080001b7   Thumb Code     0  startup_stm32f407xx.o(.text)
    ETH_IRQHandler                           0x080001b7   Thumb Code     0  startup_stm32f407xx.o(.text)
    ETH_WKUP_IRQHandler                      0x080001b7   Thumb Code     0  startup_stm32f407xx.o(.text)
    EXTI15_10_IRQHandler                     0x080001b7   Thumb Code     0  startup_stm32f407xx.o(.text)
    EXTI1_IRQHandler                         0x080001b7   Thumb Code     0  startup_stm32f407xx.o(.text)
    EXTI2_IRQHandler                         0x080001b7   Thumb Code     0  startup_stm32f407xx.o(.text)
    FLASH_IRQHandler                         0x080001b7   Thumb Code     0  startup_stm32f407xx.o(.text)
    FMC_IRQHandler                           0x080001b7   Thumb Code     0  startup_stm32f407xx.o(.text)
    FPU_IRQHandler                           0x080001b7   Thumb Code     0  startup_stm32f407xx.o(.text)
    HASH_RNG_IRQHandler                      0x080001b7   Thumb Code     0  startup_stm32f407xx.o(.text)
    I2C1_ER_IRQHandler                       0x080001b7   Thumb Code     0  startup_stm32f407xx.o(.text)
    I2C1_EV_IRQHandler                       0x080001b7   Thumb Code     0  startup_stm32f407xx.o(.text)
    I2C2_ER_IRQHandler                       0x080001b7   Thumb Code     0  startup_stm32f407xx.o(.text)
    I2C2_EV_IRQHandler                       0x080001b7   Thumb Code     0  startup_stm32f407xx.o(.text)
    I2C3_ER_IRQHandler                       0x080001b7   Thumb Code     0  startup_stm32f407xx.o(.text)
    I2C3_EV_IRQHandler                       0x080001b7   Thumb Code     0  startup_stm32f407xx.o(.text)
    OTG_FS_IRQHandler                        0x080001b7   Thumb Code     0  startup_stm32f407xx.o(.text)
    OTG_FS_WKUP_IRQHandler                   0x080001b7   Thumb Code     0  startup_stm32f407xx.o(.text)
    OTG_HS_EP1_IN_IRQHandler                 0x080001b7   Thumb Code     0  startup_stm32f407xx.o(.text)
    OTG_HS_EP1_OUT_IRQHandler                0x080001b7   Thumb Code     0  startup_stm32f407xx.o(.text)
    OTG_HS_IRQHandler                        0x080001b7   Thumb Code     0  startup_stm32f407xx.o(.text)
    OTG_HS_WKUP_IRQHandler                   0x080001b7   Thumb Code     0  startup_stm32f407xx.o(.text)
    PVD_IRQHandler                           0x080001b7   Thumb Code     0  startup_stm32f407xx.o(.text)
    RCC_IRQHandler                           0x080001b7   Thumb Code     0  startup_stm32f407xx.o(.text)
    RTC_Alarm_IRQHandler                     0x080001b7   Thumb Code     0  startup_stm32f407xx.o(.text)
    RTC_WKUP_IRQHandler                      0x080001b7   Thumb Code     0  startup_stm32f407xx.o(.text)
    SDIO_IRQHandler                          0x080001b7   Thumb Code     0  startup_stm32f407xx.o(.text)
    SPI1_IRQHandler                          0x080001b7   Thumb Code     0  startup_stm32f407xx.o(.text)
    SPI2_IRQHandler                          0x080001b7   Thumb Code     0  startup_stm32f407xx.o(.text)
    SPI3_IRQHandler                          0x080001b7   Thumb Code     0  startup_stm32f407xx.o(.text)
    TAMP_STAMP_IRQHandler                    0x080001b7   Thumb Code     0  startup_stm32f407xx.o(.text)
    TIM1_BRK_TIM9_IRQHandler                 0x080001b7   Thumb Code     0  startup_stm32f407xx.o(.text)
    TIM1_CC_IRQHandler                       0x080001b7   Thumb Code     0  startup_stm32f407xx.o(.text)
    TIM1_TRG_COM_TIM11_IRQHandler            0x080001b7   Thumb Code     0  startup_stm32f407xx.o(.text)
    TIM1_UP_TIM10_IRQHandler                 0x080001b7   Thumb Code     0  startup_stm32f407xx.o(.text)
    TIM2_IRQHandler                          0x080001b7   Thumb Code     0  startup_stm32f407xx.o(.text)
    TIM4_IRQHandler                          0x080001b7   Thumb Code     0  startup_stm32f407xx.o(.text)
    TIM5_IRQHandler                          0x080001b7   Thumb Code     0  startup_stm32f407xx.o(.text)
    TIM6_DAC_IRQHandler                      0x080001b7   Thumb Code     0  startup_stm32f407xx.o(.text)
    TIM7_IRQHandler                          0x080001b7   Thumb Code     0  startup_stm32f407xx.o(.text)
    TIM8_BRK_TIM12_IRQHandler                0x080001b7   Thumb Code     0  startup_stm32f407xx.o(.text)
    TIM8_CC_IRQHandler                       0x080001b7   Thumb Code     0  startup_stm32f407xx.o(.text)
    TIM8_TRG_COM_TIM14_IRQHandler            0x080001b7   Thumb Code     0  startup_stm32f407xx.o(.text)
    TIM8_UP_TIM13_IRQHandler                 0x080001b7   Thumb Code     0  startup_stm32f407xx.o(.text)
    UART4_IRQHandler                         0x080001b7   Thumb Code     0  startup_stm32f407xx.o(.text)
    UART5_IRQHandler                         0x080001b7   Thumb Code     0  startup_stm32f407xx.o(.text)
    WWDG_IRQHandler                          0x080001b7   Thumb Code     0  startup_stm32f407xx.o(.text)
    __aeabi_uldivmod                         0x080001c1   Thumb Code    98  uldiv.o(.text)
    __aeabi_memset                           0x08000223   Thumb Code    14  memseta.o(.text)
    __aeabi_memset4                          0x08000223   Thumb Code     0  memseta.o(.text)
    __aeabi_memset8                          0x08000223   Thumb Code     0  memseta.o(.text)
    __aeabi_memclr                           0x08000231   Thumb Code     4  memseta.o(.text)
    __aeabi_memclr4                          0x08000231   Thumb Code     0  memseta.o(.text)
    __aeabi_memclr8                          0x08000231   Thumb Code     0  memseta.o(.text)
    _memset$wrapper                          0x08000235   Thumb Code    18  memseta.o(.text)
    __aeabi_f2d                              0x08000247   Thumb Code    38  f2d.o(.text)
    __aeabi_d2f                              0x0800026d   Thumb Code    56  d2f.o(.text)
    __aeabi_llsl                             0x080002a5   Thumb Code    30  llshl.o(.text)
    _ll_shift_l                              0x080002a5   Thumb Code     0  llshl.o(.text)
    __aeabi_llsr                             0x080002c3   Thumb Code    32  llushr.o(.text)
    _ll_ushift_r                             0x080002c3   Thumb Code     0  llushr.o(.text)
    __I$use$fp                               0x080002e3   Thumb Code     0  iusefp.o(.text)
    _float_round                             0x080002e3   Thumb Code    18  fepilogue.o(.text)
    _float_epilogue                          0x080002f5   Thumb Code    92  fepilogue.o(.text)
    _double_round                            0x08000351   Thumb Code    30  depilogue.o(.text)
    _double_epilogue                         0x0800036f   Thumb Code   156  depilogue.o(.text)
    _dsqrt                                   0x0800040b   Thumb Code   162  dsqrt.o(.text)
    __scatterload                            0x080004ad   Thumb Code    28  init.o(.text)
    __scatterload_rt2                        0x080004ad   Thumb Code     0  init.o(.text)
    __decompress                             0x080004d1   Thumb Code     0  __dczerorl2.o(.text)
    __decompress1                            0x080004d1   Thumb Code    86  __dczerorl2.o(.text)
    AHRS_init                                0x08000529   Thumb Code    26  bsp_imu.o(i.AHRS_init)
    AHRS_update                              0x08000549   Thumb Code    24  bsp_imu.o(i.AHRS_update)
    BMI088_ACCEL_NS_H                        0x08000565   Thumb Code    10  bmi088middleware.o(i.BMI088_ACCEL_NS_H)
    BMI088_ACCEL_NS_L                        0x08000575   Thumb Code    10  bmi088middleware.o(i.BMI088_ACCEL_NS_L)
    BMI088_GPIO_init                         0x08000585   Thumb Code     2  bmi088middleware.o(i.BMI088_GPIO_init)
    BMI088_GYRO_NS_H                         0x08000589   Thumb Code    10  bmi088middleware.o(i.BMI088_GYRO_NS_H)
    BMI088_GYRO_NS_L                         0x08000599   Thumb Code    10  bmi088middleware.o(i.BMI088_GYRO_NS_L)
    BMI088_accel_read_over                   0x080005a9   Thumb Code   120  bmi088driver.o(i.BMI088_accel_read_over)
    BMI088_com_init                          0x08000629   Thumb Code     2  bmi088middleware.o(i.BMI088_com_init)
    BMI088_delay_ms                          0x0800062b   Thumb Code     4  bmi088middleware.o(i.BMI088_delay_ms)
    BMI088_delay_us                          0x0800062f   Thumb Code     4  bmi088middleware.o(i.BMI088_delay_us)
    BMI088_gyro_read_over                    0x08000635   Thumb Code    92  bmi088driver.o(i.BMI088_gyro_read_over)
    BMI088_init                              0x08000695   Thumb Code    46  bmi088driver.o(i.BMI088_init)
    BMI088_read                              0x080006c5   Thumb Code   340  bmi088driver.o(i.BMI088_read)
    BMI088_read_write_byte                   0x08000859   Thumb Code    28  bmi088middleware.o(i.BMI088_read_write_byte)
    BMI088_temperature_read_over             0x08000879   Thumb Code    46  bmi088driver.o(i.BMI088_temperature_read_over)
    Bsp_canInit                              0x080008b9   Thumb Code    86  bsp_can.o(i.Bsp_canInit)
    BusFault_Handler                         0x08000919   Thumb Code     2  stm32f4xx_it.o(i.BusFault_Handler)
    Buzzer_Task                              0x0800091b   Thumb Code    10  buzzer_task.o(i.Buzzer_Task)
    CAN1_RX0_IRQHandler                      0x08000925   Thumb Code     6  stm32f4xx_it.o(i.CAN1_RX0_IRQHandler)
    CAN1_TX_IRQHandler                       0x08000931   Thumb Code     6  stm32f4xx_it.o(i.CAN1_TX_IRQHandler)
    CAN2_RX0_IRQHandler                      0x0800093d   Thumb Code     6  stm32f4xx_it.o(i.CAN2_RX0_IRQHandler)
    DMA1_Stream1_IRQHandler                  0x08000949   Thumb Code     6  stm32f4xx_it.o(i.DMA1_Stream1_IRQHandler)
    DMA2_Stream2_IRQHandler                  0x08000955   Thumb Code   690  bsp_imu.o(i.DMA2_Stream2_IRQHandler)
    DMA2_Stream3_IRQHandler                  0x08000c29   Thumb Code     6  stm32f4xx_it.o(i.DMA2_Stream3_IRQHandler)
    DMA_Send                                 0x08000ce9   Thumb Code   122  bsp_uart.o(i.DMA_Send)
    DebugMon_Handler                         0x08000db5   Thumb Code     2  stm32f4xx_it.o(i.DebugMon_Handler)
    EXTI0_IRQHandler                         0x08000db7   Thumb Code     6  stm32f4xx_it.o(i.EXTI0_IRQHandler)
    EXTI3_IRQHandler                         0x08000dbd   Thumb Code     6  stm32f4xx_it.o(i.EXTI3_IRQHandler)
    EXTI4_IRQHandler                         0x08000dc3   Thumb Code     6  stm32f4xx_it.o(i.EXTI4_IRQHandler)
    EXTI9_5_IRQHandler                       0x08000dc9   Thumb Code     6  stm32f4xx_it.o(i.EXTI9_5_IRQHandler)
    Error_Handler                            0x08000dcf   Thumb Code     2  main.o(i.Error_Handler)
    Get_Pitch_Motor_SingleRound_Angle        0x08001211   Thumb Code    22  lk_pitch_turn.o(i.Get_Pitch_Motor_SingleRound_Angle)
    Gimbal_Init                              0x0800122d   Thumb Code   114  gimbal_task.o(i.Gimbal_Init)
    Gimbal_Task                              0x080012b1   Thumb Code   132  gimbal_task.o(i.Gimbal_Task)
    HAL_CAN_ActivateNotification             0x08001351   Thumb Code    36  stm32f4xx_hal_can.o(i.HAL_CAN_ActivateNotification)
    HAL_CAN_AddTxMessage                     0x08001375   Thumb Code   260  stm32f4xx_hal_can.o(i.HAL_CAN_AddTxMessage)
    HAL_CAN_ConfigFilter                     0x08001479   Thumb Code   290  stm32f4xx_hal_can.o(i.HAL_CAN_ConfigFilter)
    HAL_CAN_ErrorCallback                    0x080015a1   Thumb Code     2  stm32f4xx_hal_can.o(i.HAL_CAN_ErrorCallback)
    HAL_CAN_GetRxMessage                     0x080015a3   Thumb Code   364  stm32f4xx_hal_can.o(i.HAL_CAN_GetRxMessage)
    HAL_CAN_IRQHandler                       0x0800170f   Thumb Code   564  stm32f4xx_hal_can.o(i.HAL_CAN_IRQHandler)
    HAL_CAN_Init                             0x08001943   Thumb Code   360  stm32f4xx_hal_can.o(i.HAL_CAN_Init)
    HAL_CAN_MspInit                          0x08001aad   Thumb Code   242  can.o(i.HAL_CAN_MspInit)
    HAL_CAN_RxFifo0FullCallback              0x08001bb9   Thumb Code     2  stm32f4xx_hal_can.o(i.HAL_CAN_RxFifo0FullCallback)
    HAL_CAN_RxFifo0MsgPendingCallback        0x08001bbd   Thumb Code   296  can_receive.o(i.HAL_CAN_RxFifo0MsgPendingCallback)
    HAL_CAN_RxFifo1FullCallback              0x08001d01   Thumb Code     2  stm32f4xx_hal_can.o(i.HAL_CAN_RxFifo1FullCallback)
    HAL_CAN_RxFifo1MsgPendingCallback        0x08001d03   Thumb Code     2  stm32f4xx_hal_can.o(i.HAL_CAN_RxFifo1MsgPendingCallback)
    HAL_CAN_SleepCallback                    0x08001d05   Thumb Code     2  stm32f4xx_hal_can.o(i.HAL_CAN_SleepCallback)
    HAL_CAN_Start                            0x08001d07   Thumb Code   100  stm32f4xx_hal_can.o(i.HAL_CAN_Start)
    HAL_CAN_TxMailbox0AbortCallback          0x08001d6b   Thumb Code     2  stm32f4xx_hal_can.o(i.HAL_CAN_TxMailbox0AbortCallback)
    HAL_CAN_TxMailbox0CompleteCallback       0x08001d6d   Thumb Code     2  stm32f4xx_hal_can.o(i.HAL_CAN_TxMailbox0CompleteCallback)
    HAL_CAN_TxMailbox1AbortCallback          0x08001d6f   Thumb Code     2  stm32f4xx_hal_can.o(i.HAL_CAN_TxMailbox1AbortCallback)
    HAL_CAN_TxMailbox1CompleteCallback       0x08001d71   Thumb Code     2  stm32f4xx_hal_can.o(i.HAL_CAN_TxMailbox1CompleteCallback)
    HAL_CAN_TxMailbox2AbortCallback          0x08001d73   Thumb Code     2  stm32f4xx_hal_can.o(i.HAL_CAN_TxMailbox2AbortCallback)
    HAL_CAN_TxMailbox2CompleteCallback       0x08001d75   Thumb Code     2  stm32f4xx_hal_can.o(i.HAL_CAN_TxMailbox2CompleteCallback)
    HAL_CAN_WakeUpFromRxMsgCallback          0x08001d77   Thumb Code     2  stm32f4xx_hal_can.o(i.HAL_CAN_WakeUpFromRxMsgCallback)
    HAL_DMA_Abort                            0x08001d79   Thumb Code   162  stm32f4xx_hal_dma.o(i.HAL_DMA_Abort)
    HAL_DMA_Abort_IT                         0x08001e1b   Thumb Code    36  stm32f4xx_hal_dma.o(i.HAL_DMA_Abort_IT)
    HAL_DMA_IRQHandler                       0x08001e41   Thumb Code   488  stm32f4xx_hal_dma.o(i.HAL_DMA_IRQHandler)
    HAL_DMA_Init                             0x0800202d   Thumb Code   230  stm32f4xx_hal_dma.o(i.HAL_DMA_Init)
    HAL_DMA_Start_IT                         0x08002119   Thumb Code   112  stm32f4xx_hal_dma.o(i.HAL_DMA_Start_IT)
    HAL_GPIO_EXTI_Callback                   0x08002189   Thumb Code    92  bsp_imu.o(i.HAL_GPIO_EXTI_Callback)
    HAL_GPIO_EXTI_IRQHandler                 0x080021ed   Thumb Code    18  stm32f4xx_hal_gpio.o(i.HAL_GPIO_EXTI_IRQHandler)
    HAL_GPIO_Init                            0x08002205   Thumb Code   538  stm32f4xx_hal_gpio.o(i.HAL_GPIO_Init)
    HAL_GPIO_WritePin                        0x08002431   Thumb Code    14  stm32f4xx_hal_gpio.o(i.HAL_GPIO_WritePin)
    HAL_GetTick                              0x08002441   Thumb Code     6  stm32f4xx_hal.o(i.HAL_GetTick)
    HAL_I2C_Init                             0x0800244d   Thumb Code   410  stm32f4xx_hal_i2c.o(i.HAL_I2C_Init)
    HAL_I2C_Mem_Read                         0x080025f9   Thumb Code   692  stm32f4xx_hal_i2c.o(i.HAL_I2C_Mem_Read)
    HAL_I2C_MspInit                          0x080028b9   Thumb Code   118  i2c.o(i.HAL_I2C_MspInit)
    HAL_IncTick                              0x08002941   Thumb Code    12  stm32f4xx_hal.o(i.HAL_IncTick)
    HAL_Init                                 0x08002951   Thumb Code    48  stm32f4xx_hal.o(i.HAL_Init)
    HAL_InitTick                             0x08002985   Thumb Code    58  stm32f4xx_hal.o(i.HAL_InitTick)
    HAL_MspInit                              0x080029c9   Thumb Code    60  stm32f4xx_hal_msp.o(i.HAL_MspInit)
    HAL_NVIC_EnableIRQ                       0x08002a09   Thumb Code    28  stm32f4xx_hal_cortex.o(i.HAL_NVIC_EnableIRQ)
    HAL_NVIC_SetPriority                     0x08002a25   Thumb Code    98  stm32f4xx_hal_cortex.o(i.HAL_NVIC_SetPriority)
    HAL_NVIC_SetPriorityGrouping             0x08002a8d   Thumb Code    30  stm32f4xx_hal_cortex.o(i.HAL_NVIC_SetPriorityGrouping)
    HAL_RCC_ClockConfig                      0x08002ab1   Thumb Code   354  stm32f4xx_hal_rcc.o(i.HAL_RCC_ClockConfig)
    HAL_RCC_GetHCLKFreq                      0x08002c2d   Thumb Code     6  stm32f4xx_hal_rcc.o(i.HAL_RCC_GetHCLKFreq)
    HAL_RCC_GetPCLK1Freq                     0x08002c39   Thumb Code    22  stm32f4xx_hal_rcc.o(i.HAL_RCC_GetPCLK1Freq)
    HAL_RCC_GetPCLK2Freq                     0x08002c59   Thumb Code    22  stm32f4xx_hal_rcc.o(i.HAL_RCC_GetPCLK2Freq)
    HAL_RCC_GetSysClockFreq                  0x08002c79   Thumb Code    94  stm32f4xx_hal_rcc.o(i.HAL_RCC_GetSysClockFreq)
    HAL_RCC_OscConfig                        0x08002ce9   Thumb Code  1154  stm32f4xx_hal_rcc.o(i.HAL_RCC_OscConfig)
    HAL_SPI_Init                             0x0800316b   Thumb Code   190  stm32f4xx_hal_spi.o(i.HAL_SPI_Init)
    HAL_SPI_MspInit                          0x08003229   Thumb Code   226  spi.o(i.HAL_SPI_MspInit)
    HAL_SPI_TransmitReceive                  0x08003325   Thumb Code   504  stm32f4xx_hal_spi.o(i.HAL_SPI_TransmitReceive)
    HAL_SYSTICK_Config                       0x0800351d   Thumb Code    36  stm32f4xx_hal_cortex.o(i.HAL_SYSTICK_Config)
    HAL_TIMEx_BreakCallback                  0x08003545   Thumb Code     2  stm32f4xx_hal_tim_ex.o(i.HAL_TIMEx_BreakCallback)
    HAL_TIMEx_CommutCallback                 0x08003547   Thumb Code     2  stm32f4xx_hal_tim_ex.o(i.HAL_TIMEx_CommutCallback)
    HAL_TIMEx_MasterConfigSynchronization    0x08003549   Thumb Code   154  stm32f4xx_hal_tim_ex.o(i.HAL_TIMEx_MasterConfigSynchronization)
    HAL_TIM_Base_Init                        0x080035e3   Thumb Code    92  stm32f4xx_hal_tim.o(i.HAL_TIM_Base_Init)
    HAL_TIM_Base_MspInit                     0x08003641   Thumb Code   120  tim.o(i.HAL_TIM_Base_MspInit)
    HAL_TIM_Base_Start_IT                    0x080036cd   Thumb Code   138  stm32f4xx_hal_tim.o(i.HAL_TIM_Base_Start_IT)
    HAL_TIM_ConfigClockSource                0x08003757   Thumb Code   234  stm32f4xx_hal_tim.o(i.HAL_TIM_ConfigClockSource)
    HAL_TIM_IC_CaptureCallback               0x08003841   Thumb Code     2  stm32f4xx_hal_tim.o(i.HAL_TIM_IC_CaptureCallback)
    HAL_TIM_IRQHandler                       0x08003843   Thumb Code   372  stm32f4xx_hal_tim.o(i.HAL_TIM_IRQHandler)
    HAL_TIM_MspPostInit                      0x080039b9   Thumb Code   110  tim.o(i.HAL_TIM_MspPostInit)
    HAL_TIM_OC_DelayElapsedCallback          0x08003a3d   Thumb Code     2  stm32f4xx_hal_tim.o(i.HAL_TIM_OC_DelayElapsedCallback)
    HAL_TIM_PWM_ConfigChannel                0x08003a3f   Thumb Code   216  stm32f4xx_hal_tim.o(i.HAL_TIM_PWM_ConfigChannel)
    HAL_TIM_PWM_Init                         0x08003b17   Thumb Code    92  stm32f4xx_hal_tim.o(i.HAL_TIM_PWM_Init)
    HAL_TIM_PWM_MspInit                      0x08003b73   Thumb Code     2  stm32f4xx_hal_tim.o(i.HAL_TIM_PWM_MspInit)
    HAL_TIM_PWM_PulseFinishedCallback        0x08003b75   Thumb Code     2  stm32f4xx_hal_tim.o(i.HAL_TIM_PWM_PulseFinishedCallback)
    HAL_TIM_PWM_Start                        0x08003b79   Thumb Code   210  stm32f4xx_hal_tim.o(i.HAL_TIM_PWM_Start)
    HAL_TIM_PeriodElapsedCallback            0x08003c55   Thumb Code   272  tim3_cnt_task.o(i.HAL_TIM_PeriodElapsedCallback)
    HAL_TIM_TriggerCallback                  0x08003d79   Thumb Code     2  stm32f4xx_hal_tim.o(i.HAL_TIM_TriggerCallback)
    HAL_UARTEx_RxEventCallback               0x08003d7b   Thumb Code     2  stm32f4xx_hal_uart.o(i.HAL_UARTEx_RxEventCallback)
    HAL_UART_DMAStop                         0x08003d7d   Thumb Code   112  stm32f4xx_hal_uart.o(i.HAL_UART_DMAStop)
    HAL_UART_ErrorCallback                   0x08003ded   Thumb Code     2  stm32f4xx_hal_uart.o(i.HAL_UART_ErrorCallback)
    HAL_UART_IRQHandler                      0x08003df1   Thumb Code   604  stm32f4xx_hal_uart.o(i.HAL_UART_IRQHandler)
    HAL_UART_Init                            0x08004051   Thumb Code   100  stm32f4xx_hal_uart.o(i.HAL_UART_Init)
    HAL_UART_MspInit                         0x080040b5   Thumb Code   470  usart.o(i.HAL_UART_MspInit)
    HAL_UART_Receive_DMA                     0x080042bd   Thumb Code    46  stm32f4xx_hal_uart.o(i.HAL_UART_Receive_DMA)
    HAL_UART_RxCpltCallback                  0x080042eb   Thumb Code     2  stm32f4xx_hal_uart.o(i.HAL_UART_RxCpltCallback)
    HAL_UART_RxHalfCpltCallback              0x080042ed   Thumb Code     2  stm32f4xx_hal_uart.o(i.HAL_UART_RxHalfCpltCallback)
    HAL_UART_Transmit                        0x080042ef   Thumb Code   202  stm32f4xx_hal_uart.o(i.HAL_UART_Transmit)
    HAL_UART_TxCpltCallback                  0x080043b9   Thumb Code     2  stm32f4xx_hal_uart.o(i.HAL_UART_TxCpltCallback)
    HardFault_Handler                        0x080043bb   Thumb Code     2  stm32f4xx_it.o(i.HardFault_Handler)
    IMU_Init                                 0x080047a1   Thumb Code   180  bsp_imu.o(i.IMU_Init)
    INS_task                                 0x08004865   Thumb Code   402  bsp_imu.o(i.INS_task)
    MX_CAN1_Init                             0x08004a1d   Thumb Code    60  can.o(i.MX_CAN1_Init)
    MX_CAN2_Init                             0x08004a61   Thumb Code    62  can.o(i.MX_CAN2_Init)
    MX_DMA_Init                              0x08004aa9   Thumb Code    88  dma.o(i.MX_DMA_Init)
    MX_GPIO_Init                             0x08004b05   Thumb Code   330  gpio.o(i.MX_GPIO_Init)
    MX_I2C3_Init                             0x08004c65   Thumb Code    50  i2c.o(i.MX_I2C3_Init)
    MX_SPI1_Init                             0x08004ca5   Thumb Code    64  spi.o(i.MX_SPI1_Init)
    MX_TIM10_Init                            0x08004ced   Thumb Code    92  tim.o(i.MX_TIM10_Init)
    MX_TIM3_Init                             0x08004d51   Thumb Code    96  tim.o(i.MX_TIM3_Init)
    MX_TIM4_Init                             0x08004db9   Thumb Code   142  tim.o(i.MX_TIM4_Init)
    MX_TIM6_Init                             0x08004e51   Thumb Code    62  tim.o(i.MX_TIM6_Init)
    MX_USART1_UART_Init                      0x08004e99   Thumb Code    46  usart.o(i.MX_USART1_UART_Init)
    MX_USART2_UART_Init                      0x08004ed5   Thumb Code    46  usart.o(i.MX_USART2_UART_Init)
    MX_USART3_UART_Init                      0x08004f11   Thumb Code    46  usart.o(i.MX_USART3_UART_Init)
    MX_USART6_UART_Init                      0x08004f4d   Thumb Code    48  usart.o(i.MX_USART6_UART_Init)
    MahonyAHRSupdate                         0x08004f85   Thumb Code   834  mahonyahrs.o(i.MahonyAHRSupdate)
    MahonyAHRSupdateIMU                      0x080052d9   Thumb Code   466  mahonyahrs.o(i.MahonyAHRSupdateIMU)
    MemManage_Handler                        0x080054bd   Thumb Code     2  stm32f4xx_it.o(i.MemManage_Handler)
    NMI_Handler                              0x080054bf   Thumb Code     2  stm32f4xx_it.o(i.NMI_Handler)
    PID_Calc                                 0x080054c1   Thumb Code   202  pid.o(i.PID_Calc)
    PID_Init                                 0x08005595   Thumb Code   102  pid.o(i.PID_Init)
    PendSV_Handler                           0x08005601   Thumb Code     2  stm32f4xx_it.o(i.PendSV_Handler)
    Pitch_Gyro_PID                           0x08005605   Thumb Code    16  gimbal_task.o(i.Pitch_Gyro_PID)
    Power_On_Beep                            0x08005619   Thumb Code   140  buzzer_task.o(i.Power_On_Beep)
    RC_data_is_error                         0x080056a9   Thumb Code   102  remote_control.o(i.RC_data_is_error)
    SPI1_DMA_enable                          0x080057f5   Thumb Code  4706  bsp_spi.o(i.SPI1_DMA_enable)
    SPI1_DMA_init                            0x08006a69   Thumb Code   216  bsp_spi.o(i.SPI1_DMA_init)
    SVC_Handler                              0x08006c95   Thumb Code     2  stm32f4xx_it.o(i.SVC_Handler)
    Send_Pitch_Motor_Add_Angle               0x08006c99   Thumb Code    92  lk_pitch_turn.o(i.Send_Pitch_Motor_Add_Angle)
    Send_Pitch_Motor_Shutdown_Instruction    0x08006cfd   Thumb Code    36  lk_pitch_turn.o(i.Send_Pitch_Motor_Shutdown_Instruction)
    Send_Pitch_Motor_Start_Instruction       0x08006d25   Thumb Code    36  lk_pitch_turn.o(i.Send_Pitch_Motor_Start_Instruction)
    SysTick_Handler                          0x08006d4d   Thumb Code     4  stm32f4xx_it.o(i.SysTick_Handler)
    SystemClock_Config                       0x08006d51   Thumb Code   124  main.o(i.SystemClock_Config)
    SystemInit                               0x08006dd5   Thumb Code    64  system_stm32f4xx.o(i.SystemInit)
    TIM3_IRQHandler                          0x08006e2d   Thumb Code     6  stm32f4xx_it.o(i.TIM3_IRQHandler)
    TIM_Base_SetConfig                       0x08006e39   Thumb Code   182  stm32f4xx_hal_tim.o(i.TIM_Base_SetConfig)
    TIM_CCxChannelCmd                        0x08006f05   Thumb Code    30  stm32f4xx_hal_tim.o(i.TIM_CCxChannelCmd)
    TIM_ETR_SetConfig                        0x08006f23   Thumb Code    22  stm32f4xx_hal_tim.o(i.TIM_ETR_SetConfig)
    TIM_OC2_SetConfig                        0x08006fb9   Thumb Code   112  stm32f4xx_hal_tim.o(i.TIM_OC2_SetConfig)
    UART_Start_Receive_DMA                   0x0800748d   Thumb Code   138  stm32f4xx_hal_uart.o(i.UART_Start_Receive_DMA)
    USART1_IRQHandler                        0x08007611   Thumb Code   172  bsp_uart.o(i.USART1_IRQHandler)
    USART2_IRQHandler                        0x080076d5   Thumb Code     6  stm32f4xx_it.o(i.USART2_IRQHandler)
    USART3_IRQHandler                        0x080076e1   Thumb Code   178  remote_control.o(i.USART3_IRQHandler)
    USART6_IRQHandler                        0x080077ad   Thumb Code     6  stm32f4xx_it.o(i.USART6_IRQHandler)
    UsageFault_Handler                       0x080077b9   Thumb Code     2  stm32f4xx_it.o(i.UsageFault_Handler)
    Vision_Task                              0x080077bd   Thumb Code   152  vision_task.o(i.Vision_Task)
    Yaw_Angle_Process                        0x080078e1   Thumb Code   148  can_receive.o(i.Yaw_Angle_Process)
    __ARM_fpclassifyf                        0x08007a0d   Thumb Code    38  fpclassifyf.o(i.__ARM_fpclassifyf)
    __hardfp_asinf                           0x08007a35   Thumb Code   258  asinf.o(i.__hardfp_asinf)
    __hardfp_atan2f                          0x08007b61   Thumb Code   502  atan2f.o(i.__hardfp_atan2f)
    __hardfp_sqrt                            0x08007db1   Thumb Code   122  sqrt.o(i.__hardfp_sqrt)
    __mathlib_flt_infnan                     0x08007e2b   Thumb Code     6  funder.o(i.__mathlib_flt_infnan)
    __mathlib_flt_infnan2                    0x08007e31   Thumb Code     6  funder.o(i.__mathlib_flt_infnan2)
    __mathlib_flt_invalid                    0x08007e39   Thumb Code    10  funder.o(i.__mathlib_flt_invalid)
    __mathlib_flt_underflow                  0x08007e49   Thumb Code    10  funder.o(i.__mathlib_flt_underflow)
    __scatterload_copy                       0x08007e59   Thumb Code    14  handlers.o(i.__scatterload_copy)
    __scatterload_null                       0x08007e67   Thumb Code     2  handlers.o(i.__scatterload_null)
    __scatterload_zeroinit                   0x08007e69   Thumb Code    14  handlers.o(i.__scatterload_zeroinit)
    __set_errno                              0x08007e79   Thumb Code     6  errno.o(i.__set_errno)
    bmi088_accel_init                        0x08007e85   Thumb Code   292  bmi088driver.o(i.bmi088_accel_init)
    bmi088_accel_self_test                   0x08007fad   Thumb Code   698  bmi088driver.o(i.bmi088_accel_self_test)
    bmi088_gyro_init                         0x0800826d   Thumb Code   214  bmi088driver.o(i.bmi088_gyro_init)
    bmi088_gyro_self_test                    0x08008349   Thumb Code   202  bmi088driver.o(i.bmi088_gyro_self_test)
    buzzer_off                               0x08008415   Thumb Code    10  buzzer.o(i.buzzer_off)
    buzzer_on                                0x08008425   Thumb Code    12  buzzer.o(i.buzzer_on)
    canTX_Invert_Flag                        0x08008435   Thumb Code    60  sent_task.o(i.canTX_Invert_Flag)
    canTX_LK_Pitch_Motor                     0x08008475   Thumb Code    58  sent_task.o(i.canTX_LK_Pitch_Motor)
    canTX_UI                                 0x080084b9   Thumb Code    68  sent_task.o(i.canTX_UI)
    canTX_Yaw_Current                        0x08008501   Thumb Code    68  sent_task.o(i.canTX_Yaw_Current)
    canTX_chassis                            0x08008549   Thumb Code    88  sent_task.o(i.canTX_chassis)
    canTX_fric                               0x080085a5   Thumb Code    78  sent_task.o(i.canTX_fric)
    canTX_mode                               0x080085f9   Thumb Code    64  sent_task.o(i.canTX_mode)
    canTX_trigger                            0x0800863d   Thumb Code    64  sent_task.o(i.canTX_trigger)
    control_mode_judge                       0x08008681   Thumb Code    52  rc_task.o(i.control_mode_judge)
    delay_init                               0x080086bd   Thumb Code    26  delay.o(i.delay_init)
    delay_ms                                 0x080086e5   Thumb Code    48  delay.o(i.delay_ms)
    delay_us                                 0x08008719   Thumb Code    48  delay.o(i.delay_us)
    fabs                                     0x0800874d   Thumb Code    16  math.o(i.fabs)
    get_angle                                0x0800875d   Thumb Code   176  bsp_imu.o(i.get_angle)
    imu_pwm_set                              0x080089f5   Thumb Code     8  bsp_imu_pwm.o(i.imu_pwm_set)
    int16_abs                                0x08008a7d   Thumb Code    10  math.o(i.int16_abs)
    invSqrt                                  0x08008a89   Thumb Code    40  mahonyahrs.o(i.invSqrt)
    ist8310_IIC_read_muli_reg                0x08008ab5   Thumb Code    22  ist8310driver_middleware.o(i.ist8310_IIC_read_muli_reg)
    ist8310_read_mag                         0x08008ad1   Thumb Code    80  ist8310driver.o(i.ist8310_read_mag)
    key_control_data                         0x08008b25   Thumb Code   684  rc_task.o(i.key_control_data)
    led_on                                   0x08008e25   Thumb Code    12  led.o(i.led_on)
    limits_change                            0x08008e31   Thumb Code    56  math.o(i.limits_change)
    main                                     0x08008e69   Thumb Code   108  main.o(i.main)
    rc_cali                                  0x08008edd   Thumb Code    68  rc_task.o(i.rc_cali)
    remote_chassis                           0x08008f25   Thumb Code   214  chassis_task.o(i.remote_chassis)
    remote_control_data                      0x0800900d   Thumb Code   488  rc_task.o(i.remote_control_data)
    remote_control_init                      0x08009231   Thumb Code    12  remote_control.o(i.remote_control_init)
    shoot_init                               0x08009331   Thumb Code    94  shoot_task.o(i.shoot_init)
    shoot_task                               0x0800939d   Thumb Code   122  shoot_task.o(i.shoot_task)
    sqrtf                                    0x08009425   Thumb Code    62  sqrtf.o(i.sqrtf)
    uart_init                                0x08009465   Thumb Code    22  bsp_uart.o(i.uart_init)
    AHBPrescTable                            0x080094b2   Data          16  system_stm32f4xx.o(.constdata)
    APBPrescTable                            0x080094c2   Data           8  system_stm32f4xx.o(.constdata)
    Region$$Table$$Base                      0x080094cc   Number         0  anon$$obj.o(Region$$Table)
    Region$$Table$$Limit                     0x080094ec   Number         0  anon$$obj.o(Region$$Table)
    TEMP3                                    0x20000004   Data           4  pid.o(.data)
    LK_Pitch_Motor_Receive_Data              0x2000000a   Data           7  bsp_can.o(.data)
    LK_Pitch_Motor_Send_Data                 0x20000011   Data           7  bsp_can.o(.data)
    gyro_update_flag                         0x20000020   Data           1  bsp_imu.o(.data)
    accel_update_flag                        0x20000021   Data           1  bsp_imu.o(.data)
    accel_temp_update_flag                   0x20000022   Data           1  bsp_imu.o(.data)
    mag_update_flag                          0x20000023   Data           1  bsp_imu.o(.data)
    imu_start_dma_flag                       0x20000024   Data           1  bsp_imu.o(.data)
    accel_temp_dma_tx_buf                    0x20000027   Data           4  bsp_imu.o(.data)
    accel_temp_dma_rx_buf                    0x20000030   Data           4  bsp_imu.o(.data)
    gyro_dma_tx_buf                          0x20000034   Data           8  bsp_imu.o(.data)
    gyro_dma_rx_buf                          0x2000003c   Data           8  bsp_imu.o(.data)
    accel_dma_tx_buf                         0x20000044   Data           9  bsp_imu.o(.data)
    gyro_scale_factor                        0x20000050   Data          36  bsp_imu.o(.data)
    accel_scale_factor                       0x20000074   Data          36  bsp_imu.o(.data)
    mag_scale_factor                         0x20000098   Data          36  bsp_imu.o(.data)
    start_receive_flag                       0x200000bc   Data           1  bsp_uart.o(.data)
    VISION_RESET_FLAG                        0x200000bd   Data           1  bsp_uart.o(.data)
    length                                   0x200000be   Data           1  bsp_uart.o(.data)
    status                                   0x200000bf   Data           1  bsp_uart.o(.data)
    shoot_vision_flag                        0x200000c4   Data           4  bsp_uart.o(.data)
    Sent_dataA                               0x200000c8   Data           4  bsp_uart.o(.data)
    Sent_dataB                               0x200000cc   Data           4  bsp_uart.o(.data)
    Sent_dataC                               0x200000d0   Data           4  bsp_uart.o(.data)
    Sent_dataD                               0x200000d4   Data           4  bsp_uart.o(.data)
    Sent_dataE                               0x200000d8   Data           4  bsp_uart.o(.data)
    dma_rx_buff                              0x200000dc   Data           8  bsp_uart.o(.data)
    gimbal_set_mode                          0x200000e4   Data           1  gimbal_task.o(.data)
    Gimbal_Precision_Mode                    0x200000e8   Data           4  gimbal_task.o(.data)
    Gimbal_Precision_Activated_Flag          0x200000ec   Data           4  gimbal_task.o(.data)
    Gimbal_Precision_Inactivated_Flag        0x200000f0   Data           4  gimbal_task.o(.data)
    Yaw_Target_Angle                         0x200000f4   Data           4  gimbal_task.o(.data)
    Pitch_Target_Angle                       0x200000f8   Data           4  gimbal_task.o(.data)
    Yaw_IMU_Angle                            0x200000fc   Data           4  gimbal_task.o(.data)
    Pitch_IMU_Angle                          0x20000100   Data           4  gimbal_task.o(.data)
    Yaw_IMU_Speed                            0x20000104   Data           4  gimbal_task.o(.data)
    Pitch_IMU_Speed                          0x20000108   Data           4  gimbal_task.o(.data)
    YawGyroPid                               0x2000010c   Data          24  gimbal_task.o(.data)
    YawEncondePid                            0x20000124   Data          20  gimbal_task.o(.data)
    YawGyroPIDSpeed                          0x20000138   Data          20  gimbal_task.o(.data)
    YawEncondePidSpeed                       0x2000014c   Data          20  gimbal_task.o(.data)
    YawSpeedPid                              0x20000160   Data          20  gimbal_task.o(.data)
    PitchGyroPid                             0x20000174   Data          24  gimbal_task.o(.data)
    PitchSpeedPid                            0x2000018c   Data          24  gimbal_task.o(.data)
    Last_Gimbal_Precision_Mode               0x200001a4   Data           4  gimbal_task.o(.data)
    KEY_MODE                                 0x200001a8   Data           1  rc_task.o(.data)
    vision_switch_flag                       0x200001ac   Data           4  rc_task.o(.data)
    F_flag                                   0x200001b0   Data           4  rc_task.o(.data)
    frie_first_flag                          0x200001b4   Data           4  rc_task.o(.data)
    MOUSE_pre_left_cnt                       0x200001b8   Data           4  rc_task.o(.data)
    Gimbal_Reverse_Bottom_Delay_Cnt          0x200001bc   Data           4  rc_task.o(.data)
    Chassis_Reverse_Bottom_Delay_Cnt         0x200001c0   Data           4  rc_task.o(.data)
    Gimbal_Precision_Mode_Delay_Cnt          0x200001c4   Data           4  rc_task.o(.data)
    shoot_true                               0x200001c8   Data           4  rc_task.o(.data)
    R_flag                                   0x200001cc   Data           4  rc_task.o(.data)
    R_cnt                                    0x200001d0   Data           4  rc_task.o(.data)
    MS_Count                                 0x200001d4   Data           4  tim3_cnt_task.o(.data)
    IMU_cnt                                  0x200001d8   Data           4  tim3_cnt_task.o(.data)
    start_flag                               0x200001dc   Data           4  tim3_cnt_task.o(.data)
    S_Count                                  0x200001e0   Data           4  tim3_cnt_task.o(.data)
    vision_mode                              0x200001e4   Data           1  vision_task.o(.data)
    last_yaw_target_angle                    0x200001e8   Data           4  vision_task.o(.data)
    last_pitch_target_angle                  0x200001ec   Data           4  vision_task.o(.data)
    yaw_deadline_angle                       0x200001f0   Data           4  vision_task.o(.data)
    pitch_deadline_angle                     0x200001f4   Data           4  vision_task.o(.data)
    vision_pitch                             0x200001f8   Data           4  vision_task.o(.data)
    TriggerSpeed                             0x200001fc   Data          20  shoot_task.o(.data)
    TriggerAngle                             0x20000210   Data          20  shoot_task.o(.data)
    FricLeftSpeed                            0x20000224   Data          20  shoot_task.o(.data)
    FricRightSpeed                           0x20000238   Data          20  shoot_task.o(.data)
    maxspeed                                 0x2000024c   Data           2  lk_pitch_turn.o(.data)
    Pitch_Motor_Model                        0x20000250   Data           4  lk_pitch_turn.o(.data)
    pwm                                      0x20000254   Data           2  buzzer_task.o(.data)
    Gimbal_Zero_Force_Flag                   0x20000258   Data           4  buzzer_task.o(.data)
    Last_Gimbal_Zero_Force_Flag              0x2000025c   Data           4  buzzer_task.o(.data)
    Shoot_Beep_Start_MS                      0x20000260   Data           4  buzzer_task.o(.data)
    Shoot_Flag_For_Buzzer                    0x20000264   Data           4  buzzer_task.o(.data)
    twoKp                                    0x20000268   Data           4  mahonyahrs.o(.data)
    twoKi                                    0x2000026c   Data           4  mahonyahrs.o(.data)
    integralFBx                              0x20000270   Data           4  mahonyahrs.o(.data)
    integralFBy                              0x20000274   Data           4  mahonyahrs.o(.data)
    integralFBz                              0x20000278   Data           4  mahonyahrs.o(.data)
    BMI088_ACCEL_SEN                         0x2000027c   Data           4  bmi088driver.o(.data)
    BMI088_GYRO_SEN                          0x20000280   Data           4  bmi088driver.o(.data)
    uwTickFreq                               0x200002a8   Data           1  stm32f4xx_hal.o(.data)
    uwTickPrio                               0x200002ac   Data           4  stm32f4xx_hal.o(.data)
    uwTick                                   0x200002b0   Data           4  stm32f4xx_hal.o(.data)
    SystemCoreClock                          0x200002b4   Data           4  system_stm32f4xx.o(.data)
    hcan1                                    0x200002bc   Data          40  can.o(.bss)
    hcan2                                    0x200002e4   Data          40  can.o(.bss)
    hi2c3                                    0x2000030c   Data          84  i2c.o(.bss)
    hspi1                                    0x20000360   Data          88  spi.o(.bss)
    hdma_spi1_rx                             0x200003b8   Data          96  spi.o(.bss)
    hdma_spi1_tx                             0x20000418   Data          96  spi.o(.bss)
    htim3                                    0x20000478   Data          72  tim.o(.bss)
    htim4                                    0x200004c0   Data          72  tim.o(.bss)
    htim6                                    0x20000508   Data          72  tim.o(.bss)
    htim10                                   0x20000550   Data          72  tim.o(.bss)
    huart1                                   0x20000598   Data          68  usart.o(.bss)
    huart2                                   0x200005dc   Data          68  usart.o(.bss)
    huart3                                   0x20000620   Data          68  usart.o(.bss)
    huart6                                   0x20000664   Data          68  usart.o(.bss)
    hdma_usart3_rx                           0x200006a8   Data          96  usart.o(.bss)
    hdma_usart1_rx                           0x20000708   Data          96  usart.o(.bss)
    yaw_can_rx                               0x20000768   Data          20  can_receive.o(.bss)
    pitch_can_rx                             0x2000077c   Data          20  can_receive.o(.bss)
    shoot_can_rx                             0x20000790   Data          40  can_receive.o(.bss)
    led                                      0x200007b8   Data          48  led.o(.bss)
    rc_ctrl                                  0x200007e8   Data          22  remote_control.o(.bss)
    global_ctrl                              0x200007fe   Data          22  remote_control.o(.bss)
    rc_sent                                  0x2000085c   Data          28  remote_control.o(.bss)
    INS_gyro                                 0x2000089c   Data          12  bsp_imu.o(.bss)
    INS_quat                                 0x200008c0   Data          16  bsp_imu.o(.bss)
    INS_angle                                0x200008d0   Data          12  bsp_imu.o(.bss)
    accel_dma_rx_buf                         0x200008dc   Data           9  bsp_imu.o(.bss)
    bmi088_real_data                         0x200008e8   Data          36  bsp_imu.o(.bss)
    ist8310_real_data                        0x2000090c   Data          16  bsp_imu.o(.bss)
    gyro_offset                              0x2000091c   Data          12  bsp_imu.o(.bss)
    gyro_cali_offset                         0x20000928   Data          12  bsp_imu.o(.bss)
    accel_offset                             0x20000934   Data          12  bsp_imu.o(.bss)
    mag_offset                               0x20000940   Data          12  bsp_imu.o(.bss)
    receive_data                             0x20000998   Data          20  bsp_uart.o(.bss)
    Buffer                                   0x200009ac   Data          14  bsp_uart.o(.bss)
    PitchEncondePid                          0x200009bc   Data          24  gimbal_task.o(.bss)
    PitchEncondePidSpeed                     0x200009d4   Data          24  gimbal_task.o(.bss)
    gimbal_y                                 0x200009ec   Data         440  gimbal_task.o(.bss)
    gimbal_p                                 0x20000ba4   Data         440  gimbal_task.o(.bss)
    vision_sent                              0x20000d5c   Data          16  vision_task.o(.bss)
    rc_shoot                                 0x20000d6c   Data         376  shoot_task.o(.bss)
    LK_Pitch_Motor                           0x20000ee8   Data          40  lk_pitch_turn.o(.bss)
    LK_Pitch_Motor_PID                       0x20000f10   Data          32  lk_pitch_turn.o(.bss)
    __initial_sp                             0x20001330   Data           0  startup_stm32f407xx.o(STACK)



==============================================================================

Memory Map of the image

  Image Entry point : 0x08000189

  Load Region LR_IROM1 (Base: 0x08000000, Size: 0x000097a8, Max: 0x00100000, ABSOLUTE, COMPRESSED[0x000095cc])

    Execution Region ER_IROM1 (Exec base: 0x08000000, Load base: 0x08000000, Size: 0x000094ec, Max: 0x00100000, ABSOLUTE)

    Exec Addr    Load Addr    Size         Type   Attr      Idx    E Section Name        Object

    0x08000000   0x08000000   0x00000188   Data   RO            3    RESET               startup_stm32f407xx.o
    0x08000188   0x08000188   0x00000000   Code   RO         6146  * .ARM.Collect$$$$00000000  mc_w.l(entry.o)
    0x08000188   0x08000188   0x00000004   Code   RO         6452    .ARM.Collect$$$$00000001  mc_w.l(entry2.o)
    0x0800018c   0x0800018c   0x00000004   Code   RO         6455    .ARM.Collect$$$$00000004  mc_w.l(entry5.o)
    0x08000190   0x08000190   0x00000000   Code   RO         6457    .ARM.Collect$$$$00000008  mc_w.l(entry7b.o)
    0x08000190   0x08000190   0x00000000   Code   RO         6459    .ARM.Collect$$$$0000000A  mc_w.l(entry8b.o)
    0x08000190   0x08000190   0x00000008   Code   RO         6460    .ARM.Collect$$$$0000000B  mc_w.l(entry9a.o)
    0x08000198   0x08000198   0x00000000   Code   RO         6462    .ARM.Collect$$$$0000000D  mc_w.l(entry10a.o)
    0x08000198   0x08000198   0x00000000   Code   RO         6464    .ARM.Collect$$$$0000000F  mc_w.l(entry11a.o)
    0x08000198   0x08000198   0x00000004   Code   RO         6453    .ARM.Collect$$$$00002712  mc_w.l(entry2.o)
    0x0800019c   0x0800019c   0x00000024   Code   RO            4    .text               startup_stm32f407xx.o
    0x080001c0   0x080001c0   0x00000062   Code   RO         6149    .text               mc_w.l(uldiv.o)
    0x08000222   0x08000222   0x00000024   Code   RO         6151    .text               mc_w.l(memseta.o)
    0x08000246   0x08000246   0x00000026   Code   RO         6420    .text               mf_w.l(f2d.o)
    0x0800026c   0x0800026c   0x00000038   Code   RO         6422    .text               mf_w.l(d2f.o)
    0x080002a4   0x080002a4   0x0000001e   Code   RO         6471    .text               mc_w.l(llshl.o)
    0x080002c2   0x080002c2   0x00000020   Code   RO         6473    .text               mc_w.l(llushr.o)
    0x080002e2   0x080002e2   0x00000000   Code   RO         6482    .text               mc_w.l(iusefp.o)
    0x080002e2   0x080002e2   0x0000006e   Code   RO         6483    .text               mf_w.l(fepilogue.o)
    0x08000350   0x08000350   0x000000ba   Code   RO         6485    .text               mf_w.l(depilogue.o)
    0x0800040a   0x0800040a   0x000000a2   Code   RO         6491    .text               mf_w.l(dsqrt.o)
    0x080004ac   0x080004ac   0x00000024   Code   RO         6499    .text               mc_w.l(init.o)
    0x080004d0   0x080004d0   0x00000056   Code   RO         6513    .text               mc_w.l(__dczerorl2.o)
    0x08000526   0x08000526   0x00000002   PAD
    0x08000528   0x08000528   0x00000020   Code   RO         1233    i.AHRS_init         bsp_imu.o
    0x08000548   0x08000548   0x0000001c   Code   RO         1234    i.AHRS_update       bsp_imu.o
    0x08000564   0x08000564   0x00000010   Code   RO         2322    i.BMI088_ACCEL_NS_H  bmi088middleware.o
    0x08000574   0x08000574   0x00000010   Code   RO         2323    i.BMI088_ACCEL_NS_L  bmi088middleware.o
    0x08000584   0x08000584   0x00000002   Code   RO         2324    i.BMI088_GPIO_init  bmi088middleware.o
    0x08000586   0x08000586   0x00000002   PAD
    0x08000588   0x08000588   0x00000010   Code   RO         2325    i.BMI088_GYRO_NS_H  bmi088middleware.o
    0x08000598   0x08000598   0x00000010   Code   RO         2326    i.BMI088_GYRO_NS_L  bmi088middleware.o
    0x080005a8   0x080005a8   0x00000080   Code   RO         2186    i.BMI088_accel_read_over  bmi088driver.o
    0x08000628   0x08000628   0x00000002   Code   RO         2327    i.BMI088_com_init   bmi088middleware.o
    0x0800062a   0x0800062a   0x00000004   Code   RO         2328    i.BMI088_delay_ms   bmi088middleware.o
    0x0800062e   0x0800062e   0x00000004   Code   RO         2329    i.BMI088_delay_us   bmi088middleware.o
    0x08000632   0x08000632   0x00000002   PAD
    0x08000634   0x08000634   0x00000060   Code   RO         2187    i.BMI088_gyro_read_over  bmi088driver.o
    0x08000694   0x08000694   0x0000002e   Code   RO         2188    i.BMI088_init       bmi088driver.o
    0x080006c2   0x080006c2   0x00000002   PAD
    0x080006c4   0x080006c4   0x00000158   Code   RO         2189    i.BMI088_read       bmi088driver.o
    0x0800081c   0x0800081c   0x00000024   Code   RO         2192    i.BMI088_read_muli_reg  bmi088driver.o
    0x08000840   0x08000840   0x00000016   Code   RO         2193    i.BMI088_read_single_reg  bmi088driver.o
    0x08000856   0x08000856   0x00000002   PAD
    0x08000858   0x08000858   0x00000020   Code   RO         2330    i.BMI088_read_write_byte  bmi088middleware.o
    0x08000878   0x08000878   0x0000002e   Code   RO         2194    i.BMI088_temperature_read_over  bmi088driver.o
    0x080008a6   0x080008a6   0x00000012   Code   RO         2195    i.BMI088_write_single_reg  bmi088driver.o
    0x080008b8   0x080008b8   0x00000060   Code   RO         1161    i.Bsp_canInit       bsp_can.o
    0x08000918   0x08000918   0x00000002   Code   RO          556    i.BusFault_Handler  stm32f4xx_it.o
    0x0800091a   0x0800091a   0x0000000a   Code   RO         2034    i.Buzzer_Task       buzzer_task.o
    0x08000924   0x08000924   0x0000000c   Code   RO          557    i.CAN1_RX0_IRQHandler  stm32f4xx_it.o
    0x08000930   0x08000930   0x0000000c   Code   RO          558    i.CAN1_TX_IRQHandler  stm32f4xx_it.o
    0x0800093c   0x0800093c   0x0000000c   Code   RO          559    i.CAN2_RX0_IRQHandler  stm32f4xx_it.o
    0x08000948   0x08000948   0x0000000c   Code   RO          560    i.DMA1_Stream1_IRQHandler  stm32f4xx_it.o
    0x08000954   0x08000954   0x000002d4   Code   RO         1235    i.DMA2_Stream2_IRQHandler  bsp_imu.o
    0x08000c28   0x08000c28   0x0000000c   Code   RO          561    i.DMA2_Stream3_IRQHandler  stm32f4xx_it.o
    0x08000c34   0x08000c34   0x00000034   Code   RO         3244    i.DMA_CalcBaseAndBitshift  stm32f4xx_hal_dma.o
    0x08000c68   0x08000c68   0x0000007e   Code   RO         3245    i.DMA_CheckFifoParam  stm32f4xx_hal_dma.o
    0x08000ce6   0x08000ce6   0x00000002   PAD
    0x08000ce8   0x08000ce8   0x00000094   Code   RO         1499    i.DMA_Send          bsp_uart.o
    0x08000d7c   0x08000d7c   0x00000038   Code   RO         3246    i.DMA_SetConfig     stm32f4xx_hal_dma.o
    0x08000db4   0x08000db4   0x00000002   Code   RO          562    i.DebugMon_Handler  stm32f4xx_it.o
    0x08000db6   0x08000db6   0x00000006   Code   RO          563    i.EXTI0_IRQHandler  stm32f4xx_it.o
    0x08000dbc   0x08000dbc   0x00000006   Code   RO          564    i.EXTI3_IRQHandler  stm32f4xx_it.o
    0x08000dc2   0x08000dc2   0x00000006   Code   RO          565    i.EXTI4_IRQHandler  stm32f4xx_it.o
    0x08000dc8   0x08000dc8   0x00000006   Code   RO          566    i.EXTI9_5_IRQHandler  stm32f4xx_it.o
    0x08000dce   0x08000dce   0x00000002   Code   RO           13    i.Error_Handler     main.o
    0x08000dd0   0x08000dd0   0x00000158   Code   RO         1604    i.GIMBAL_CALBACK_GET  gimbal_task.o
    0x08000f28   0x08000f28   0x000001d0   Code   RO         1605    i.GIMBAL_PID        gimbal_task.o
    0x080010f8   0x080010f8   0x000000c0   Code   RO         1606    i.GIMBAL_Set_Contorl  gimbal_task.o
    0x080011b8   0x080011b8   0x00000058   Code   RO         1607    i.GIMBAL_Set_Mode   gimbal_task.o
    0x08001210   0x08001210   0x0000001c   Code   RO         1970    i.Get_Pitch_Motor_SingleRound_Angle  lk_pitch_turn.o
    0x0800122c   0x0800122c   0x00000084   Code   RO         1608    i.Gimbal_Init       gimbal_task.o
    0x080012b0   0x080012b0   0x000000a0   Code   RO         1609    i.Gimbal_Task       gimbal_task.o
    0x08001350   0x08001350   0x00000024   Code   RO         2507    i.HAL_CAN_ActivateNotification  stm32f4xx_hal_can.o
    0x08001374   0x08001374   0x00000104   Code   RO         2508    i.HAL_CAN_AddTxMessage  stm32f4xx_hal_can.o
    0x08001478   0x08001478   0x00000128   Code   RO         2509    i.HAL_CAN_ConfigFilter  stm32f4xx_hal_can.o
    0x080015a0   0x080015a0   0x00000002   Code   RO         2512    i.HAL_CAN_ErrorCallback  stm32f4xx_hal_can.o
    0x080015a2   0x080015a2   0x0000016c   Code   RO         2515    i.HAL_CAN_GetRxMessage  stm32f4xx_hal_can.o
    0x0800170e   0x0800170e   0x00000234   Code   RO         2519    i.HAL_CAN_IRQHandler  stm32f4xx_hal_can.o
    0x08001942   0x08001942   0x00000168   Code   RO         2520    i.HAL_CAN_Init      stm32f4xx_hal_can.o
    0x08001aaa   0x08001aaa   0x00000002   PAD
    0x08001aac   0x08001aac   0x0000010c   Code   RO          272    i.HAL_CAN_MspInit   can.o
    0x08001bb8   0x08001bb8   0x00000002   Code   RO         2527    i.HAL_CAN_RxFifo0FullCallback  stm32f4xx_hal_can.o
    0x08001bba   0x08001bba   0x00000002   PAD
    0x08001bbc   0x08001bbc   0x00000144   Code   RO          737    i.HAL_CAN_RxFifo0MsgPendingCallback  can_receive.o
    0x08001d00   0x08001d00   0x00000002   Code   RO         2529    i.HAL_CAN_RxFifo1FullCallback  stm32f4xx_hal_can.o
    0x08001d02   0x08001d02   0x00000002   Code   RO         2530    i.HAL_CAN_RxFifo1MsgPendingCallback  stm32f4xx_hal_can.o
    0x08001d04   0x08001d04   0x00000002   Code   RO         2531    i.HAL_CAN_SleepCallback  stm32f4xx_hal_can.o
    0x08001d06   0x08001d06   0x00000064   Code   RO         2532    i.HAL_CAN_Start     stm32f4xx_hal_can.o
    0x08001d6a   0x08001d6a   0x00000002   Code   RO         2534    i.HAL_CAN_TxMailbox0AbortCallback  stm32f4xx_hal_can.o
    0x08001d6c   0x08001d6c   0x00000002   Code   RO         2535    i.HAL_CAN_TxMailbox0CompleteCallback  stm32f4xx_hal_can.o
    0x08001d6e   0x08001d6e   0x00000002   Code   RO         2536    i.HAL_CAN_TxMailbox1AbortCallback  stm32f4xx_hal_can.o
    0x08001d70   0x08001d70   0x00000002   Code   RO         2537    i.HAL_CAN_TxMailbox1CompleteCallback  stm32f4xx_hal_can.o
    0x08001d72   0x08001d72   0x00000002   Code   RO         2538    i.HAL_CAN_TxMailbox2AbortCallback  stm32f4xx_hal_can.o
    0x08001d74   0x08001d74   0x00000002   Code   RO         2539    i.HAL_CAN_TxMailbox2CompleteCallback  stm32f4xx_hal_can.o
    0x08001d76   0x08001d76   0x00000002   Code   RO         2541    i.HAL_CAN_WakeUpFromRxMsgCallback  stm32f4xx_hal_can.o
    0x08001d78   0x08001d78   0x000000a2   Code   RO         3247    i.HAL_DMA_Abort     stm32f4xx_hal_dma.o
    0x08001e1a   0x08001e1a   0x00000024   Code   RO         3248    i.HAL_DMA_Abort_IT  stm32f4xx_hal_dma.o
    0x08001e3e   0x08001e3e   0x00000002   PAD
    0x08001e40   0x08001e40   0x000001ec   Code   RO         3252    i.HAL_DMA_IRQHandler  stm32f4xx_hal_dma.o
    0x0800202c   0x0800202c   0x000000ec   Code   RO         3253    i.HAL_DMA_Init      stm32f4xx_hal_dma.o
    0x08002118   0x08002118   0x00000070   Code   RO         3257    i.HAL_DMA_Start_IT  stm32f4xx_hal_dma.o
    0x08002188   0x08002188   0x00000064   Code   RO         1236    i.HAL_GPIO_EXTI_Callback  bsp_imu.o
    0x080021ec   0x080021ec   0x00000018   Code   RO         3139    i.HAL_GPIO_EXTI_IRQHandler  stm32f4xx_hal_gpio.o
    0x08002204   0x08002204   0x0000022c   Code   RO         3140    i.HAL_GPIO_Init     stm32f4xx_hal_gpio.o
    0x08002430   0x08002430   0x0000000e   Code   RO         3144    i.HAL_GPIO_WritePin  stm32f4xx_hal_gpio.o
    0x0800243e   0x0800243e   0x00000002   PAD
    0x08002440   0x08002440   0x0000000c   Code   RO         3667    i.HAL_GetTick       stm32f4xx_hal.o
    0x0800244c   0x0800244c   0x000001ac   Code   RO         3923    i.HAL_I2C_Init      stm32f4xx_hal_i2c.o
    0x080025f8   0x080025f8   0x000002c0   Code   RO         3941    i.HAL_I2C_Mem_Read  stm32f4xx_hal_i2c.o
    0x080028b8   0x080028b8   0x00000088   Code   RO          345    i.HAL_I2C_MspInit   i2c.o
    0x08002940   0x08002940   0x00000010   Code   RO         3673    i.HAL_IncTick       stm32f4xx_hal.o
    0x08002950   0x08002950   0x00000034   Code   RO         3674    i.HAL_Init          stm32f4xx_hal.o
    0x08002984   0x08002984   0x00000044   Code   RO         3675    i.HAL_InitTick      stm32f4xx_hal.o
    0x080029c8   0x080029c8   0x00000040   Code   RO          704    i.HAL_MspInit       stm32f4xx_hal_msp.o
    0x08002a08   0x08002a08   0x0000001c   Code   RO         3529    i.HAL_NVIC_EnableIRQ  stm32f4xx_hal_cortex.o
    0x08002a24   0x08002a24   0x00000068   Code   RO         3535    i.HAL_NVIC_SetPriority  stm32f4xx_hal_cortex.o
    0x08002a8c   0x08002a8c   0x00000024   Code   RO         3536    i.HAL_NVIC_SetPriorityGrouping  stm32f4xx_hal_cortex.o
    0x08002ab0   0x08002ab0   0x0000017c   Code   RO         2741    i.HAL_RCC_ClockConfig  stm32f4xx_hal_rcc.o
    0x08002c2c   0x08002c2c   0x0000000c   Code   RO         2746    i.HAL_RCC_GetHCLKFreq  stm32f4xx_hal_rcc.o
    0x08002c38   0x08002c38   0x00000020   Code   RO         2748    i.HAL_RCC_GetPCLK1Freq  stm32f4xx_hal_rcc.o
    0x08002c58   0x08002c58   0x00000020   Code   RO         2749    i.HAL_RCC_GetPCLK2Freq  stm32f4xx_hal_rcc.o
    0x08002c78   0x08002c78   0x00000070   Code   RO         2750    i.HAL_RCC_GetSysClockFreq  stm32f4xx_hal_rcc.o
    0x08002ce8   0x08002ce8   0x00000482   Code   RO         2753    i.HAL_RCC_OscConfig  stm32f4xx_hal_rcc.o
    0x0800316a   0x0800316a   0x000000be   Code   RO         4413    i.HAL_SPI_Init      stm32f4xx_hal_spi.o
    0x08003228   0x08003228   0x000000fc   Code   RO          387    i.HAL_SPI_MspInit   spi.o
    0x08003324   0x08003324   0x000001f8   Code   RO         4422    i.HAL_SPI_TransmitReceive  stm32f4xx_hal_spi.o
    0x0800351c   0x0800351c   0x00000028   Code   RO         3540    i.HAL_SYSTICK_Config  stm32f4xx_hal_cortex.o
    0x08003544   0x08003544   0x00000002   Code   RO         5441    i.HAL_TIMEx_BreakCallback  stm32f4xx_hal_tim_ex.o
    0x08003546   0x08003546   0x00000002   Code   RO         5442    i.HAL_TIMEx_CommutCallback  stm32f4xx_hal_tim_ex.o
    0x08003548   0x08003548   0x0000009a   Code   RO         5460    i.HAL_TIMEx_MasterConfigSynchronization  stm32f4xx_hal_tim_ex.o
    0x080035e2   0x080035e2   0x0000005c   Code   RO         4726    i.HAL_TIM_Base_Init  stm32f4xx_hal_tim.o
    0x0800363e   0x0800363e   0x00000002   PAD
    0x08003640   0x08003640   0x0000008c   Code   RO          429    i.HAL_TIM_Base_MspInit  tim.o
    0x080036cc   0x080036cc   0x0000008a   Code   RO         4731    i.HAL_TIM_Base_Start_IT  stm32f4xx_hal_tim.o
    0x08003756   0x08003756   0x000000ea   Code   RO         4735    i.HAL_TIM_ConfigClockSource  stm32f4xx_hal_tim.o
    0x08003840   0x08003840   0x00000002   Code   RO         4760    i.HAL_TIM_IC_CaptureCallback  stm32f4xx_hal_tim.o
    0x08003842   0x08003842   0x00000174   Code   RO         4774    i.HAL_TIM_IRQHandler  stm32f4xx_hal_tim.o
    0x080039b6   0x080039b6   0x00000002   PAD
    0x080039b8   0x080039b8   0x00000084   Code   RO          430    i.HAL_TIM_MspPostInit  tim.o
    0x08003a3c   0x08003a3c   0x00000002   Code   RO         4777    i.HAL_TIM_OC_DelayElapsedCallback  stm32f4xx_hal_tim.o
    0x08003a3e   0x08003a3e   0x000000d8   Code   RO         4798    i.HAL_TIM_PWM_ConfigChannel  stm32f4xx_hal_tim.o
    0x08003b16   0x08003b16   0x0000005c   Code   RO         4801    i.HAL_TIM_PWM_Init  stm32f4xx_hal_tim.o
    0x08003b72   0x08003b72   0x00000002   Code   RO         4803    i.HAL_TIM_PWM_MspInit  stm32f4xx_hal_tim.o
    0x08003b74   0x08003b74   0x00000002   Code   RO         4804    i.HAL_TIM_PWM_PulseFinishedCallback  stm32f4xx_hal_tim.o
    0x08003b76   0x08003b76   0x00000002   PAD
    0x08003b78   0x08003b78   0x000000dc   Code   RO         4806    i.HAL_TIM_PWM_Start  stm32f4xx_hal_tim.o
    0x08003c54   0x08003c54   0x00000124   Code   RO         1862    i.HAL_TIM_PeriodElapsedCallback  tim3_cnt_task.o
    0x08003d78   0x08003d78   0x00000002   Code   RO         4817    i.HAL_TIM_TriggerCallback  stm32f4xx_hal_tim.o
    0x08003d7a   0x08003d7a   0x00000002   Code   RO         5719    i.HAL_UARTEx_RxEventCallback  stm32f4xx_hal_uart.o
    0x08003d7c   0x08003d7c   0x00000070   Code   RO         5731    i.HAL_UART_DMAStop  stm32f4xx_hal_uart.o
    0x08003dec   0x08003dec   0x00000002   Code   RO         5733    i.HAL_UART_ErrorCallback  stm32f4xx_hal_uart.o
    0x08003dee   0x08003dee   0x00000002   PAD
    0x08003df0   0x08003df0   0x00000260   Code   RO         5736    i.HAL_UART_IRQHandler  stm32f4xx_hal_uart.o
    0x08004050   0x08004050   0x00000064   Code   RO         5737    i.HAL_UART_Init     stm32f4xx_hal_uart.o
    0x080040b4   0x080040b4   0x00000208   Code   RO          495    i.HAL_UART_MspInit  usart.o
    0x080042bc   0x080042bc   0x0000002e   Code   RO         5741    i.HAL_UART_Receive_DMA  stm32f4xx_hal_uart.o
    0x080042ea   0x080042ea   0x00000002   Code   RO         5743    i.HAL_UART_RxCpltCallback  stm32f4xx_hal_uart.o
    0x080042ec   0x080042ec   0x00000002   Code   RO         5744    i.HAL_UART_RxHalfCpltCallback  stm32f4xx_hal_uart.o
    0x080042ee   0x080042ee   0x000000ca   Code   RO         5745    i.HAL_UART_Transmit  stm32f4xx_hal_uart.o
    0x080043b8   0x080043b8   0x00000002   Code   RO         5748    i.HAL_UART_TxCpltCallback  stm32f4xx_hal_uart.o
    0x080043ba   0x080043ba   0x00000002   Code   RO          567    i.HardFault_Handler  stm32f4xx_it.o
    0x080043bc   0x080043bc   0x00000032   Code   RO         3966    i.I2C_IsAcknowledgeFailed  stm32f4xx_hal_i2c.o
    0x080043ee   0x080043ee   0x00000002   PAD
    0x080043f0   0x080043f0   0x00000154   Code   RO         3977    i.I2C_RequestMemoryRead  stm32f4xx_hal_i2c.o
    0x08004544   0x08004544   0x000000b4   Code   RO         3987    i.I2C_WaitOnFlagUntilTimeout  stm32f4xx_hal_i2c.o
    0x080045f8   0x080045f8   0x000000ce   Code   RO         3988    i.I2C_WaitOnMasterAddressFlagUntilTimeout  stm32f4xx_hal_i2c.o
    0x080046c6   0x080046c6   0x0000007c   Code   RO         3989    i.I2C_WaitOnRXNEFlagUntilTimeout  stm32f4xx_hal_i2c.o
    0x08004742   0x08004742   0x0000005c   Code   RO         3992    i.I2C_WaitOnTXEFlagUntilTimeout  stm32f4xx_hal_i2c.o
    0x0800479e   0x0800479e   0x00000002   PAD
    0x080047a0   0x080047a0   0x000000c4   Code   RO         1237    i.IMU_Init          bsp_imu.o
    0x08004864   0x08004864   0x000001b8   Code   RO         1240    i.INS_task          bsp_imu.o
    0x08004a1c   0x08004a1c   0x00000044   Code   RO          273    i.MX_CAN1_Init      can.o
    0x08004a60   0x08004a60   0x00000048   Code   RO          274    i.MX_CAN2_Init      can.o
    0x08004aa8   0x08004aa8   0x0000005c   Code   RO          320    i.MX_DMA_Init       dma.o
    0x08004b04   0x08004b04   0x00000160   Code   RO          247    i.MX_GPIO_Init      gpio.o
    0x08004c64   0x08004c64   0x00000040   Code   RO          346    i.MX_I2C3_Init      i2c.o
    0x08004ca4   0x08004ca4   0x00000048   Code   RO          388    i.MX_SPI1_Init      spi.o
    0x08004cec   0x08004cec   0x00000064   Code   RO          431    i.MX_TIM10_Init     tim.o
    0x08004d50   0x08004d50   0x00000068   Code   RO          432    i.MX_TIM3_Init      tim.o
    0x08004db8   0x08004db8   0x00000098   Code   RO          433    i.MX_TIM4_Init      tim.o
    0x08004e50   0x08004e50   0x00000048   Code   RO          434    i.MX_TIM6_Init      tim.o
    0x08004e98   0x08004e98   0x0000003c   Code   RO          496    i.MX_USART1_UART_Init  usart.o
    0x08004ed4   0x08004ed4   0x0000003c   Code   RO          497    i.MX_USART2_UART_Init  usart.o
    0x08004f10   0x08004f10   0x0000003c   Code   RO          498    i.MX_USART3_UART_Init  usart.o
    0x08004f4c   0x08004f4c   0x00000038   Code   RO          499    i.MX_USART6_UART_Init  usart.o
    0x08004f84   0x08004f84   0x00000354   Code   RO         2071    i.MahonyAHRSupdate  mahonyahrs.o
    0x080052d8   0x080052d8   0x000001e4   Code   RO         2072    i.MahonyAHRSupdateIMU  mahonyahrs.o
    0x080054bc   0x080054bc   0x00000002   Code   RO          568    i.MemManage_Handler  stm32f4xx_it.o
    0x080054be   0x080054be   0x00000002   Code   RO          569    i.NMI_Handler       stm32f4xx_it.o
    0x080054c0   0x080054c0   0x000000d4   Code   RO          894    i.PID_Calc          pid.o
    0x08005594   0x08005594   0x0000006c   Code   RO          895    i.PID_Init          pid.o
    0x08005600   0x08005600   0x00000002   Code   RO          570    i.PendSV_Handler    stm32f4xx_it.o
    0x08005602   0x08005602   0x00000002   PAD
    0x08005604   0x08005604   0x00000014   Code   RO         1611    i.Pitch_Gyro_PID    gimbal_task.o
    0x08005618   0x08005618   0x00000090   Code   RO         2035    i.Power_On_Beep     buzzer_task.o
    0x080056a8   0x080056a8   0x0000006c   Code   RO          936    i.RC_data_is_error  remote_control.o
    0x08005714   0x08005714   0x00000060   Code   RO          937    i.RC_init           remote_control.o
    0x08005774   0x08005774   0x00000080   Code   RO          938    i.RC_restart        remote_control.o
    0x080057f4   0x080057f4   0x00001274   Code   RO         1440    i.SPI1_DMA_enable   bsp_spi.o
    0x08006a68   0x08006a68   0x000000f0   Code   RO         1441    i.SPI1_DMA_init     bsp_spi.o
    0x08006b58   0x08006b58   0x00000064   Code   RO         4451    i.SPI_EndRxTxTransaction  stm32f4xx_hal_spi.o
    0x08006bbc   0x08006bbc   0x000000d8   Code   RO         4456    i.SPI_WaitFlagStateUntilTimeout  stm32f4xx_hal_spi.o
    0x08006c94   0x08006c94   0x00000002   Code   RO          571    i.SVC_Handler       stm32f4xx_it.o
    0x08006c96   0x08006c96   0x00000002   PAD
    0x08006c98   0x08006c98   0x00000064   Code   RO         1971    i.Send_Pitch_Motor_Add_Angle  lk_pitch_turn.o
    0x08006cfc   0x08006cfc   0x00000028   Code   RO         1973    i.Send_Pitch_Motor_Shutdown_Instruction  lk_pitch_turn.o
    0x08006d24   0x08006d24   0x00000028   Code   RO         1974    i.Send_Pitch_Motor_Start_Instruction  lk_pitch_turn.o
    0x08006d4c   0x08006d4c   0x00000004   Code   RO          572    i.SysTick_Handler   stm32f4xx_it.o
    0x08006d50   0x08006d50   0x00000084   Code   RO           14    i.SystemClock_Config  main.o
    0x08006dd4   0x08006dd4   0x00000058   Code   RO         6076    i.SystemInit        system_stm32f4xx.o
    0x08006e2c   0x08006e2c   0x0000000c   Code   RO          573    i.TIM3_IRQHandler   stm32f4xx_it.o
    0x08006e38   0x08006e38   0x000000cc   Code   RO         4819    i.TIM_Base_SetConfig  stm32f4xx_hal_tim.o
    0x08006f04   0x08006f04   0x0000001e   Code   RO         4820    i.TIM_CCxChannelCmd  stm32f4xx_hal_tim.o
    0x08006f22   0x08006f22   0x00000016   Code   RO         4830    i.TIM_ETR_SetConfig  stm32f4xx_hal_tim.o
    0x08006f38   0x08006f38   0x00000010   Code   RO         4831    i.TIM_ITRx_SetConfig  stm32f4xx_hal_tim.o
    0x08006f48   0x08006f48   0x00000070   Code   RO         4832    i.TIM_OC1_SetConfig  stm32f4xx_hal_tim.o
    0x08006fb8   0x08006fb8   0x00000078   Code   RO         4833    i.TIM_OC2_SetConfig  stm32f4xx_hal_tim.o
    0x08007030   0x08007030   0x00000078   Code   RO         4834    i.TIM_OC3_SetConfig  stm32f4xx_hal_tim.o
    0x080070a8   0x080070a8   0x00000058   Code   RO         4835    i.TIM_OC4_SetConfig  stm32f4xx_hal_tim.o
    0x08007100   0x08007100   0x00000026   Code   RO         4837    i.TIM_TI1_ConfigInputStage  stm32f4xx_hal_tim.o
    0x08007126   0x08007126   0x00000024   Code   RO         4839    i.TIM_TI2_ConfigInputStage  stm32f4xx_hal_tim.o
    0x0800714a   0x0800714a   0x00000010   Code   RO         5750    i.UART_DMAAbortOnError  stm32f4xx_hal_uart.o
    0x0800715a   0x0800715a   0x0000004a   Code   RO         5751    i.UART_DMAError     stm32f4xx_hal_uart.o
    0x080071a4   0x080071a4   0x00000084   Code   RO         5752    i.UART_DMAReceiveCplt  stm32f4xx_hal_uart.o
    0x08007228   0x08007228   0x0000001a   Code   RO         5754    i.UART_DMARxHalfCplt  stm32f4xx_hal_uart.o
    0x08007242   0x08007242   0x0000004e   Code   RO         5760    i.UART_EndRxTransfer  stm32f4xx_hal_uart.o
    0x08007290   0x08007290   0x0000001a   Code   RO         5761    i.UART_EndTransmit_IT  stm32f4xx_hal_uart.o
    0x080072aa   0x080072aa   0x0000001c   Code   RO         5762    i.UART_EndTxTransfer  stm32f4xx_hal_uart.o
    0x080072c6   0x080072c6   0x000000c8   Code   RO         5763    i.UART_Receive_IT   stm32f4xx_hal_uart.o
    0x0800738e   0x0800738e   0x00000002   PAD
    0x08007390   0x08007390   0x000000fc   Code   RO         5764    i.UART_SetConfig    stm32f4xx_hal_uart.o
    0x0800748c   0x0800748c   0x00000098   Code   RO         5765    i.UART_Start_Receive_DMA  stm32f4xx_hal_uart.o
    0x08007524   0x08007524   0x0000005e   Code   RO         5767    i.UART_Transmit_IT  stm32f4xx_hal_uart.o
    0x08007582   0x08007582   0x0000008c   Code   RO         5768    i.UART_WaitOnFlagUntilTimeout  stm32f4xx_hal_uart.o
    0x0800760e   0x0800760e   0x00000002   PAD
    0x08007610   0x08007610   0x000000c4   Code   RO         1500    i.USART1_IRQHandler  bsp_uart.o
    0x080076d4   0x080076d4   0x0000000c   Code   RO          574    i.USART2_IRQHandler  stm32f4xx_it.o
    0x080076e0   0x080076e0   0x000000cc   Code   RO          939    i.USART3_IRQHandler  remote_control.o
    0x080077ac   0x080077ac   0x0000000c   Code   RO          575    i.USART6_IRQHandler  stm32f4xx_it.o
    0x080077b8   0x080077b8   0x00000002   Code   RO          576    i.UsageFault_Handler  stm32f4xx_it.o
    0x080077ba   0x080077ba   0x00000002   PAD
    0x080077bc   0x080077bc   0x000000ac   Code   RO         1892    i.Vision_Task       vision_task.o
    0x08007868   0x08007868   0x00000078   Code   RO         1612    i.YawPitch_PIDinit  gimbal_task.o
    0x080078e0   0x080078e0   0x000000ac   Code   RO          738    i.Yaw_Angle_Process  can_receive.o
    0x0800798c   0x0800798c   0x00000040   Code   RO         1613    i.Yaw_Encoder_PID   gimbal_task.o
    0x080079cc   0x080079cc   0x00000040   Code   RO         1614    i.Yaw_Gyro_PID      gimbal_task.o
    0x08007a0c   0x08007a0c   0x00000026   Code   RO         6424    i.__ARM_fpclassifyf  m_wm.l(fpclassifyf.o)
    0x08007a32   0x08007a32   0x00000002   PAD
    0x08007a34   0x08007a34   0x0000012c   Code   RO         6110    i.__hardfp_asinf    m_wm.l(asinf.o)
    0x08007b60   0x08007b60   0x00000250   Code   RO         6122    i.__hardfp_atan2f   m_wm.l(atan2f.o)
    0x08007db0   0x08007db0   0x0000007a   Code   RO         6134    i.__hardfp_sqrt     m_wm.l(sqrt.o)
    0x08007e2a   0x08007e2a   0x00000006   Code   RO         6427    i.__mathlib_flt_infnan  m_wm.l(funder.o)
    0x08007e30   0x08007e30   0x00000006   Code   RO         6428    i.__mathlib_flt_infnan2  m_wm.l(funder.o)
    0x08007e36   0x08007e36   0x00000002   PAD
    0x08007e38   0x08007e38   0x00000010   Code   RO         6429    i.__mathlib_flt_invalid  m_wm.l(funder.o)
    0x08007e48   0x08007e48   0x00000010   Code   RO         6432    i.__mathlib_flt_underflow  m_wm.l(funder.o)
    0x08007e58   0x08007e58   0x0000000e   Code   RO         6507    i.__scatterload_copy  mc_w.l(handlers.o)
    0x08007e66   0x08007e66   0x00000002   Code   RO         6508    i.__scatterload_null  mc_w.l(handlers.o)
    0x08007e68   0x08007e68   0x0000000e   Code   RO         6509    i.__scatterload_zeroinit  mc_w.l(handlers.o)
    0x08007e76   0x08007e76   0x00000002   PAD
    0x08007e78   0x08007e78   0x0000000c   Code   RO         6477    i.__set_errno       mc_w.l(errno.o)
    0x08007e84   0x08007e84   0x00000128   Code   RO         2196    i.bmi088_accel_init  bmi088driver.o
    0x08007fac   0x08007fac   0x000002c0   Code   RO         2197    i.bmi088_accel_self_test  bmi088driver.o
    0x0800826c   0x0800826c   0x000000dc   Code   RO         2198    i.bmi088_gyro_init  bmi088driver.o
    0x08008348   0x08008348   0x000000ca   Code   RO         2199    i.bmi088_gyro_self_test  bmi088driver.o
    0x08008412   0x08008412   0x00000002   PAD
    0x08008414   0x08008414   0x00000010   Code   RO         1055    i.buzzer_off        buzzer.o
    0x08008424   0x08008424   0x00000010   Code   RO         1056    i.buzzer_on         buzzer.o
    0x08008434   0x08008434   0x00000040   Code   RO         1784    i.canTX_Invert_Flag  sent_task.o
    0x08008474   0x08008474   0x00000044   Code   RO         1785    i.canTX_LK_Pitch_Motor  sent_task.o
    0x080084b8   0x080084b8   0x00000048   Code   RO         1786    i.canTX_UI          sent_task.o
    0x08008500   0x08008500   0x00000048   Code   RO         1787    i.canTX_Yaw_Current  sent_task.o
    0x08008548   0x08008548   0x0000005c   Code   RO         1788    i.canTX_chassis     sent_task.o
    0x080085a4   0x080085a4   0x00000054   Code   RO         1789    i.canTX_fric        sent_task.o
    0x080085f8   0x080085f8   0x00000044   Code   RO         1790    i.canTX_mode        sent_task.o
    0x0800863c   0x0800863c   0x00000044   Code   RO         1792    i.canTX_trigger     sent_task.o
    0x08008680   0x08008680   0x0000003c   Code   RO         1726    i.control_mode_judge  rc_task.o
    0x080086bc   0x080086bc   0x00000028   Code   RO         1192    i.delay_init        delay.o
    0x080086e4   0x080086e4   0x00000034   Code   RO         1193    i.delay_ms          delay.o
    0x08008718   0x08008718   0x00000034   Code   RO         1194    i.delay_us          delay.o
    0x0800874c   0x0800874c   0x00000010   Code   RO          844    i.fabs              math.o
    0x0800875c   0x0800875c   0x000000b0   Code   RO         1241    i.get_angle         bsp_imu.o
    0x0800880c   0x0800880c   0x000000ec   Code   RO         1244    i.imu_cali_slove    bsp_imu.o
    0x080088f8   0x080088f8   0x000000fc   Code   RO         1245    i.imu_cmd_spi_dma   bsp_imu.o
    0x080089f4   0x080089f4   0x0000000c   Code   RO         1474    i.imu_pwm_set       bsp_imu_pwm.o
    0x08008a00   0x08008a00   0x0000007c   Code   RO         1246    i.imu_temp_control  bsp_imu.o
    0x08008a7c   0x08008a7c   0x0000000a   Code   RO          845    i.int16_abs         math.o
    0x08008a86   0x08008a86   0x00000002   PAD
    0x08008a88   0x08008a88   0x0000002c   Code   RO         2073    i.invSqrt           mahonyahrs.o
    0x08008ab4   0x08008ab4   0x0000001c   Code   RO         2428    i.ist8310_IIC_read_muli_reg  ist8310driver_middleware.o
    0x08008ad0   0x08008ad0   0x00000054   Code   RO         2393    i.ist8310_read_mag  ist8310driver.o
    0x08008b24   0x08008b24   0x00000300   Code   RO         1727    i.key_control_data  rc_task.o
    0x08008e24   0x08008e24   0x0000000c   Code   RO          787    i.led_on            led.o
    0x08008e30   0x08008e30   0x00000038   Code   RO          847    i.limits_change     math.o
    0x08008e68   0x08008e68   0x00000074   Code   RO           15    i.main              main.o
    0x08008edc   0x08008edc   0x00000048   Code   RO         1728    i.rc_cali           rc_task.o
    0x08008f24   0x08008f24   0x000000e8   Code   RO         1553    i.remote_chassis    chassis_task.o
    0x0800900c   0x0800900c   0x00000224   Code   RO         1729    i.remote_control_data  rc_task.o
    0x08009230   0x08009230   0x00000010   Code   RO          941    i.remote_control_init  remote_control.o
    0x08009240   0x08009240   0x000000ee   Code   RO          942    i.sbus_to_rc        remote_control.o
    0x0800932e   0x0800932e   0x00000002   PAD
    0x08009330   0x08009330   0x0000006c   Code   RO         1926    i.shoot_init        shoot_task.o
    0x0800939c   0x0800939c   0x00000088   Code   RO         1927    i.shoot_task        shoot_task.o
    0x08009424   0x08009424   0x0000003e   Code   RO         6442    i.sqrtf             m_wm.l(sqrtf.o)
    0x08009462   0x08009462   0x00000002   PAD
    0x08009464   0x08009464   0x00000020   Code   RO         1501    i.uart_init         bsp_uart.o
    0x08009484   0x08009484   0x00000014   Data   RO         1250    .constdata          bsp_imu.o
    0x08009498   0x08009498   0x00000012   Data   RO         2204    .constdata          bmi088driver.o
    0x080094aa   0x080094aa   0x00000008   Data   RO         3259    .constdata          stm32f4xx_hal_dma.o
    0x080094b2   0x080094b2   0x00000010   Data   RO         6077    .constdata          system_stm32f4xx.o
    0x080094c2   0x080094c2   0x00000008   Data   RO         6078    .constdata          system_stm32f4xx.o
    0x080094ca   0x080094ca   0x00000002   PAD
    0x080094cc   0x080094cc   0x00000020   Data   RO         6505    Region$$Table       anon$$obj.o


    Execution Region RW_IRAM1 (Exec base: 0x20000000, Load base: 0x080094ec, Size: 0x00001330, Max: 0x00020000, ABSOLUTE, COMPRESSED[0x000000e0])

    Exec Addr    Load Addr    Size         Type   Attr      Idx    E Section Name        Object

    0x20000000   COMPRESSED   0x00000004   Data   RW          276    .data               can.o
    0x20000004   COMPRESSED   0x00000004   Data   RW          897    .data               pid.o
    0x20000008   COMPRESSED   0x00000002   Data   RW          945    .data               remote_control.o
    0x2000000a   COMPRESSED   0x00000007   Data   RW         1162    .data               bsp_can.o
    0x20000011   COMPRESSED   0x00000007   Data   RW         1163    .data               bsp_can.o
    0x20000018   COMPRESSED   0x00000008   Data   RW         1195    .data               delay.o
    0x20000020   COMPRESSED   0x0000009c   Data   RW         1252    .data               bsp_imu.o
    0x200000bc   COMPRESSED   0x00000028   Data   RW         1504    .data               bsp_uart.o
    0x200000e4   COMPRESSED   0x000000c0   Data   RW         1616    .data               gimbal_task.o
    0x200001a4   COMPRESSED   0x00000004   Data   RW         1620    .data               gimbal_task.o
    0x200001a8   COMPRESSED   0x0000002c   Data   RW         1730    .data               rc_task.o
    0x200001d4   COMPRESSED   0x00000010   Data   RW         1863    .data               tim3_cnt_task.o
    0x200001e4   COMPRESSED   0x00000014   Data   RW         1894    .data               vision_task.o
    0x200001f8   COMPRESSED   0x00000004   Data   RW         1896    .data               vision_task.o
    0x200001fc   COMPRESSED   0x00000050   Data   RW         1929    .data               shoot_task.o
    0x2000024c   COMPRESSED   0x00000002   Data   RW         1977    .data               lk_pitch_turn.o
    0x2000024e   COMPRESSED   0x00000002   PAD
    0x20000250   COMPRESSED   0x00000004   Data   RW         1978    .data               lk_pitch_turn.o
    0x20000254   COMPRESSED   0x00000010   Data   RW         2038    .data               buzzer_task.o
    0x20000264   COMPRESSED   0x00000004   Data   RW         2039    .data               buzzer_task.o
    0x20000268   COMPRESSED   0x00000014   Data   RW         2074    .data               mahonyahrs.o
    0x2000027c   COMPRESSED   0x0000002c   Data   RW         2205    .data               bmi088driver.o
    0x200002a8   COMPRESSED   0x0000000c   Data   RW         3681    .data               stm32f4xx_hal.o
    0x200002b4   COMPRESSED   0x00000004   Data   RW         6079    .data               system_stm32f4xx.o
    0x200002b8   COMPRESSED   0x00000004   Data   RW         6478    .data               mc_w.l(errno.o)
    0x200002bc        -       0x00000050   Zero   RW          275    .bss                can.o
    0x2000030c        -       0x00000054   Zero   RW          347    .bss                i2c.o
    0x20000360        -       0x00000118   Zero   RW          389    .bss                spi.o
    0x20000478        -       0x00000120   Zero   RW          435    .bss                tim.o
    0x20000598        -       0x00000170   Zero   RW          500    .bss                usart.o
    0x20000708        -       0x00000060   Zero   RW          501    .bss                usart.o
    0x20000768        -       0x00000050   Zero   RW          739    .bss                can_receive.o
    0x200007b8        -       0x00000030   Zero   RW          790    .bss                led.o
    0x200007e8        -       0x00000074   Zero   RW          943    .bss                remote_control.o
    0x2000085c        -       0x0000001c   Zero   RW          944    .bss                remote_control.o
    0x20000878        -       0x00000120   Zero   RW         1247    .bss                bsp_imu.o
    0x20000998        -       0x00000022   Zero   RW         1502    .bss                bsp_uart.o
    0x200009ba   COMPRESSED   0x00000002   PAD
    0x200009bc        -       0x000003a0   Zero   RW         1615    .bss                gimbal_task.o
    0x20000d5c        -       0x00000010   Zero   RW         1893    .bss                vision_task.o
    0x20000d6c        -       0x00000178   Zero   RW         1928    .bss                shoot_task.o
    0x20000ee4   COMPRESSED   0x00000004   PAD
    0x20000ee8        -       0x00000048   Zero   RW         1976    .bss                lk_pitch_turn.o
    0x20000f30        -       0x00000400   Zero   RW            1    STACK               startup_stm32f407xx.o


==============================================================================

Image component sizes


      Code (inc. data)   RO Data    RW Data    ZI Data      Debug   Object Name

      2158         32         18         44          0      10923   bmi088driver.o
       108         28          0          0          0       4732   bmi088middleware.o
        96         10          0         14          0       1269   bsp_can.o
      2308        160         20        156        288     592392   bsp_imu.o
        12          4          0          0          0        510   bsp_imu_pwm.o
      4964         74          0          0          0       2438   bsp_spi.o
       376         60          0         40         34       3766   bsp_uart.o
        32         10          0          0          0     582573   buzzer.o
       154          4          0         20          0       1837   buzzer_task.o
       408         44          0          4         80       2558   can.o
       496         52          0          0         80       3163   can_receive.o
       232         18          0          0          0        661   chassis_task.o
       144         22          0          8          0       2015   delay.o
        92          4          0          0          0        850   dma.o
      1648        206          0        196        928       9466   gimbal_task.o
       352         22          0          0          0       1171   gpio.o
       200         32          0          0         84       1773   i2c.o
        84          4          0          0          0       1619   ist8310driver.o
        28          6          0          0          0       1132   ist8310driver_middleware.o
        12          0          0          0         48       1402   led.o
       208         22          0          6         72       3757   lk_pitch_turn.o
      1380         40          0         20          0       3757   mahonyahrs.o
       250         16          0          0          0     719664   main.o
        82          0          0          0          0       1767   math.o
       320         16          0          4          0       2466   pid.o
      1448        156          0         44          0       5224   rc_task.o
       790         66          0          2        144       6483   remote_control.o
       588         40          0          0          0       5676   sent_task.o
       244         28          0         80        376       2872   shoot_task.o
       324         34          0          0        280       1963   spi.o
        36          8        392          0       1024        848   startup_stm32f407xx.o
       148         24          0         12          0       8861   stm32f4xx_hal.o
      2004          6          0          0          0      15211   stm32f4xx_hal_can.o
       208         16          0          0          0      33719   stm32f4xx_hal_cortex.o
      1272         18          8          0          0       7606   stm32f4xx_hal_dma.o
       594         24          0          0          0       3035   stm32f4xx_hal_gpio.o
      2124         34          0          0          0      10082   stm32f4xx_hal_i2c.o
        64          4          0          0          0        898   stm32f4xx_hal_msp.o
      1722        104          0          0          0       6608   stm32f4xx_hal_rcc.o
      1010         14          0          0          0       4897   stm32f4xx_hal_spi.o
      2160         56          0          0          0      17120   stm32f4xx_hal_tim.o
       158          0          0          0          0       2613   stm32f4xx_hal_tim_ex.o
      2296         22          0          0          0      18005   stm32f4xx_hal_uart.o
       140         48          0          0          0      10051   stm32f4xx_it.o
        88         24         24          4          0       1215   system_stm32f4xx.o
       700         78          0          0        288       4573   tim.o
       292         20          0         16          0       1570   tim3_cnt_task.o
       756        100          0          0        464       4159   usart.o
       172         20          0         24         16       1578   vision_task.o

    ----------------------------------------------------------------------
     35528       1830        496        696       4212    2132528   Object Totals
         0          0         32          0          0          0   (incl. Generated)
        46          0          2          2          6          0   (incl. Padding)

    ----------------------------------------------------------------------

      Code (inc. data)   RO Data    RW Data    ZI Data      Debug   Library Member Name

       300         42          0          0          0        176   asinf.o
       592         90          0          0          0        184   atan2f.o
        38          0          0          0          0        116   fpclassifyf.o
        44         12          0          0          0        464   funder.o
       122          0          0          0          0        148   sqrt.o
        62          0          0          0          0        136   sqrtf.o
        86          0          0          0          0          0   __dczerorl2.o
         0          0          0          0          0          0   entry.o
         0          0          0          0          0          0   entry10a.o
         0          0          0          0          0          0   entry11a.o
         8          4          0          0          0          0   entry2.o
         4          0          0          0          0          0   entry5.o
         0          0          0          0          0          0   entry7b.o
         0          0          0          0          0          0   entry8b.o
         8          4          0          0          0          0   entry9a.o
        12          6          0          4          0         68   errno.o
        30          0          0          0          0          0   handlers.o
        36          8          0          0          0         68   init.o
         0          0          0          0          0          0   iusefp.o
        30          0          0          0          0         68   llshl.o
        32          0          0          0          0         68   llushr.o
        36          0          0          0          0        108   memseta.o
        98          0          0          0          0         92   uldiv.o
        56          0          0          0          0         88   d2f.o
       186          0          0          0          0        176   depilogue.o
       162          0          0          0          0        100   dsqrt.o
        38          0          0          0          0         68   f2d.o
       110          0          0          0          0        168   fepilogue.o

    ----------------------------------------------------------------------
      2100        166          0          4          0       2296   Library Totals
        10          0          0          0          0          0   (incl. Padding)

    ----------------------------------------------------------------------

      Code (inc. data)   RO Data    RW Data    ZI Data      Debug   Library Name

      1158        144          0          0          0       1224   m_wm.l
       380         22          0          4          0        472   mc_w.l
       552          0          0          0          0        600   mf_w.l

    ----------------------------------------------------------------------
      2100        166          0          4          0       2296   Library Totals

    ----------------------------------------------------------------------

==============================================================================


      Code (inc. data)   RO Data    RW Data    ZI Data      Debug   

     37628       1996        496        700       4212    2111392   Grand Totals
     37628       1996        496        224       4212    2111392   ELF Image Totals (compressed)
     37628       1996        496        224          0          0   ROM Totals

==============================================================================

    Total RO  Size (Code + RO Data)                38124 (  37.23kB)
    Total RW  Size (RW Data + ZI Data)              4912 (   4.80kB)
    Total ROM Size (Code + RO Data + RW Data)      38348 (  37.45kB)

==============================================================================

