<html>
<body>
<pre>
<h1>µVision Build Log</h1>
<h2>Tool Versions:</h2>
IDE-Version: ¦ÌVision V5.30.0.0
Copyright (C) 2020 ARM Ltd and ARM Germany GmbH. All rights reserved.
License Information: Junqian Yin, NEU, LIC=AK1BF-6LPT3-F1LPT-RFTVR-1DVAT-TFK3K
 
Tool Versions:
Toolchain:       MDK-ARM Professional  Version: 5.30.0.0
Toolchain Path:  C:\Keil_v5\ARM\ARMCC\Bin
C Compiler:      Armcc.exe V5.06 update 6 (build 750)
Assembler:       Armasm.exe V5.06 update 6 (build 750)
Linker/Locator:  ArmLink.exe V5.06 update 6 (build 750)
Library Manager: ArmAr.exe V5.06 update 6 (build 750)
Hex Converter:   FromElf.exe V5.06 update 6 (build 750)
CPU DLL:         SARMCM3.DLL V5.30.0.0
Dialog DLL:      DCM.DLL V1.17.3.0
Target DLL:      Segger\JL2CM3.dll V2.99.38.0
Dialog DLL:      TCM.DLL V1.42.0.0
 
<h2>Project:</h2>
C:\Users\Sai\Desktop\AGV_Hero\LK_gimbal\gimbal\MDK-ARM\gimbal.uvprojx
Project File Date:  05/08/2023

<h2>Output:</h2>
*** Using Compiler 'V5.06 update 6 (build 750)', folder: 'C:\Keil_v5\ARM\ARMCC\Bin'
Build target 'gimbal'
compiling TIM3_cnt_task.c...
../BSP/BSP_UART/bsp_uart.h(26): warning:  #1-D: last line of file ends without a newline
  #endif
..\TASK\TIM3_cnt_task.c: 1 warning, 0 errors
compiling RC_task.c...
../BSP/BSP_UART/bsp_uart.h(26): warning:  #1-D: last line of file ends without a newline
  #endif
..\TASK\RC_task.c(289): warning:  #177-D: function "deadline_judge"  was declared but never referenced
  static int deadline_judge(uint8_t a)
..\TASK\RC_task.c: 2 warnings, 0 errors
compiling gimbal_task.c...
..\TASK\lk_pitch_turn.h(39): warning:  #1-D: last line of file ends without a newline
  void Send_Pitch_Motor_Shutdown_Instruction(void);
..\TASK\gimbal_task.c: 1 warning, 0 errors
linking...
Program Size: Code=37008 RO-data=496 RW-data=680 ZI-data=4232  
FromELF: creating hex file...
"gimbal\gimbal.axf" - 0 Error(s), 4 Warning(s).

<h2>Software Packages used:</h2>

Package Vendor: ARM
                http://www.keil.com/pack/ARM.CMSIS.5.7.0.pack
                ARM.CMSIS.5.7.0
                CMSIS (Cortex Microcontroller Software Interface Standard)
   * Component: CORE Version: 5.4.0

Package Vendor: Keil
                https://www.keil.com/pack/Keil.STM32F4xx_DFP.2.17.0.pack
                Keil.STM32F4xx_DFP.2.17.0
                STMicroelectronics STM32F4 Series Device Support, Drivers and Examples

<h2>Collection of Component include folders:</h2>
  .\RTE\_gimbal
  C:\Users\Sai\AppData\Local\Arm\Packs\ARM\CMSIS\5.7.0\CMSIS\Core\Include
  C:\Users\Sai\AppData\Local\Arm\Packs\Keil\STM32F4xx_DFP\2.17.0\Drivers\CMSIS\Device\ST\STM32F4xx\Include

<h2>Collection of Component Files used:</h2>

   * Component: ARM::CMSIS:CORE:5.4.0
Build Time Elapsed:  00:00:03
</pre>
</body>
</html>
