Component: ARM Compiler 5.06 update 6 (build 750) Tool: armlink [4d35ed]

==============================================================================

Section Cross References

    startup_stm32f407xx.o(STACK) refers (Special) to heapauxi.o(.text) for __use_two_region_memory
    startup_stm32f407xx.o(HEAP) refers (Special) to heapauxi.o(.text) for __use_two_region_memory
    startup_stm32f407xx.o(RESET) refers (Special) to heapauxi.o(.text) for __use_two_region_memory
    startup_stm32f407xx.o(RESET) refers to startup_stm32f407xx.o(STACK) for __initial_sp
    startup_stm32f407xx.o(RESET) refers to startup_stm32f407xx.o(.text) for Reset_Handler
    startup_stm32f407xx.o(RESET) refers to stm32f4xx_it.o(i.NMI_Handler) for NMI_Handler
    startup_stm32f407xx.o(RESET) refers to stm32f4xx_it.o(i.HardFault_Handler) for HardFault_Handler
    startup_stm32f407xx.o(RESET) refers to stm32f4xx_it.o(i.MemManage_Handler) for MemManage_Handler
    startup_stm32f407xx.o(RESET) refers to stm32f4xx_it.o(i.BusFault_Handler) for BusFault_Handler
    startup_stm32f407xx.o(RESET) refers to stm32f4xx_it.o(i.UsageFault_Handler) for UsageFault_Handler
    startup_stm32f407xx.o(RESET) refers to stm32f4xx_it.o(i.SVC_Handler) for SVC_Handler
    startup_stm32f407xx.o(RESET) refers to stm32f4xx_it.o(i.DebugMon_Handler) for DebugMon_Handler
    startup_stm32f407xx.o(RESET) refers to stm32f4xx_it.o(i.PendSV_Handler) for PendSV_Handler
    startup_stm32f407xx.o(RESET) refers to stm32f4xx_it.o(i.SysTick_Handler) for SysTick_Handler
    startup_stm32f407xx.o(RESET) refers to stm32f4xx_it.o(i.DMA1_Stream1_IRQHandler) for DMA1_Stream1_IRQHandler
    startup_stm32f407xx.o(RESET) refers to stm32f4xx_it.o(i.CAN1_RX0_IRQHandler) for CAN1_RX0_IRQHandler
    startup_stm32f407xx.o(RESET) refers to stm32f4xx_it.o(i.TIM3_IRQHandler) for TIM3_IRQHandler
    startup_stm32f407xx.o(RESET) refers to bsp_uart.o(i.USART1_IRQHandler) for USART1_IRQHandler
    startup_stm32f407xx.o(RESET) refers to remote_control.o(i.USART3_IRQHandler) for USART3_IRQHandler
    startup_stm32f407xx.o(RESET) refers to stm32f4xx_it.o(i.DMA2_Stream1_IRQHandler) for DMA2_Stream1_IRQHandler
    startup_stm32f407xx.o(RESET) refers to stm32f4xx_it.o(i.CAN2_RX0_IRQHandler) for CAN2_RX0_IRQHandler
    startup_stm32f407xx.o(RESET) refers to stm32f4xx_it.o(i.DMA2_Stream5_IRQHandler) for DMA2_Stream5_IRQHandler
    startup_stm32f407xx.o(RESET) refers to stm32f4xx_it.o(i.DMA2_Stream6_IRQHandler) for DMA2_Stream6_IRQHandler
    startup_stm32f407xx.o(RESET) refers to stm32f4xx_it.o(i.DMA2_Stream7_IRQHandler) for DMA2_Stream7_IRQHandler
    startup_stm32f407xx.o(RESET) refers to stm32f4xx_it.o(i.USART6_IRQHandler) for USART6_IRQHandler
    startup_stm32f407xx.o(.text) refers (Special) to heapauxi.o(.text) for __use_two_region_memory
    startup_stm32f407xx.o(.text) refers to system_stm32f4xx.o(i.SystemInit) for SystemInit
    startup_stm32f407xx.o(.text) refers to __main.o(!!!main) for __main
    startup_stm32f407xx.o(.text) refers to startup_stm32f407xx.o(HEAP) for Heap_Mem
    startup_stm32f407xx.o(.text) refers to startup_stm32f407xx.o(STACK) for Stack_Mem
    my_init.o(i.all_init) refers to pid.o(i.motor_pid_init) for motor_pid_init
    my_init.o(i.all_init) refers to trigger_turn.o(i.trigger_all_init) for trigger_all_init
    my_init.o(i.all_init) refers to bsp_referee.o(i.referee_usart_fifo_init) for referee_usart_fifo_init
    my_init.o(i.all_init) refers to pid.o(i.POWER_PID_Init) for POWER_PID_Init
    my_init.o(i.all_init) refers to remote_control.o(i.remote_control_init) for remote_control_init
    my_init.o(i.all_init) refers to bsp_can.o(i.bsp_can_init) for bsp_can_init
    my_init.o(i.all_init) refers to stm32f4xx_hal_tim.o(i.HAL_TIM_Base_Start_IT) for HAL_TIM_Base_Start_IT
    my_init.o(i.all_init) refers to referee.o(i.init_referee_struct_data) for init_referee_struct_data
    my_init.o(i.all_init) refers to yaw_turn.o(i.Yaw_PIDinit) for Yaw_PIDinit
    my_init.o(i.all_init) refers to bsp_uart.o(i.uart_init) for uart_init
    my_init.o(i.all_init) refers to chassis_move.o(.bss) for chassis_center
    my_init.o(i.all_init) refers to tim.o(.bss) for htim3
    my_init.o(i.mode_init) refers to chassis_move.o(.bss) for chassis_center
    main.o(i.SystemClock_Config) refers to rt_memclr_w.o(.text) for __aeabi_memclr4
    main.o(i.SystemClock_Config) refers to stm32f4xx_hal_rcc.o(i.HAL_RCC_OscConfig) for HAL_RCC_OscConfig
    main.o(i.SystemClock_Config) refers to main.o(i.Error_Handler) for Error_Handler
    main.o(i.SystemClock_Config) refers to stm32f4xx_hal_rcc.o(i.HAL_RCC_ClockConfig) for HAL_RCC_ClockConfig
    main.o(i.main) refers to stm32f4xx_hal.o(i.HAL_Init) for HAL_Init
    main.o(i.main) refers to main.o(i.SystemClock_Config) for SystemClock_Config
    main.o(i.main) refers to gpio.o(i.MX_GPIO_Init) for MX_GPIO_Init
    main.o(i.main) refers to dma.o(i.MX_DMA_Init) for MX_DMA_Init
    main.o(i.main) refers to can.o(i.MX_CAN2_Init) for MX_CAN2_Init
[...]
    .data                                    0x200000f8   Section       46  trigger_turn.o(.data)
    .data                                    0x20000128   Section       76  yaw_turn.o(.data)
    .data                                    0x20000174   Section       24  remote_control.o(.data)
    this_time_rx_len                         0x2000018a   Data           2  remote_control.o(.data)
    .data                                    0x2000018c   Section       15  supercap.o(.data)
    .data                                    0x2000019c   Section       56  bsp_uart.o(.data)
    i                                        0x200001ac   Data           4  bsp_uart.o(.data)
    .data                                    0x200001d4   Section        9  stm32f4xx_hal.o(.data)
    .data                                    0x200001e0   Section        4  system_stm32f4xx.o(.data)
    .bss                                     0x200001e4   Section       53  main.o(.bss)
    .bss                                     0x2000021c   Section       80  can.o(.bss)
    .bss                                     0x2000026c   Section       72  tim.o(.bss)
    .bss                                     0x200002b4   Section      684  usart.o(.bss)
    .bss                                     0x20000560   Section     2644  chassis_move.o(.bss)
    .bss                                     0x20000fb4   Section      239  referee.o(.bss)
    .bss                                     0x200010a4   Section      192  trigger_turn.o(.bss)
    .bss                                     0x20001164   Section      348  yaw_turn.o(.bss)
    .bss                                     0x200012c0   Section       64  can_receive.o(.bss)
    .bss                                     0x20001300   Section       72  remote_control.o(.bss)
    sbus_rx_buf                              0x20001300   Data          72  remote_control.o(.bss)
    .bss                                     0x20001348   Section      208  briter_encoder.o(.bss)
    .bss                                     0x20001418   Section       16  bsp_can.o(.bss)
    .bss                                     0x20001428   Section     2072  bsp_referee.o(.bss)
    .bss                                     0x20001c40   Section      151  bsp_uart.o(.bss)
    .bss                                     0x20001cd8   Section       96  libspace.o(.bss)
    HEAP                                     0x20001d38   Section      512  startup_stm32f407xx.o(HEAP)
    Heap_Mem                                 0x20001d38   Data         512  startup_stm32f407xx.o(HEAP)
    STACK                                    0x20001f38   Section     1024  startup_stm32f407xx.o(STACK)
    Stack_Mem                                0x20001f38   Data        1024  startup_stm32f407xx.o(STACK)
    __initial_sp                             0x20002338   Data           0  startup_stm32f407xx.o(STACK)

    Global Symbols

    Symbol Name                              Value     Ov Type        Size  Object(Section)

    BuildAttributes$$THM_ISAv4$E$P$D$K$B$S$7EM$VFPi3$EXTD16$VFPS$VFMA$PE$A:L22UL41UL21$X:L11$S22US41US21$IEEE1$IW$USESV6$~STKCKD$USESV7$~SHL$OTIME$ROPI$IEEEX$EBA8$UX$STANDARDLIB$REQ8$PRES8$EABIv2 0x00000000   Number         0  anon$$obj.o ABSOLUTE
    __ARM_use_no_argv                        0x00000000   Number         0  main.o ABSOLUTE
    __ARM_exceptions_init                     - Undefined Weak Reference
    __alloca_initialize                       - Undefined Weak Reference
    __arm_preinit_                            - Undefined Weak Reference
    __cpp_initialize__aeabi_                  - Undefined Weak Reference
    __cxa_finalize                            - Undefined Weak Reference
    __rt_locale                               - Undefined Weak Reference
    __sigvec_lookup                           - Undefined Weak Reference
    __user_heap_extent                        - Undefined Weak Reference
    _atexit_init                              - Undefined Weak Reference
    _call_atexit_fns                          - Undefined Weak Reference
    _clock_init                               - Undefined Weak Reference
    _fp_trap_init                             - Undefined Weak Reference
    _fp_trap_shutdown                         - Undefined Weak Reference
    _get_lc_collate                           - Undefined Weak Reference
    _get_lc_ctype                             - Undefined Weak Reference
    _get_lc_monetary                          - Undefined Weak Reference
    _get_lc_numeric                           - Undefined Weak Reference
    _get_lc_time                              - Undefined Weak Reference
    _getenv_init                              - Undefined Weak Reference
    _handle_redirection                       - Undefined Weak Reference
    _initio                                   - Undefined Weak Reference
    _mutex_acquire                            - Undefined Weak Reference
    _mutex_free                               - Undefined Weak Reference
    _mutex_release                            - Undefined Weak Reference
    _rand_init                                - Undefined Weak Reference
    _signal_finish                            - Undefined Weak Reference
    _signal_init                              - Undefined Weak Reference
    _terminateio                              - Undefined Weak Reference
    __Vectors_Size                           0x00000188   Number         0  startup_stm32f407xx.o ABSOLUTE
    __Vectors                                0x08000000   Data           4  startup_stm32f407xx.o(RESET)
    __Vectors_End                            0x08000188   Data           0  startup_stm32f407xx.o(RESET)
    __main                                   0x08000189   Thumb Code     8  __main.o(!!!main)
    __scatterload                            0x08000191   Thumb Code     0  __scatter.o(!!!scatter)
    __scatterload_rt2                        0x08000191   Thumb Code    44  __scatter.o(!!!scatter)
    __scatterload_rt2_thumb_only             0x08000191   Thumb Code     0  __scatter.o(!!!scatter)
    __scatterload_null                       0x0800019f   Thumb Code     0  __scatter.o(!!!scatter)
    __decompress                             0x080001c5   Thumb Code    90  __dczerorl2.o(!!dczerorl2)
    __decompress1                            0x080001c5   Thumb Code     0  __dczerorl2.o(!!dczerorl2)
    __scatterload_zeroinit                   0x08000221   Thumb Code    28  __scatter_zi.o(!!handler_zi)
    __rt_lib_init                            0x0800023d   Thumb Code     0  libinit.o(.ARM.Collect$$libinit$$00000000)
    __rt_lib_init_fp_1                       0x0800023f   Thumb Code     0  libinit2.o(.ARM.Collect$$libinit$$00000001)
    __rt_lib_init_alloca_1                   0x08000243   Thumb Code     0  libinit2.o(.ARM.Collect$$libinit$$0000002E)
    __rt_lib_init_argv_1                     0x08000243   Thumb Code     0  libinit2.o(.ARM.Collect$$libinit$$0000002C)
    __rt_lib_init_atexit_1                   0x08000243   Thumb Code     0  libinit2.o(.ARM.Collect$$libinit$$0000001B)
    __rt_lib_init_clock_1                    0x08000243   Thumb Code     0  libinit2.o(.ARM.Collect$$libinit$$00000021)
    __rt_lib_init_cpp_1                      0x08000243   Thumb Code     0  libinit2.o(.ARM.Collect$$libinit$$00000032)
    __rt_lib_init_exceptions_1               0x08000243   Thumb Code     0  libinit2.o(.ARM.Collect$$libinit$$00000030)
    __rt_lib_init_fp_trap_1                  0x08000243   Thumb Code     0  libinit2.o(.ARM.Collect$$libinit$$0000001F)
    __rt_lib_init_getenv_1                   0x08000243   Thumb Code     0  libinit2.o(.ARM.Collect$$libinit$$00000023)
    __rt_lib_init_heap_1                     0x08000243   Thumb Code     0  libinit2.o(.ARM.Collect$$libinit$$0000000A)
    __rt_lib_init_lc_collate_1               0x08000243   Thumb Code     0  libinit2.o(.ARM.Collect$$libinit$$00000011)
    __rt_lib_init_lc_ctype_1                 0x08000243   Thumb Code     0  libinit2.o(.ARM.Collect$$libinit$$00000013)
    __rt_lib_init_lc_monetary_1              0x08000243   Thumb Code     0  libinit2.o(.ARM.Collect$$libinit$$00000015)
    __rt_lib_init_lc_numeric_1               0x08000243   Thumb Code     0  libinit2.o(.ARM.Collect$$libinit$$00000017)
    __rt_lib_init_lc_time_1                  0x08000243   Thumb Code     0  libinit2.o(.ARM.Collect$$libinit$$00000019)
    __rt_lib_init_preinit_1                  0x08000243   Thumb Code     0  libinit2.o(.ARM.Collect$$libinit$$00000004)
    __rt_lib_init_rand_1                     0x08000243   Thumb Code     0  libinit2.o(.ARM.Collect$$libinit$$0000000E)
    __rt_lib_init_return                     0x08000243   Thumb Code     0  libinit2.o(.ARM.Collect$$libinit$$00000033)
    __rt_lib_init_signal_1                   0x08000243   Thumb Code     0  libinit2.o(.ARM.Collect$$libinit$$0000001D)
    __rt_lib_init_stdio_1                    0x08000243   Thumb Code     0  libinit2.o(.ARM.Collect$$libinit$$00000025)
    __rt_lib_init_user_alloc_1               0x08000243   Thumb Code     0  libinit2.o(.ARM.Collect$$libinit$$0000000C)
    __rt_lib_shutdown                        0x08000245   Thumb Code     0  libshutdown.o(.ARM.Collect$$libshutdown$$00000000)
    __rt_lib_shutdown_cpp_1                  0x08000247   Thumb Code     0  libshutdown2.o(.ARM.Collect$$libshutdown$$00000002)
    __rt_lib_shutdown_fp_trap_1              0x08000247   Thumb Code     0  libshutdown2.o(.ARM.Collect$$libshutdown$$00000007)
    __rt_lib_shutdown_heap_1                 0x08000247   Thumb Code     0  libshutdown2.o(.ARM.Collect$$libshutdown$$0000000F)
    __rt_lib_shutdown_return                 0x08000247   Thumb Code     0  libshutdown2.o(.ARM.Collect$$libshutdown$$00000010)
    __rt_lib_shutdown_signal_1               0x08000247   Thumb Code     0  libshutdown2.o(.ARM.Collect$$libshutdown$$0000000A)
    __rt_lib_shutdown_stdio_1                0x08000247   Thumb Code     0  libshutdown2.o(.ARM.Collect$$libshutdown$$00000004)
    __rt_lib_shutdown_user_alloc_1           0x08000247   Thumb Code     0  libshutdown2.o(.ARM.Collect$$libshutdown$$0000000C)
    __rt_entry                               0x08000249   Thumb Code     0  __rtentry.o(.ARM.Collect$$rtentry$$00000000)
    __rt_entry_presh_1                       0x08000249   Thumb Code     0  __rtentry2.o(.ARM.Collect$$rtentry$$00000002)
    __rt_entry_sh                            0x08000249   Thumb Code     0  __rtentry4.o(.ARM.Collect$$rtentry$$00000004)
    __rt_entry_li                            0x0800024f   Thumb Code     0  __rtentry2.o(.ARM.Collect$$rtentry$$0000000A)
    __rt_entry_postsh_1                      0x0800024f   Thumb Code     0  __rtentry2.o(.ARM.Collect$$rtentry$$00000009)
    __rt_entry_main                          0x08000253   Thumb Code     0  __rtentry2.o(.ARM.Collect$$rtentry$$0000000D)
    __rt_entry_postli_1                      0x08000253   Thumb Code     0  __rtentry2.o(.ARM.Collect$$rtentry$$0000000C)
    __rt_exit                                0x0800025b   Thumb Code     0  rtexit.o(.ARM.Collect$$rtexit$$00000000)
    __rt_exit_ls                             0x0800025d   Thumb Code     0  rtexit2.o(.ARM.Collect$$rtexit$$00000003)
    __rt_exit_prels_1                        0x0800025d   Thumb Code     0  rtexit2.o(.ARM.Collect$$rtexit$$00000002)
    __rt_exit_exit                           0x08000261   Thumb Code     0  rtexit2.o(.ARM.Collect$$rtexit$$00000004)
    Reset_Handler                            0x08000269   Thumb Code     8  startup_stm32f407xx.o(.text)
    ADC_IRQHandler                           0x08000283   Thumb Code     0  startup_stm32f407xx.o(.text)
    CAN1_RX1_IRQHandler                      0x08000283   Thumb Code     0  startup_stm32f407xx.o(.text)
    CAN1_SCE_IRQHandler                      0x08000283   Thumb Code     0  startup_stm32f407xx.o(.text)
    CAN1_TX_IRQHandler                       0x08000283   Thumb Code     0  startup_stm32f407xx.o(.text)
    CAN2_RX1_IRQHandler                      0x08000283   Thumb Code     0  startup_stm32f407xx.o(.text)
    CAN2_SCE_IRQHandler                      0x08000283   Thumb Code     0  startup_stm32f407xx.o(.text)
    CAN2_TX_IRQHandler                       0x08000283   Thumb Code     0  startup_stm32f407xx.o(.text)
    DCMI_IRQHandler                          0x08000283   Thumb Code     0  startup_stm32f407xx.o(.text)
    DMA1_Stream0_IRQHandler                  0x08000283   Thumb Code     0  startup_stm32f407xx.o(.text)
    DMA1_Stream2_IRQHandler                  0x08000283   Thumb Code     0  startup_stm32f407xx.o(.text)
    DMA1_Stream3_IRQHandler                  0x08000283   Thumb Code     0  startup_stm32f407xx.o(.text)
    DMA1_Stream4_IRQHandler                  0x08000283   Thumb Code     0  startup_stm32f407xx.o(.text)
    DMA1_Stream5_IRQHandler                  0x08000283   Thumb Code     0  startup_stm32f407xx.o(.text)
    DMA1_Stream6_IRQHandler                  0x08000283   Thumb Code     0  startup_stm32f407xx.o(.text)
    DMA1_Stream7_IRQHandler                  0x08000283   Thumb Code     0  startup_stm32f407xx.o(.text)
    DMA2_Stream0_IRQHandler                  0x08000283   Thumb Code     0  startup_stm32f407xx.o(.text)
    DMA2_Stream2_IRQHandler                  0x08000283   Thumb Code     0  startup_stm32f407xx.o(.text)
    DMA2_Stream3_IRQHandler                  0x08000283   Thumb Code     0  startup_stm32f407xx.o(.text)
    DMA2_Stream4_IRQHandler                  0x08000283   Thumb Code     0  startup_stm32f407xx.o(.text)
    ETH_IRQHandler                           0x08000283   Thumb Code     0  startup_stm32f407xx.o(.text)
    ETH_WKUP_IRQHandler                      0x08000283   Thumb Code     0  startup_stm32f407xx.o(.text)
    EXTI0_IRQHandler                         0x08000283   Thumb Code     0  startup_stm32f407xx.o(.text)
    EXTI15_10_IRQHandler                     0x08000283   Thumb Code     0  startup_stm32f407xx.o(.text)
    EXTI1_IRQHandler                         0x08000283   Thumb Code     0  startup_stm32f407xx.o(.text)
    EXTI2_IRQHandler                         0x08000283   Thumb Code     0  startup_stm32f407xx.o(.text)
    EXTI3_IRQHandler                         0x08000283   Thumb Code     0  startup_stm32f407xx.o(.text)
    EXTI4_IRQHandler                         0x08000283   Thumb Code     0  startup_stm32f407xx.o(.text)
    EXTI9_5_IRQHandler                       0x08000283   Thumb Code     0  startup_stm32f407xx.o(.text)
    FLASH_IRQHandler                         0x08000283   Thumb Code     0  startup_stm32f407xx.o(.text)
    FMC_IRQHandler                           0x08000283   Thumb Code     0  startup_stm32f407xx.o(.text)
    FPU_IRQHandler                           0x08000283   Thumb Code     0  startup_stm32f407xx.o(.text)
    HASH_RNG_IRQHandler                      0x08000283   Thumb Code     0  startup_stm32f407xx.o(.text)
    I2C1_ER_IRQHandler                       0x08000283   Thumb Code     0  startup_stm32f407xx.o(.text)
    I2C1_EV_IRQHandler                       0x08000283   Thumb Code     0  startup_stm32f407xx.o(.text)
    I2C2_ER_IRQHandler                       0x08000283   Thumb Code     0  startup_stm32f407xx.o(.text)
    I2C2_EV_IRQHandler                       0x08000283   Thumb Code     0  startup_stm32f407xx.o(.text)
    I2C3_ER_IRQHandler                       0x08000283   Thumb Code     0  startup_stm32f407xx.o(.text)
    I2C3_EV_IRQHandler                       0x08000283   Thumb Code     0  startup_stm32f407xx.o(.text)
    OTG_FS_IRQHandler                        0x08000283   Thumb Code     0  startup_stm32f407xx.o(.text)
    OTG_FS_WKUP_IRQHandler                   0x08000283   Thumb Code     0  startup_stm32f407xx.o(.text)
    OTG_HS_EP1_IN_IRQHandler                 0x08000283   Thumb Code     0  startup_stm32f407xx.o(.text)
    OTG_HS_EP1_OUT_IRQHandler                0x08000283   Thumb Code     0  startup_stm32f407xx.o(.text)
    OTG_HS_IRQHandler                        0x08000283   Thumb Code     0  startup_stm32f407xx.o(.text)
    OTG_HS_WKUP_IRQHandler                   0x08000283   Thumb Code     0  startup_stm32f407xx.o(.text)
    PVD_IRQHandler                           0x08000283   Thumb Code     0  startup_stm32f407xx.o(.text)
    RCC_IRQHandler                           0x08000283   Thumb Code     0  startup_stm32f407xx.o(.text)
    RTC_Alarm_IRQHandler                     0x08000283   Thumb Code     0  startup_stm32f407xx.o(.text)
    RTC_WKUP_IRQHandler                      0x08000283   Thumb Code     0  startup_stm32f407xx.o(.text)
    SDIO_IRQHandler                          0x08000283   Thumb Code     0  startup_stm32f407xx.o(.text)
    SPI1_IRQHandler                          0x08000283   Thumb Code     0  startup_stm32f407xx.o(.text)
    SPI2_IRQHandler                          0x08000283   Thumb Code     0  startup_stm32f407xx.o(.text)
    SPI3_IRQHandler                          0x08000283   Thumb Code     0  startup_stm32f407xx.o(.text)
    TAMP_STAMP_IRQHandler                    0x08000283   Thumb Code     0  startup_stm32f407xx.o(.text)
    TIM1_BRK_TIM9_IRQHandler                 0x08000283   Thumb Code     0  startup_stm32f407xx.o(.text)
    TIM1_CC_IRQHandler                       0x08000283   Thumb Code     0  startup_stm32f407xx.o(.text)
    TIM1_TRG_COM_TIM11_IRQHandler            0x08000283   Thumb Code     0  startup_stm32f407xx.o(.text)
    TIM1_UP_TIM10_IRQHandler                 0x08000283   Thumb Code     0  startup_stm32f407xx.o(.text)
    TIM2_IRQHandler                          0x08000283   Thumb Code     0  startup_stm32f407xx.o(.text)
    TIM4_IRQHandler                          0x08000283   Thumb Code     0  startup_stm32f407xx.o(.text)
    TIM5_IRQHandler                          0x08000283   Thumb Code     0  startup_stm32f407xx.o(.text)
    TIM6_DAC_IRQHandler                      0x08000283   Thumb Code     0  startup_stm32f407xx.o(.text)
    TIM7_IRQHandler                          0x08000283   Thumb Code     0  startup_stm32f407xx.o(.text)
    TIM8_BRK_TIM12_IRQHandler                0x08000283   Thumb Code     0  startup_stm32f407xx.o(.text)
    TIM8_CC_IRQHandler                       0x08000283   Thumb Code     0  startup_stm32f407xx.o(.text)
    TIM8_TRG_COM_TIM14_IRQHandler            0x08000283   Thumb Code     0  startup_stm32f407xx.o(.text)
    TIM8_UP_TIM13_IRQHandler                 0x08000283   Thumb Code     0  startup_stm32f407xx.o(.text)
    UART4_IRQHandler                         0x08000283   Thumb Code     0  startup_stm32f407xx.o(.text)
    UART5_IRQHandler                         0x08000283   Thumb Code     0  startup_stm32f407xx.o(.text)
    USART2_IRQHandler                        0x08000283   Thumb Code     0  startup_stm32f407xx.o(.text)
    WWDG_IRQHandler                          0x08000283   Thumb Code     0  startup_stm32f407xx.o(.text)
    __user_initial_stackheap                 0x08000285   Thumb Code     0  startup_stm32f407xx.o(.text)
    __aeabi_uldivmod                         0x080002a9   Thumb Code     0  lludivv7m.o(.text)
    _ll_udiv                                 0x080002a9   Thumb Code   238  lludivv7m.o(.text)
    __aeabi_memclr                           0x08000397   Thumb Code     0  rt_memclr.o(.text)
    __rt_memclr                              0x08000397   Thumb Code    68  rt_memclr.o(.text)
    _memset                                  0x0800039b   Thumb Code     0  rt_memclr.o(.text)
    __aeabi_memclr4                          0x080003db   Thumb Code     0  rt_memclr_w.o(.text)
    __aeabi_memclr8                          0x080003db   Thumb Code     0  rt_memclr_w.o(.text)
    __rt_memclr_w                            0x080003db   Thumb Code    78  rt_memclr_w.o(.text)
    _memset_w                                0x080003df   Thumb Code     0  rt_memclr_w.o(.text)
    __use_two_region_memory                  0x08000429   Thumb Code     2  heapauxi.o(.text)
    __rt_heap_escrow                         0x0800042b   Thumb Code     2  heapauxi.o(.text)
    __rt_heap_expand                         0x0800042d   Thumb Code     2  heapauxi.o(.text)
    __user_libspace                          0x08000431   Thumb Code     8  libspace.o(.text)
    __user_perproc_libspace                  0x08000431   Thumb Code     0  libspace.o(.text)
    __user_perthread_libspace                0x08000431   Thumb Code     0  libspace.o(.text)
    __I$use$semihosting                      0x08000439   Thumb Code     0  use_no_semi.o(.text)
    __use_no_semihosting_swi                 0x08000439   Thumb Code     2  use_no_semi.o(.text)
    __semihosting_library_function           0x0800043b   Thumb Code     0  indicate_semi.o(.text)
    __user_setup_stackheap                   0x0800043b   Thumb Code    74  sys_stackheap_outer.o(.text)
    exit                                     0x08000485   Thumb Code    18  exit.o(.text)
    _sys_exit                                0x08000499   Thumb Code     8  sys_exit.o(.text)
    BusFault_Handler                         0x080004e9   Thumb Code     4  stm32f4xx_it.o(i.BusFault_Handler)
    CAN1_RX0_IRQHandler                      0x080004ed   Thumb Code    10  stm32f4xx_it.o(i.CAN1_RX0_IRQHandler)
    CAN2_RX0_IRQHandler                      0x080004fd   Thumb Code    10  stm32f4xx_it.o(i.CAN2_RX0_IRQHandler)
    DMA1_Stream1_IRQHandler                  0x0800050d   Thumb Code    10  stm32f4xx_it.o(i.DMA1_Stream1_IRQHandler)
    DMA2_Stream1_IRQHandler                  0x0800051d   Thumb Code    10  stm32f4xx_it.o(i.DMA2_Stream1_IRQHandler)
    DMA2_Stream5_IRQHandler                  0x0800052d   Thumb Code    10  stm32f4xx_it.o(i.DMA2_Stream5_IRQHandler)
    DMA2_Stream6_IRQHandler                  0x0800053d   Thumb Code    10  stm32f4xx_it.o(i.DMA2_Stream6_IRQHandler)
    DMA2_Stream7_IRQHandler                  0x0800054d   Thumb Code    10  stm32f4xx_it.o(i.DMA2_Stream7_IRQHandler)
    DebugMon_Handler                         0x08000667   Thumb Code     2  stm32f4xx_it.o(i.DebugMon_Handler)
    Encoder_Data_Process                     0x08000669   Thumb Code   270  bsp_can.o(i.Encoder_Data_Process)
    Error_Handler                            0x08000789   Thumb Code     6  main.o(i.Error_Handler)
    Gimbal_Init                              0x08000805   Thumb Code    92  yaw_turn.o(i.Gimbal_Init)
    HAL_CAN_ActivateNotification             0x0800086d   Thumb Code    42  stm32f4xx_hal_can.o(i.HAL_CAN_ActivateNotification)
    HAL_CAN_AddTxMessage                     0x08000897   Thumb Code   342  stm32f4xx_hal_can.o(i.HAL_CAN_AddTxMessage)
    HAL_CAN_ConfigFilter                     0x080009ed   Thumb Code   286  stm32f4xx_hal_can.o(i.HAL_CAN_ConfigFilter)
    HAL_CAN_ErrorCallback                    0x08000b11   Thumb Code     2  stm32f4xx_hal_can.o(i.HAL_CAN_ErrorCallback)
    HAL_CAN_GetRxMessage                     0x08000b13   Thumb Code   378  stm32f4xx_hal_can.o(i.HAL_CAN_GetRxMessage)
    HAL_CAN_IRQHandler                       0x08000c8d   Thumb Code   590  stm32f4xx_hal_can.o(i.HAL_CAN_IRQHandler)
    HAL_CAN_Init                             0x08000edb   Thumb Code   372  stm32f4xx_hal_can.o(i.HAL_CAN_Init)
    HAL_CAN_MspInit                          0x08001051   Thumb Code   328  can.o(i.HAL_CAN_MspInit)
    HAL_CAN_RxFifo0FullCallback              0x080011b1   Thumb Code     2  stm32f4xx_hal_can.o(i.HAL_CAN_RxFifo0FullCallback)
    HAL_CAN_RxFifo0MsgPendingCallback        0x080011b5   Thumb Code   460  bsp_can.o(i.HAL_CAN_RxFifo0MsgPendingCallback)
    HAL_CAN_RxFifo1FullCallback              0x080013b5   Thumb Code     2  stm32f4xx_hal_can.o(i.HAL_CAN_RxFifo1FullCallback)
    HAL_CAN_RxFifo1MsgPendingCallback        0x080013b7   Thumb Code     2  stm32f4xx_hal_can.o(i.HAL_CAN_RxFifo1MsgPendingCallback)
    HAL_CAN_SleepCallback                    0x080013b9   Thumb Code     2  stm32f4xx_hal_can.o(i.HAL_CAN_SleepCallback)
    HAL_CAN_Start                            0x080013bb   Thumb Code    94  stm32f4xx_hal_can.o(i.HAL_CAN_Start)
    HAL_CAN_TxMailbox0AbortCallback          0x08001419   Thumb Code     2  stm32f4xx_hal_can.o(i.HAL_CAN_TxMailbox0AbortCallback)
    HAL_CAN_TxMailbox0CompleteCallback       0x0800141b   Thumb Code     2  stm32f4xx_hal_can.o(i.HAL_CAN_TxMailbox0CompleteCallback)
    HAL_CAN_TxMailbox1AbortCallback          0x0800141d   Thumb Code     2  stm32f4xx_hal_can.o(i.HAL_CAN_TxMailbox1AbortCallback)
    HAL_CAN_TxMailbox1CompleteCallback       0x0800141f   Thumb Code     2  stm32f4xx_hal_can.o(i.HAL_CAN_TxMailbox1CompleteCallback)
    HAL_CAN_TxMailbox2AbortCallback          0x08001421   Thumb Code     2  stm32f4xx_hal_can.o(i.HAL_CAN_TxMailbox2AbortCallback)
    HAL_CAN_TxMailbox2CompleteCallback       0x08001423   Thumb Code     2  stm32f4xx_hal_can.o(i.HAL_CAN_TxMailbox2CompleteCallback)
    HAL_CAN_WakeUpFromRxMsgCallback          0x08001425   Thumb Code     2  stm32f4xx_hal_can.o(i.HAL_CAN_WakeUpFromRxMsgCallback)
    HAL_DMA_Abort                            0x08001427   Thumb Code   172  stm32f4xx_hal_dma.o(i.HAL_DMA_Abort)
    HAL_DMA_Abort_IT                         0x080014d3   Thumb Code    40  stm32f4xx_hal_dma.o(i.HAL_DMA_Abort_IT)
    HAL_DMA_IRQHandler                       0x080014fd   Thumb Code   570  stm32f4xx_hal_dma.o(i.HAL_DMA_IRQHandler)
    HAL_DMA_Init                             0x0800173d   Thumb Code   232  stm32f4xx_hal_dma.o(i.HAL_DMA_Init)
    HAL_DMA_Start_IT                         0x08001829   Thumb Code   146  stm32f4xx_hal_dma.o(i.HAL_DMA_Start_IT)
    HAL_GPIO_Init                            0x080018bd   Thumb Code   452  stm32f4xx_hal_gpio.o(i.HAL_GPIO_Init)
    HAL_GetTick                              0x08001aad   Thumb Code     6  stm32f4xx_hal.o(i.HAL_GetTick)
    HAL_IncTick                              0x08001ab9   Thumb Code    16  stm32f4xx_hal.o(i.HAL_IncTick)
    HAL_Init                                 0x08001ad1   Thumb Code    54  stm32f4xx_hal.o(i.HAL_Init)
    HAL_InitTick                             0x08001b0d   Thumb Code    64  stm32f4xx_hal.o(i.HAL_InitTick)
    HAL_MspInit                              0x08001b59   Thumb Code    68  stm32f4xx_hal_msp.o(i.HAL_MspInit)
    HAL_NVIC_EnableIRQ                       0x08001ba1   Thumb Code    32  stm32f4xx_hal_cortex.o(i.HAL_NVIC_EnableIRQ)
    HAL_NVIC_SetPriority                     0x08001bc1   Thumb Code   124  stm32f4xx_hal_cortex.o(i.HAL_NVIC_SetPriority)
    HAL_NVIC_SetPriorityGrouping             0x08001c3d   Thumb Code    32  stm32f4xx_hal_cortex.o(i.HAL_NVIC_SetPriorityGrouping)
    HAL_RCC_ClockConfig                      0x08001c65   Thumb Code   368  stm32f4xx_hal_rcc.o(i.HAL_RCC_ClockConfig)
    HAL_RCC_GetHCLKFreq                      0x08001de9   Thumb Code     6  stm32f4xx_hal_rcc.o(i.HAL_RCC_GetHCLKFreq)
    HAL_RCC_GetPCLK1Freq                     0x08001df5   Thumb Code    22  stm32f4xx_hal_rcc.o(i.HAL_RCC_GetPCLK1Freq)
    HAL_RCC_GetPCLK2Freq                     0x08001e15   Thumb Code    22  stm32f4xx_hal_rcc.o(i.HAL_RCC_GetPCLK2Freq)
    HAL_RCC_GetSysClockFreq                  0x08001e35   Thumb Code   162  stm32f4xx_hal_rcc.o(i.HAL_RCC_GetSysClockFreq)
    HAL_RCC_OscConfig                        0x08001ee5   Thumb Code  1172  stm32f4xx_hal_rcc.o(i.HAL_RCC_OscConfig)
    HAL_SYSTICK_Config                       0x08002381   Thumb Code    52  stm32f4xx_hal_cortex.o(i.HAL_SYSTICK_Config)
    HAL_TIMEx_BreakCallback                  0x080023b5   Thumb Code     2  stm32f4xx_hal_tim_ex.o(i.HAL_TIMEx_BreakCallback)
    HAL_TIMEx_CommutCallback                 0x080023b7   Thumb Code     2  stm32f4xx_hal_tim_ex.o(i.HAL_TIMEx_CommutCallback)
    HAL_TIMEx_MasterConfigSynchronization    0x080023b9   Thumb Code   150  stm32f4xx_hal_tim_ex.o(i.HAL_TIMEx_MasterConfigSynchronization)
    HAL_TIM_Base_Init                        0x0800246d   Thumb Code   102  stm32f4xx_hal_tim.o(i.HAL_TIM_Base_Init)
    HAL_TIM_Base_MspInit                     0x080024d5   Thumb Code    62  tim.o(i.HAL_TIM_Base_MspInit)
    HAL_TIM_Base_Start_IT                    0x0800251d   Thumb Code   138  stm32f4xx_hal_tim.o(i.HAL_TIM_Base_Start_IT)
    HAL_TIM_ConfigClockSource                0x080025c5   Thumb Code   268  stm32f4xx_hal_tim.o(i.HAL_TIM_ConfigClockSource)
    HAL_TIM_IC_CaptureCallback               0x080026d1   Thumb Code     2  stm32f4xx_hal_tim.o(i.HAL_TIM_IC_CaptureCallback)
    HAL_TIM_IRQHandler                       0x080026d3   Thumb Code   406  stm32f4xx_hal_tim.o(i.HAL_TIM_IRQHandler)
    HAL_TIM_OC_DelayElapsedCallback          0x08002869   Thumb Code     2  stm32f4xx_hal_tim.o(i.HAL_TIM_OC_DelayElapsedCallback)
    HAL_TIM_PWM_PulseFinishedCallback        0x0800286b   Thumb Code     2  stm32f4xx_hal_tim.o(i.HAL_TIM_PWM_PulseFinishedCallback)
    HAL_TIM_PeriodElapsedCallback            0x0800286d   Thumb Code   100  chassis_task.o(i.HAL_TIM_PeriodElapsedCallback)
    HAL_TIM_TriggerCallback                  0x080028d5   Thumb Code     2  stm32f4xx_hal_tim.o(i.HAL_TIM_TriggerCallback)
    HAL_UARTEx_RxEventCallback               0x080028d7   Thumb Code     2  stm32f4xx_hal_uart.o(i.HAL_UARTEx_RxEventCallback)
    HAL_UART_DMAStop                         0x080028d9   Thumb Code   138  stm32f4xx_hal_uart.o(i.HAL_UART_DMAStop)
    HAL_UART_ErrorCallback                   0x08002963   Thumb Code     2  stm32f4xx_hal_uart.o(i.HAL_UART_ErrorCallback)
    HAL_UART_IRQHandler                      0x08002965   Thumb Code   732  stm32f4xx_hal_uart.o(i.HAL_UART_IRQHandler)
    HAL_UART_Init                            0x08002c45   Thumb Code   114  stm32f4xx_hal_uart.o(i.HAL_UART_Init)
    HAL_UART_MspInit                         0x08002cb9   Thumb Code   718  usart.o(i.HAL_UART_MspInit)
    HAL_UART_Receive_DMA                     0x08002fc1   Thumb Code    66  stm32f4xx_hal_uart.o(i.HAL_UART_Receive_DMA)
    HAL_UART_Receive_IT                      0x08003003   Thumb Code    66  stm32f4xx_hal_uart.o(i.HAL_UART_Receive_IT)
    HAL_UART_RxCpltCallback                  0x08003045   Thumb Code    70  supercap.o(i.HAL_UART_RxCpltCallback)
    HAL_UART_RxHalfCpltCallback              0x080030a1   Thumb Code     2  stm32f4xx_hal_uart.o(i.HAL_UART_RxHalfCpltCallback)
    HAL_UART_Transmit                        0x080030a3   Thumb Code   210  stm32f4xx_hal_uart.o(i.HAL_UART_Transmit)
    HAL_UART_TxCpltCallback                  0x08003175   Thumb Code     2  stm32f4xx_hal_uart.o(i.HAL_UART_TxCpltCallback)
    HardFault_Handler                        0x08003177   Thumb Code     4  stm32f4xx_it.o(i.HardFault_Handler)
    Init_Encoder_Struct                      0x0800317d   Thumb Code    32  briter_encoder.o(i.Init_Encoder_Struct)
    MX_CAN1_Init                             0x080031ad   Thumb Code    62  can.o(i.MX_CAN1_Init)
    MX_CAN2_Init                             0x080031f5   Thumb Code    62  can.o(i.MX_CAN2_Init)
    MX_DMA_Init                              0x0800323d   Thumb Code   146  dma.o(i.MX_DMA_Init)
    MX_GPIO_Init                             0x080032d5   Thumb Code   186  gpio.o(i.MX_GPIO_Init)
    MX_TIM3_Init                             0x08003395   Thumb Code   100  tim.o(i.MX_TIM3_Init)
    MX_USART1_UART_Init                      0x08003401   Thumb Code    46  usart.o(i.MX_USART1_UART_Init)
    MX_USART3_UART_Init                      0x08003439   Thumb Code    44  usart.o(i.MX_USART3_UART_Init)
    MX_USART6_UART_Init                      0x08003471   Thumb Code    46  usart.o(i.MX_USART6_UART_Init)
    MemManage_Handler                        0x080034a9   Thumb Code     4  stm32f4xx_it.o(i.MemManage_Handler)
    NMI_Handler                              0x080034ad   Thumb Code     4  stm32f4xx_it.o(i.NMI_Handler)
    PID_Init                                 0x080034b1   Thumb Code    98  pid.o(i.PID_Init)
    POWER_PID_Init                           0x08003519   Thumb Code    74  pid.o(i.POWER_PID_Init)
    PendSV_Handler                           0x08003569   Thumb Code     2  stm32f4xx_it.o(i.PendSV_Handler)
    RC_data_is_error                         0x0800357d   Thumb Code   154  remote_control.o(i.RC_data_is_error)
    SVC_Handler                              0x080038c1   Thumb Code     2  stm32f4xx_it.o(i.SVC_Handler)
    Send_Data_Initialize                     0x080038c5   Thumb Code    30  briter_encoder.o(i.Send_Data_Initialize)
    SysTick_Handler                          0x080038f5   Thumb Code     8  stm32f4xx_it.o(i.SysTick_Handler)
    SystemClock_Config                       0x080038fd   Thumb Code   170  main.o(i.SystemClock_Config)
    SystemInit                               0x080039b1   Thumb Code    14  system_stm32f4xx.o(i.SystemInit)
    TIM3_IRQHandler                          0x080039c5   Thumb Code    10  stm32f4xx_it.o(i.TIM3_IRQHandler)
    TIM_Base_SetConfig                       0x080039d5   Thumb Code   170  stm32f4xx_hal_tim.o(i.TIM_Base_SetConfig)
    TIM_ETR_SetConfig                        0x08003aad   Thumb Code    22  stm32f4xx_hal_tim.o(i.TIM_ETR_SetConfig)
    Target_Velocity_Smoothen                 0x08003b25   Thumb Code   134  chassis_move.o(i.Target_Velocity_Smoothen)
    Trigger_Motor_Callback                   0x08003bb9   Thumb Code   180  trigger_turn.o(i.Trigger_Motor_Callback)
    UART_Start_Receive_DMA                   0x08004189   Thumb Code   192  stm32f4xx_hal_uart.o(i.UART_Start_Receive_DMA)
    UART_Start_Receive_IT                    0x08004255   Thumb Code    70  stm32f4xx_hal_uart.o(i.UART_Start_Receive_IT)
    USART1_IRQHandler                        0x0800438d   Thumb Code   436  bsp_uart.o(i.USART1_IRQHandler)
    USART3_IRQHandler                        0x0800456d   Thumb Code   294  remote_control.o(i.USART3_IRQHandler)
    USART6_IRQHandler                        0x080046b1   Thumb Code    16  stm32f4xx_it.o(i.USART6_IRQHandler)
    UsageFault_Handler                       0x080046c5   Thumb Code     4  stm32f4xx_it.o(i.UsageFault_Handler)
    Yaw_PIDinit                              0x080046f5   Thumb Code    26  yaw_turn.o(i.Yaw_PIDinit)
    __hardfp_fabs                            0x08004755   Thumb Code    20  fabs.o(i.__hardfp_fabs)
    all_init                                 0x08004769   Thumb Code   806  my_init.o(i.all_init)
    apid_vpid_realize                        0x08004e09   Thumb Code   282  pid.o(i.apid_vpid_realize)
    bsp_can_init                             0x08004f29   Thumb Code    94  bsp_can.o(i.bsp_can_init)
    canTX_Chassis_Motor_Current              0x08004f91   Thumb Code   136  bsp_can.o(i.canTX_Chassis_Motor_Current)
    canTX_Gimbal_Yaw_Data                    0x0800502d   Thumb Code    72  bsp_can.o(i.canTX_Gimbal_Yaw_Data)
    canTX_trigger                            0x08005079   Thumb Code    92  trigger_turn.o(i.canTX_trigger)
    chassis_move                             0x080050ed   Thumb Code    12  chassis_move.o(i.chassis_move)
    fifo_s_init                              0x080050f9   Thumb Code    22  fifo.o(i.fifo_s_init)
    get_chassis_power_limit                  0x08005111   Thumb Code     8  referee.o(i.get_chassis_power_limit)
    get_supercap_data                        0x08005219   Thumb Code    74  supercap.o(i.get_supercap_data)
    init_referee_struct_data                 0x08005281   Thumb Code   118  referee.o(i.init_referee_struct_data)
    main                                     0x08005341   Thumb Code    76  main.o(i.main)
    mode_init                                0x0800539d   Thumb Code    62  my_init.o(i.mode_init)
    motor_pid_init                           0x08005401   Thumb Code    34  pid.o(i.motor_pid_init)
    pid_realize                              0x08005423   Thumb Code    34  pid.o(i.pid_realize)
    referee_usart_fifo_init                  0x080054fd   Thumb Code    30  bsp_referee.o(i.referee_usart_fifo_init)
    remote_control_init                      0x08005529   Thumb Code    16  remote_control.o(i.remote_control_init)
    shoot_angle_clc                          0x080055e5   Thumb Code   142  trigger_turn.o(i.shoot_angle_clc)
    supercap                                 0x080056a5   Thumb Code   106  supercap.o(i.supercap)
    trigger_all_init                         0x08005721   Thumb Code    68  trigger_turn.o(i.trigger_all_init)
    trigger_turn                             0x080057c5   Thumb Code   112  trigger_turn.o(i.trigger_turn)
    uart_init                                0x08005845   Thumb Code    30  bsp_uart.o(i.uart_init)
    vpid_chassis_realize_F                   0x0800586d   Thumb Code   184  chassis_move.o(i.vpid_chassis_realize_F)
    yaw_turn                                 0x08005ad1   Thumb Code    12  yaw_turn.o(i.yaw_turn)
    __aeabi_d2f                              0x08005add   Thumb Code     0  d2f.o(x$fpl$d2f)
    _d2f                                     0x08005add   Thumb Code    98  d2f.o(x$fpl$d2f)
    __aeabi_dadd                             0x08005b41   Thumb Code     0  daddsub_clz.o(x$fpl$dadd)
    _dadd                                    0x08005b41   Thumb Code   332  daddsub_clz.o(x$fpl$dadd)
    __fpl_dcmp_Inf                           0x08005c91   Thumb Code    24  dcmpi.o(x$fpl$dcmpinf)
    __aeabi_ddiv                             0x08005ca9   Thumb Code     0  ddiv.o(x$fpl$ddiv)
    _ddiv                                    0x08005ca9   Thumb Code   552  ddiv.o(x$fpl$ddiv)
    __aeabi_i2d                              0x08005f59   Thumb Code     0  dflt_clz.o(x$fpl$dflt)
    _dflt                                    0x08005f59   Thumb Code    46  dflt_clz.o(x$fpl$dflt)
    __aeabi_cdcmple                          0x08005f89   Thumb Code     0  dleqf.o(x$fpl$dleqf)
    _dcmple                                  0x08005f89   Thumb Code   120  dleqf.o(x$fpl$dleqf)
    __fpl_dcmple_InfNaN                      0x08005feb   Thumb Code     0  dleqf.o(x$fpl$dleqf)
    __aeabi_dmul                             0x08006001   Thumb Code     0  dmul.o(x$fpl$dmul)
    _dmul                                    0x08006001   Thumb Code   332  dmul.o(x$fpl$dmul)
    __fpl_dnaninf                            0x08006155   Thumb Code   156  dnaninf.o(x$fpl$dnaninf)
    __fpl_dretinf                            0x080061f1   Thumb Code    12  dretinf.o(x$fpl$dretinf)
    __aeabi_dsub                             0x080061fd   Thumb Code     0  daddsub_clz.o(x$fpl$dsub)
    _dsub                                    0x080061fd   Thumb Code   464  daddsub_clz.o(x$fpl$dsub)
    __aeabi_f2d                              0x080063d1   Thumb Code     0  f2d.o(x$fpl$f2d)
    _f2d                                     0x080063d1   Thumb Code    86  f2d.o(x$fpl$f2d)
    __fpl_fnaninf                            0x08006427   Thumb Code   140  fnaninf.o(x$fpl$fnaninf)
    _fp_init                                 0x080064b3   Thumb Code    10  fpinit.o(x$fpl$fpinit)
    __fplib_config_fpu_vfp                   0x080064bb   Thumb Code     0  fpinit.o(x$fpl$fpinit)
    __fplib_config_pureend_doubles           0x080064bb   Thumb Code     0  fpinit.o(x$fpl$fpinit)
    __fpl_fretinf                            0x080064bd   Thumb Code    10  fretinf.o(x$fpl$fretinf)
    __I$use$fp                               0x080064c6   Number         0  usenofp.o(x$fpl$usenofp)
    AHBPrescTable                            0x080064ce   Data          16  system_stm32f4xx.o(.constdata)
    APBPrescTable                            0x080064de   Data           8  system_stm32f4xx.o(.constdata)
    Region$$Table$$Base                      0x080064e8   Number         0  anon$$obj.o(Region$$Table)
    Region$$Table$$Limit                     0x08006508   Number         0  anon$$obj.o(Region$$Table)
    switch_flag                              0x20000004   Data           1  pid.o(.data)
    CHASSIS_vPID_max                         0x20000008   Data           4  pid.o(.data)
    total_current_limit                      0x2000000c   Data           4  chassis_move.o(.data)
    total_current                            0x20000010   Data           4  chassis_move.o(.data)
    power                                    0x20000014   Data           4  chassis_move.o(.data)
    buffer                                   0x20000018   Data           2  chassis_move.o(.data)
    max_power                                0x2000001a   Data           2  chassis_move.o(.data)
    current_scale                            0x2000001c   Data           4  chassis_move.o(.data)
    shoot_flag                               0x20000020   Data           4  chassis_move.o(.data)
    real_chassis_speed                       0x20000024   Data           4  chassis_move.o(.data)
    max_d_speed_x                            0x20000028   Data           1  chassis_move.o(.data)
    max_d_speed_y                            0x20000029   Data           1  chassis_move.o(.data)
    avx                                      0x2000002c   Data           4  chassis_move.o(.data)
    avy                                      0x20000030   Data           4  chassis_move.o(.data)
    awz                                      0x20000034   Data           4  chassis_move.o(.data)
    last_vx                                  0x20000038   Data           4  chassis_move.o(.data)
    last_vy                                  0x2000003c   Data           4  chassis_move.o(.data)
    flag3                                    0x20000040   Data           4  chassis_move.o(.data)
    step_flag                                0x20000044   Data           1  chassis_move.o(.data)
    K_VX                                     0x20000048   Data           4  chassis_move.o(.data)
    K_VY                                     0x2000004c   Data           4  chassis_move.o(.data)
    B_VX                                     0x20000050   Data           4  chassis_move.o(.data)
    B_VY                                     0x20000054   Data           4  chassis_move.o(.data)
    step_times_x                             0x20000058   Data           4  chassis_move.o(.data)
    step_times_y                             0x2000005c   Data           4  chassis_move.o(.data)
    TIME_LIMIT_X                             0x20000060   Data           4  chassis_move.o(.data)
    TIME_LIMIT_Y                             0x20000064   Data           4  chassis_move.o(.data)
    STEP_VALUE                               0x20000068   Data           4  chassis_move.o(.data)
    Time_Cnt                                 0x2000006c   Data           4  chassis_move.o(.data)
    vx                                       0x20000070   Data           4  chassis_move.o(.data)
    vy                                       0x20000074   Data           4  chassis_move.o(.data)
    wz                                       0x20000078   Data           4  chassis_move.o(.data)
    yu                                       0x2000007c   Data           4  chassis_move.o(.data)
    flag1                                    0x20000080   Data           4  chassis_move.o(.data)
    theta                                    0x20000084   Data           4  chassis_move.o(.data)
    BUFFER_MAX                               0x20000088   Data           4  chassis_move.o(.data)
    POWER_TOTAL_CURRENT_LIMIT                0x2000008c   Data           4  chassis_move.o(.data)
    temp3                                    0x20000090   Data           4  chassis_move.o(.data)
    temp1                                    0x20000094   Data           4  chassis_move.o(.data)
    temp2                                    0x20000098   Data           4  chassis_move.o(.data)
    speed1                                   0x2000009c   Data           4  chassis_move.o(.data)
    speed2                                   0x200000a0   Data           4  chassis_move.o(.data)
    speed3                                   0x200000a4   Data           4  chassis_move.o(.data)
    speed4                                   0x200000a8   Data           4  chassis_move.o(.data)
    last_power                               0x200000ac   Data           4  chassis_move.o(.data)
    power_scale                              0x200000b0   Data           4  chassis_move.o(.data)
    buffer_scale                             0x200000b4   Data           4  chassis_move.o(.data)
    fly_flag                                 0x200000b8   Data           1  chassis_move.o(.data)
    referee_receive_header                   0x200000c0   Data           5  referee.o(.data)
    referee_send_header                      0x200000c5   Data           5  referee.o(.data)
    game_result                              0x200000ca   Data           1  referee.o(.data)
    field_event                              0x200000cb   Data           4  referee.o(.data)
    supply_projectile_action_t               0x200000cf   Data           4  referee.o(.data)
    supply_projectile_booking_t              0x200000d3   Data           3  referee.o(.data)
    referee_warning_t                        0x200000d6   Data           2  referee.o(.data)
    buff_musk_t                              0x200000d8   Data           1  referee.o(.data)
    robot_energy_t                           0x200000d9   Data           1  referee.o(.data)
    robot_hurt_t                             0x200000da   Data           1  referee.o(.data)
    shoot_data_t                             0x200000db   Data           7  referee.o(.data)
    bullet_remaining_t                       0x200000e2   Data           6  referee.o(.data)
    student_interactive_data_t               0x200000e8   Data           6  referee.o(.data)
    temp                                     0x200000f0   Data           4  referee.o(.data)
    byte_global                              0x200000f4   Data           1  referee.o(.data)
    TriggerSpeed                             0x200000f8   Data          20  trigger_turn.o(.data)
    TriggerAngle                             0x2000010c   Data          20  trigger_turn.o(.data)
    Target_Angle                             0x20000120   Data           4  trigger_turn.o(.data)
    sped                                     0x20000124   Data           2  trigger_turn.o(.data)
    yaw_ch2                                  0x20000128   Data           2  yaw_turn.o(.data)
    yaw_spin_current                         0x2000012a   Data           2  yaw_turn.o(.data)
    YawEncondePid                            0x2000012c   Data          20  yaw_turn.o(.data)
    YawEncondePidSpeed                       0x20000140   Data          20  yaw_turn.o(.data)
    YawSpeedPid                              0x20000154   Data          20  yaw_turn.o(.data)
    yaw_Target_Angle                         0x20000168   Data           4  yaw_turn.o(.data)
    yaw_Target_Speed                         0x2000016c   Data           4  yaw_turn.o(.data)
    Trans_Yaw_Ang                            0x20000170   Data           4  yaw_turn.o(.data)
    rc_ctrl                                  0x20000174   Data          22  remote_control.o(.data)
    power_limit                              0x2000018c   Data           2  supercap.o(.data)
    supercap_volt                            0x2000018e   Data           2  supercap.o(.data)
    supercap_per                             0x20000190   Data           4  supercap.o(.data)
    rec_super                                0x20000194   Data           1  supercap.o(.data)
    cnt                                      0x20000195   Data           1  supercap.o(.data)
    send_data                                0x20000196   Data           4  supercap.o(.data)
    state                                    0x2000019a   Data           1  supercap.o(.data)
    UART1_Data_Type                          0x2000019c   Data           1  bsp_uart.o(.data)
    UART1_Briter_Encoder2_Send_Status        0x200001a0   Data           4  bsp_uart.o(.data)
    UART1_Briter_Encoder4_Send_Status        0x200001a4   Data           4  bsp_uart.o(.data)
    start_receive_flag                       0x200001a8   Data           1  bsp_uart.o(.data)
    a                                        0x200001b0   Data           4  bsp_uart.o(.data)
    b                                        0x200001b4   Data           4  bsp_uart.o(.data)
    ch                                       0x200001b8   Data           1  bsp_uart.o(.data)
    int_get                                  0x200001bc   Data           8  bsp_uart.o(.data)
    iii                                      0x200001c4   Data           4  bsp_uart.o(.data)
    length                                   0x200001c8   Data           1  bsp_uart.o(.data)
    temp_1                                   0x200001cc   Data           4  bsp_uart.o(.data)
    IntIze_Angle                             0x200001d0   Data           4  bsp_uart.o(.data)
    uwTick                                   0x200001d4   Data           4  stm32f4xx_hal.o(.data)
    uwTickPrio                               0x200001d8   Data           4  stm32f4xx_hal.o(.data)
    uwTickFreq                               0x200001dc   Data           1  stm32f4xx_hal.o(.data)
    SystemCoreClock                          0x200001e0   Data           4  system_stm32f4xx.o(.data)
    recvStr                                  0x200001e4   Data          53  main.o(.bss)
    hcan1                                    0x2000021c   Data          40  can.o(.bss)
    hcan2                                    0x20000244   Data          40  can.o(.bss)
    htim3                                    0x2000026c   Data          72  tim.o(.bss)
    huart1                                   0x200002b4   Data          68  usart.o(.bss)
    huart3                                   0x200002f8   Data          68  usart.o(.bss)
    huart6                                   0x2000033c   Data          68  usart.o(.bss)
    hdma_usart1_rx                           0x20000380   Data          96  usart.o(.bss)
    hdma_usart1_tx                           0x200003e0   Data          96  usart.o(.bss)
    hdma_usart3_rx                           0x20000440   Data          96  usart.o(.bss)
    hdma_usart6_rx                           0x200004a0   Data          96  usart.o(.bss)
    hdma_usart6_tx                           0x20000500   Data          96  usart.o(.bss)
    b_pid                                    0x20000560   Data          60  chassis_move.o(.bss)
    chassis_control_order                    0x2000059c   Data          10  chassis_move.o(.bss)
    Chassis_Motor1                           0x200005a8   Data         280  chassis_move.o(.bss)
    Chassis_Motor2                           0x200006c0   Data         280  chassis_move.o(.bss)
    Chassis_Motor3                           0x200007d8   Data         280  chassis_move.o(.bss)
    Chassis_Motor4                           0x200008f0   Data         280  chassis_move.o(.bss)
    chassis_center                           0x20000a08   Data         280  chassis_move.o(.bss)
    Chassis_MotorA                           0x20000b20   Data         280  chassis_move.o(.bss)
    Chassis_MotorB                           0x20000c38   Data         280  chassis_move.o(.bss)
    Chassis_MotorC                           0x20000d50   Data         280  chassis_move.o(.bss)
    Chassis_MotorD                           0x20000e68   Data         280  chassis_move.o(.bss)
    p_pid                                    0x20000f80   Data          52  chassis_move.o(.bss)
    referee_unpack_obj                       0x20000fb4   Data         137  referee.o(.bss)
    game_state                               0x2000103d   Data          11  referee.o(.bss)
    game_robot_HP_t                          0x20001048   Data          32  referee.o(.bss)
    robot_state                              0x20001068   Data          27  referee.o(.bss)
    power_heat_data_t                        0x20001083   Data          16  referee.o(.bss)
    game_robot_pos_t                         0x20001093   Data          16  referee.o(.bss)
    trigger                                  0x200010a4   Data         192  trigger_turn.o(.bss)
    gimbal_y                                 0x20001164   Data         328  yaw_turn.o(.bss)
    YawGyroPid                               0x200012ac   Data          20  yaw_turn.o(.bss)
    yaw_can_rx                               0x200012c0   Data          16  can_receive.o(.bss)
    pitch_can_rx                             0x200012d0   Data          16  can_receive.o(.bss)
    shoot_can_rx                             0x200012e0   Data          32  can_receive.o(.bss)
    Briter_Encoder1                          0x20001348   Data          52  briter_encoder.o(.bss)
    Briter_Encoder2                          0x2000137c   Data          52  briter_encoder.o(.bss)
    Briter_Encoder3                          0x200013b0   Data          52  briter_encoder.o(.bss)
    Briter_Encoder4                          0x200013e4   Data          52  briter_encoder.o(.bss)
    adata                                    0x20001418   Data          16  bsp_can.o(.bss)
    usart6_buf                               0x20001428   Data        1024  bsp_referee.o(.bss)
    referee_fifo                             0x20001828   Data          24  bsp_referee.o(.bss)
    referee_fifo_buf                         0x20001840   Data        1024  bsp_referee.o(.bss)
    receive_data                             0x20001c40   Data          40  bsp_uart.o(.bss)
    UART1_Sent_Data                          0x20001c68   Data          10  bsp_uart.o(.bss)
    Send_Data                                0x20001c74   Data          48  bsp_uart.o(.bss)
    dma_rx_buff                              0x20001ca4   Data          40  bsp_uart.o(.bss)
    Buffer                                   0x20001ccc   Data          11  bsp_uart.o(.bss)
    __libspace_start                         0x20001cd8   Data          96  libspace.o(.bss)
    __temporary_stack_top$libspace           0x20001d38   Data           0  libspace.o(.bss)



==============================================================================

Memory Map of the image

  Image Entry point : 0x08000189

  Load Region LR_IROM1 (Base: 0x08000000, Size: 0x000066ec, Max: 0x00100000, ABSOLUTE, COMPRESSED[0x0000656c])

    Execution Region ER_IROM1 (Exec base: 0x08000000, Load base: 0x08000000, Size: 0x00006508, Max: 0x00100000, ABSOLUTE)

    Exec Addr    Load Addr    Size         Type   Attr      Idx    E Section Name        Object

    0x08000000   0x08000000   0x00000188   Data   RO            3    RESET               startup_stm32f407xx.o
    0x08000188   0x08000188   0x00000008   Code   RO         4887  * !!!main             c_w.l(__main.o)
    0x08000190   0x08000190   0x00000034   Code   RO         5240    !!!scatter          c_w.l(__scatter.o)
    0x080001c4   0x080001c4   0x0000005a   Code   RO         5238    !!dczerorl2         c_w.l(__dczerorl2.o)
    0x0800021e   0x0800021e   0x00000002   PAD
    0x08000220   0x08000220   0x0000001c   Code   RO         5242    !!handler_zi        c_w.l(__scatter_zi.o)
    0x0800023c   0x0800023c   0x00000002   Code   RO         5177    .ARM.Collect$$libinit$$00000000  c_w.l(libinit.o)
    0x0800023e   0x0800023e   0x00000004   Code   RO         5011    .ARM.Collect$$libinit$$00000001  c_w.l(libinit2.o)
    0x08000242   0x08000242   0x00000000   Code   RO         5014    .ARM.Collect$$libinit$$00000004  c_w.l(libinit2.o)
    0x08000242   0x08000242   0x00000000   Code   RO         5017    .ARM.Collect$$libinit$$0000000A  c_w.l(libinit2.o)
    0x08000242   0x08000242   0x00000000   Code   RO         5019    .ARM.Collect$$libinit$$0000000C  c_w.l(libinit2.o)
    0x08000242   0x08000242   0x00000000   Code   RO         5021    .ARM.Collect$$libinit$$0000000E  c_w.l(libinit2.o)
    0x08000242   0x08000242   0x00000000   Code   RO         5024    .ARM.Collect$$libinit$$00000011  c_w.l(libinit2.o)
    0x08000242   0x08000242   0x00000000   Code   RO         5026    .ARM.Collect$$libinit$$00000013  c_w.l(libinit2.o)
    0x08000242   0x08000242   0x00000000   Code   RO         5028    .ARM.Collect$$libinit$$00000015  c_w.l(libinit2.o)
    0x08000242   0x08000242   0x00000000   Code   RO         5030    .ARM.Collect$$libinit$$00000017  c_w.l(libinit2.o)
    0x08000242   0x08000242   0x00000000   Code   RO         5032    .ARM.Collect$$libinit$$00000019  c_w.l(libinit2.o)
    0x08000242   0x08000242   0x00000000   Code   RO         5034    .ARM.Collect$$libinit$$0000001B  c_w.l(libinit2.o)
    0x08000242   0x08000242   0x00000000   Code   RO         5036    .ARM.Collect$$libinit$$0000001D  c_w.l(libinit2.o)
    0x08000242   0x08000242   0x00000000   Code   RO         5038    .ARM.Collect$$libinit$$0000001F  c_w.l(libinit2.o)
    0x08000242   0x08000242   0x00000000   Code   RO         5040    .ARM.Collect$$libinit$$00000021  c_w.l(libinit2.o)
    0x08000242   0x08000242   0x00000000   Code   RO         5042    .ARM.Collect$$libinit$$00000023  c_w.l(libinit2.o)
    0x08000242   0x08000242   0x00000000   Code   RO         5044    .ARM.Collect$$libinit$$00000025  c_w.l(libinit2.o)
    0x08000242   0x08000242   0x00000000   Code   RO         5048    .ARM.Collect$$libinit$$0000002C  c_w.l(libinit2.o)
    0x08000242   0x08000242   0x00000000   Code   RO         5050    .ARM.Collect$$libinit$$0000002E  c_w.l(libinit2.o)
    0x08000242   0x08000242   0x00000000   Code   RO         5052    .ARM.Collect$$libinit$$00000030  c_w.l(libinit2.o)
    0x08000242   0x08000242   0x00000000   Code   RO         5054    .ARM.Collect$$libinit$$00000032  c_w.l(libinit2.o)
    0x08000242   0x08000242   0x00000002   Code   RO         5055    .ARM.Collect$$libinit$$00000033  c_w.l(libinit2.o)
    0x08000244   0x08000244   0x00000002   Code   RO         5235    .ARM.Collect$$libshutdown$$00000000  c_w.l(libshutdown.o)
    0x08000246   0x08000246   0x00000000   Code   RO         5193    .ARM.Collect$$libshutdown$$00000002  c_w.l(libshutdown2.o)
    0x08000246   0x08000246   0x00000000   Code   RO         5195    .ARM.Collect$$libshutdown$$00000004  c_w.l(libshutdown2.o)
    0x08000246   0x08000246   0x00000000   Code   RO         5198    .ARM.Collect$$libshutdown$$00000007  c_w.l(libshutdown2.o)
    0x08000246   0x08000246   0x00000000   Code   RO         5201    .ARM.Collect$$libshutdown$$0000000A  c_w.l(libshutdown2.o)
    0x08000246   0x08000246   0x00000000   Code   RO         5203    .ARM.Collect$$libshutdown$$0000000C  c_w.l(libshutdown2.o)
    0x08000246   0x08000246   0x00000000   Code   RO         5206    .ARM.Collect$$libshutdown$$0000000F  c_w.l(libshutdown2.o)
    0x08000246   0x08000246   0x00000002   Code   RO         5207    .ARM.Collect$$libshutdown$$00000010  c_w.l(libshutdown2.o)
    0x08000248   0x08000248   0x00000000   Code   RO         4977    .ARM.Collect$$rtentry$$00000000  c_w.l(__rtentry.o)
    0x08000248   0x08000248   0x00000000   Code   RO         5109    .ARM.Collect$$rtentry$$00000002  c_w.l(__rtentry2.o)
    0x08000248   0x08000248   0x00000006   Code   RO         5121    .ARM.Collect$$rtentry$$00000004  c_w.l(__rtentry4.o)
    0x0800024e   0x0800024e   0x00000000   Code   RO         5111    .ARM.Collect$$rtentry$$00000009  c_w.l(__rtentry2.o)
    0x0800024e   0x0800024e   0x00000004   Code   RO         5112    .ARM.Collect$$rtentry$$0000000A  c_w.l(__rtentry2.o)
    0x08000252   0x08000252   0x00000000   Code   RO         5114    .ARM.Collect$$rtentry$$0000000C  c_w.l(__rtentry2.o)
    0x08000252   0x08000252   0x00000008   Code   RO         5115    .ARM.Collect$$rtentry$$0000000D  c_w.l(__rtentry2.o)
    0x0800025a   0x0800025a   0x00000002   Code   RO         5180    .ARM.Collect$$rtexit$$00000000  c_w.l(rtexit.o)
    0x0800025c   0x0800025c   0x00000000   Code   RO         5211    .ARM.Collect$$rtexit$$00000002  c_w.l(rtexit2.o)
    0x0800025c   0x0800025c   0x00000004   Code   RO         5212    .ARM.Collect$$rtexit$$00000003  c_w.l(rtexit2.o)
    0x08000260   0x08000260   0x00000006   Code   RO         5213    .ARM.Collect$$rtexit$$00000004  c_w.l(rtexit2.o)
    0x08000266   0x08000266   0x00000002   PAD
    0x08000268   0x08000268   0x00000040   Code   RO            4    .text               startup_stm32f407xx.o
    0x080002a8   0x080002a8   0x000000ee   Code   RO         4875    .text               c_w.l(lludivv7m.o)
    0x08000396   0x08000396   0x00000044   Code   RO         4881    .text               c_w.l(rt_memclr.o)
    0x080003da   0x080003da   0x0000004e   Code   RO         4883    .text               c_w.l(rt_memclr_w.o)
    0x08000428   0x08000428   0x00000006   Code   RO         4885    .text               c_w.l(heapauxi.o)
    0x0800042e   0x0800042e   0x00000002   PAD
    0x08000430   0x08000430   0x00000008   Code   RO         5105    .text               c_w.l(libspace.o)
    0x08000438   0x08000438   0x00000002   Code   RO         5149    .text               c_w.l(use_no_semi.o)
    0x0800043a   0x0800043a   0x00000000   Code   RO         5151    .text               c_w.l(indicate_semi.o)
    0x0800043a   0x0800043a   0x0000004a   Code   RO         5152    .text               c_w.l(sys_stackheap_outer.o)
    0x08000484   0x08000484   0x00000012   Code   RO         5158    .text               c_w.l(exit.o)
    0x08000496   0x08000496   0x00000002   PAD
    0x08000498   0x08000498   0x0000000c   Code   RO         5178    .text               c_w.l(sys_exit.o)
    0x080004a4   0x080004a4   0x00000044   Code   RO          628    i.APID_Init         pid.o
    0x080004e8   0x080004e8   0x00000004   Code   RO          478    i.BusFault_Handler  stm32f4xx_it.o
    0x080004ec   0x080004ec   0x00000010   Code   RO          479    i.CAN1_RX0_IRQHandler  stm32f4xx_it.o
    0x080004fc   0x080004fc   0x00000010   Code   RO          480    i.CAN2_RX0_IRQHandler  stm32f4xx_it.o
    0x0800050c   0x0800050c   0x00000010   Code   RO          481    i.DMA1_Stream1_IRQHandler  stm32f4xx_it.o
    0x0800051c   0x0800051c   0x00000010   Code   RO          482    i.DMA2_Stream1_IRQHandler  stm32f4xx_it.o
    0x0800052c   0x0800052c   0x00000010   Code   RO          483    i.DMA2_Stream5_IRQHandler  stm32f4xx_it.o
    0x0800053c   0x0800053c   0x00000010   Code   RO          484    i.DMA2_Stream6_IRQHandler  stm32f4xx_it.o
    0x0800054c   0x0800054c   0x00000010   Code   RO          485    i.DMA2_Stream7_IRQHandler  stm32f4xx_it.o
    0x0800055c   0x0800055c   0x00000034   Code   RO         2748    i.DMA_CalcBaseAndBitshift  stm32f4xx_hal_dma.o
    0x08000590   0x08000590   0x000000aa   Code   RO         2749    i.DMA_CheckFifoParam  stm32f4xx_hal_dma.o
    0x0800063a   0x0800063a   0x0000002c   Code   RO         2750    i.DMA_SetConfig     stm32f4xx_hal_dma.o
    0x08000666   0x08000666   0x00000002   Code   RO          486    i.DebugMon_Handler  stm32f4xx_it.o
    0x08000668   0x08000668   0x00000120   Code   RO         1515    i.Encoder_Data_Process  bsp_can.o
    0x08000788   0x08000788   0x00000006   Code   RO          228    i.Error_Handler     main.o
    0x0800078e   0x0800078e   0x00000002   PAD
    0x08000790   0x08000790   0x00000064   Code   RO         1090    i.GIMBAL_CALBACK_GET  yaw_turn.o
    0x080007f4   0x080007f4   0x00000010   Code   RO         1092    i.GIMBAL_Set_Mode   yaw_turn.o
    0x08000804   0x08000804   0x00000068   Code   RO         1093    i.Gimbal_Init       yaw_turn.o
    0x0800086c   0x0800086c   0x0000002a   Code   RO         2011    i.HAL_CAN_ActivateNotification  stm32f4xx_hal_can.o
    0x08000896   0x08000896   0x00000156   Code   RO         2012    i.HAL_CAN_AddTxMessage  stm32f4xx_hal_can.o
    0x080009ec   0x080009ec   0x00000124   Code   RO         2013    i.HAL_CAN_ConfigFilter  stm32f4xx_hal_can.o
    0x08000b10   0x08000b10   0x00000002   Code   RO         2016    i.HAL_CAN_ErrorCallback  stm32f4xx_hal_can.o
    0x08000b12   0x08000b12   0x0000017a   Code   RO         2019    i.HAL_CAN_GetRxMessage  stm32f4xx_hal_can.o
    0x08000c8c   0x08000c8c   0x0000024e   Code   RO         2023    i.HAL_CAN_IRQHandler  stm32f4xx_hal_can.o
    0x08000eda   0x08000eda   0x00000174   Code   RO         2024    i.HAL_CAN_Init      stm32f4xx_hal_can.o
    0x0800104e   0x0800104e   0x00000002   PAD
    0x08001050   0x08001050   0x00000160   Code   RO          310    i.HAL_CAN_MspInit   can.o
    0x080011b0   0x080011b0   0x00000002   Code   RO         2031    i.HAL_CAN_RxFifo0FullCallback  stm32f4xx_hal_can.o
    0x080011b2   0x080011b2   0x00000002   PAD
    0x080011b4   0x080011b4   0x00000200   Code   RO         1516    i.HAL_CAN_RxFifo0MsgPendingCallback  bsp_can.o
    0x080013b4   0x080013b4   0x00000002   Code   RO         2033    i.HAL_CAN_RxFifo1FullCallback  stm32f4xx_hal_can.o
    0x080013b6   0x080013b6   0x00000002   Code   RO         2034    i.HAL_CAN_RxFifo1MsgPendingCallback  stm32f4xx_hal_can.o
    0x080013b8   0x080013b8   0x00000002   Code   RO         2035    i.HAL_CAN_SleepCallback  stm32f4xx_hal_can.o
    0x080013ba   0x080013ba   0x0000005e   Code   RO         2036    i.HAL_CAN_Start     stm32f4xx_hal_can.o
    0x08001418   0x08001418   0x00000002   Code   RO         2038    i.HAL_CAN_TxMailbox0AbortCallback  stm32f4xx_hal_can.o
    0x0800141a   0x0800141a   0x00000002   Code   RO         2039    i.HAL_CAN_TxMailbox0CompleteCallback  stm32f4xx_hal_can.o
    0x0800141c   0x0800141c   0x00000002   Code   RO         2040    i.HAL_CAN_TxMailbox1AbortCallback  stm32f4xx_hal_can.o
    0x0800141e   0x0800141e   0x00000002   Code   RO         2041    i.HAL_CAN_TxMailbox1CompleteCallback  stm32f4xx_hal_can.o
    0x08001420   0x08001420   0x00000002   Code   RO         2042    i.HAL_CAN_TxMailbox2AbortCallback  stm32f4xx_hal_can.o
    0x08001422   0x08001422   0x00000002   Code   RO         2043    i.HAL_CAN_TxMailbox2CompleteCallback  stm32f4xx_hal_can.o
    0x08001424   0x08001424   0x00000002   Code   RO         2045    i.HAL_CAN_WakeUpFromRxMsgCallback  stm32f4xx_hal_can.o
    0x08001426   0x08001426   0x000000ac   Code   RO         2751    i.HAL_DMA_Abort     stm32f4xx_hal_dma.o
    0x080014d2   0x080014d2   0x00000028   Code   RO         2752    i.HAL_DMA_Abort_IT  stm32f4xx_hal_dma.o
    0x080014fa   0x080014fa   0x00000002   PAD
    0x080014fc   0x080014fc   0x00000240   Code   RO         2756    i.HAL_DMA_IRQHandler  stm32f4xx_hal_dma.o
    0x0800173c   0x0800173c   0x000000ec   Code   RO         2757    i.HAL_DMA_Init      stm32f4xx_hal_dma.o
    0x08001828   0x08001828   0x00000092   Code   RO         2761    i.HAL_DMA_Start_IT  stm32f4xx_hal_dma.o
    0x080018ba   0x080018ba   0x00000002   PAD
    0x080018bc   0x080018bc   0x000001f0   Code   RO         2644    i.HAL_GPIO_Init     stm32f4xx_hal_gpio.o
    0x08001aac   0x08001aac   0x0000000c   Code   RO         3181    i.HAL_GetTick       stm32f4xx_hal.o
    0x08001ab8   0x08001ab8   0x00000018   Code   RO         3187    i.HAL_IncTick       stm32f4xx_hal.o
    0x08001ad0   0x08001ad0   0x0000003c   Code   RO         3188    i.HAL_Init          stm32f4xx_hal.o
    0x08001b0c   0x08001b0c   0x0000004c   Code   RO         3189    i.HAL_InitTick      stm32f4xx_hal.o
    0x08001b58   0x08001b58   0x00000048   Code   RO          607    i.HAL_MspInit       stm32f4xx_hal_msp.o
    0x08001ba0   0x08001ba0   0x00000020   Code   RO         3033    i.HAL_NVIC_EnableIRQ  stm32f4xx_hal_cortex.o
    0x08001bc0   0x08001bc0   0x0000007c   Code   RO         3039    i.HAL_NVIC_SetPriority  stm32f4xx_hal_cortex.o
    0x08001c3c   0x08001c3c   0x00000028   Code   RO         3040    i.HAL_NVIC_SetPriorityGrouping  stm32f4xx_hal_cortex.o
    0x08001c64   0x08001c64   0x00000184   Code   RO         2245    i.HAL_RCC_ClockConfig  stm32f4xx_hal_rcc.o
    0x08001de8   0x08001de8   0x0000000c   Code   RO         2250    i.HAL_RCC_GetHCLKFreq  stm32f4xx_hal_rcc.o
    0x08001df4   0x08001df4   0x00000020   Code   RO         2252    i.HAL_RCC_GetPCLK1Freq  stm32f4xx_hal_rcc.o
    0x08001e14   0x08001e14   0x00000020   Code   RO         2253    i.HAL_RCC_GetPCLK2Freq  stm32f4xx_hal_rcc.o
    0x08001e34   0x08001e34   0x000000b0   Code   RO         2254    i.HAL_RCC_GetSysClockFreq  stm32f4xx_hal_rcc.o
    0x08001ee4   0x08001ee4   0x0000049c   Code   RO         2257    i.HAL_RCC_OscConfig  stm32f4xx_hal_rcc.o
    0x08002380   0x08002380   0x00000034   Code   RO         3044    i.HAL_SYSTICK_Config  stm32f4xx_hal_cortex.o
    0x080023b4   0x080023b4   0x00000002   Code   RO         4143    i.HAL_TIMEx_BreakCallback  stm32f4xx_hal_tim_ex.o
    0x080023b6   0x080023b6   0x00000002   Code   RO         4144    i.HAL_TIMEx_CommutCallback  stm32f4xx_hal_tim_ex.o
    0x080023b8   0x080023b8   0x000000b4   Code   RO         4162    i.HAL_TIMEx_MasterConfigSynchronization  stm32f4xx_hal_tim_ex.o
    0x0800246c   0x0800246c   0x00000066   Code   RO         3428    i.HAL_TIM_Base_Init  stm32f4xx_hal_tim.o
    0x080024d2   0x080024d2   0x00000002   PAD
    0x080024d4   0x080024d4   0x00000048   Code   RO          383    i.HAL_TIM_Base_MspInit  tim.o
    0x0800251c   0x0800251c   0x000000a8   Code   RO         3433    i.HAL_TIM_Base_Start_IT  stm32f4xx_hal_tim.o
    0x080025c4   0x080025c4   0x0000010c   Code   RO         3437    i.HAL_TIM_ConfigClockSource  stm32f4xx_hal_tim.o
    0x080026d0   0x080026d0   0x00000002   Code   RO         3462    i.HAL_TIM_IC_CaptureCallback  stm32f4xx_hal_tim.o
    0x080026d2   0x080026d2   0x00000196   Code   RO         3476    i.HAL_TIM_IRQHandler  stm32f4xx_hal_tim.o
    0x08002868   0x08002868   0x00000002   Code   RO         3479    i.HAL_TIM_OC_DelayElapsedCallback  stm32f4xx_hal_tim.o
    0x0800286a   0x0800286a   0x00000002   Code   RO         3506    i.HAL_TIM_PWM_PulseFinishedCallback  stm32f4xx_hal_tim.o
    0x0800286c   0x0800286c   0x00000068   Code   RO          913    i.HAL_TIM_PeriodElapsedCallback  chassis_task.o
    0x080028d4   0x080028d4   0x00000002   Code   RO         3519    i.HAL_TIM_TriggerCallback  stm32f4xx_hal_tim.o
    0x080028d6   0x080028d6   0x00000002   Code   RO         4421    i.HAL_UARTEx_RxEventCallback  stm32f4xx_hal_uart.o
    0x080028d8   0x080028d8   0x0000008a   Code   RO         4433    i.HAL_UART_DMAStop  stm32f4xx_hal_uart.o
    0x08002962   0x08002962   0x00000002   Code   RO         4435    i.HAL_UART_ErrorCallback  stm32f4xx_hal_uart.o
    0x08002964   0x08002964   0x000002e0   Code   RO         4438    i.HAL_UART_IRQHandler  stm32f4xx_hal_uart.o
    0x08002c44   0x08002c44   0x00000072   Code   RO         4439    i.HAL_UART_Init     stm32f4xx_hal_uart.o
    0x08002cb6   0x08002cb6   0x00000002   PAD
    0x08002cb8   0x08002cb8   0x00000308   Code   RO          425    i.HAL_UART_MspInit  usart.o
    0x08002fc0   0x08002fc0   0x00000042   Code   RO         4443    i.HAL_UART_Receive_DMA  stm32f4xx_hal_uart.o
    0x08003002   0x08003002   0x00000042   Code   RO         4444    i.HAL_UART_Receive_IT  stm32f4xx_hal_uart.o
    0x08003044   0x08003044   0x0000005c   Code   RO         1412    i.HAL_UART_RxCpltCallback  supercap.o
    0x080030a0   0x080030a0   0x00000002   Code   RO         4446    i.HAL_UART_RxHalfCpltCallback  stm32f4xx_hal_uart.o
    0x080030a2   0x080030a2   0x000000d2   Code   RO         4447    i.HAL_UART_Transmit  stm32f4xx_hal_uart.o
    0x08003174   0x08003174   0x00000002   Code   RO         4450    i.HAL_UART_TxCpltCallback  stm32f4xx_hal_uart.o
    0x08003176   0x08003176   0x00000004   Code   RO          487    i.HardFault_Handler  stm32f4xx_it.o
    0x0800317a   0x0800317a   0x00000002   PAD
    0x0800317c   0x0800317c   0x00000030   Code   RO         1457    i.Init_Encoder_Struct  briter_encoder.o
    0x080031ac   0x080031ac   0x00000048   Code   RO          311    i.MX_CAN1_Init      can.o
    0x080031f4   0x080031f4   0x00000048   Code   RO          312    i.MX_CAN2_Init      can.o
    0x0800323c   0x0800323c   0x00000098   Code   RO          358    i.MX_DMA_Init       dma.o
    0x080032d4   0x080032d4   0x000000c0   Code   RO          285    i.MX_GPIO_Init      gpio.o
    0x08003394   0x08003394   0x0000006c   Code   RO          384    i.MX_TIM3_Init      tim.o
    0x08003400   0x08003400   0x00000038   Code   RO          426    i.MX_USART1_UART_Init  usart.o
    0x08003438   0x08003438   0x00000038   Code   RO          427    i.MX_USART3_UART_Init  usart.o
    0x08003470   0x08003470   0x00000038   Code   RO          428    i.MX_USART6_UART_Init  usart.o
    0x080034a8   0x080034a8   0x00000004   Code   RO          488    i.MemManage_Handler  stm32f4xx_it.o
    0x080034ac   0x080034ac   0x00000004   Code   RO          489    i.NMI_Handler       stm32f4xx_it.o
    0x080034b0   0x080034b0   0x00000068   Code   RO          630    i.PID_Init          pid.o
    0x08003518   0x08003518   0x00000050   Code   RO          631    i.POWER_PID_Init    pid.o
    0x08003568   0x08003568   0x00000002   Code   RO          490    i.PendSV_Handler    stm32f4xx_it.o
    0x0800356a   0x0800356a   0x00000010   Code   RO         1320    i.RC_abs            remote_control.o
    0x0800357a   0x0800357a   0x00000002   PAD
    0x0800357c   0x0800357c   0x000000a0   Code   RO         1321    i.RC_data_is_error  remote_control.o
    0x0800361c   0x0800361c   0x0000009c   Code   RO         1322    i.RC_init           remote_control.o
    0x080036b8   0x080036b8   0x000000c4   Code   RO         1323    i.RC_restart        remote_control.o
    0x0800377c   0x0800377c   0x00000144   Code   RO         1613    i.REFEREE_init      bsp_referee.o
    0x080038c0   0x080038c0   0x00000002   Code   RO          491    i.SVC_Handler       stm32f4xx_it.o
    0x080038c2   0x080038c2   0x00000002   PAD
    0x080038c4   0x080038c4   0x00000030   Code   RO         1458    i.Send_Data_Initialize  briter_encoder.o
    0x080038f4   0x080038f4   0x00000008   Code   RO          492    i.SysTick_Handler   stm32f4xx_it.o
    0x080038fc   0x080038fc   0x000000b4   Code   RO          229    i.SystemClock_Config  main.o
    0x080039b0   0x080039b0   0x00000014   Code   RO         4778    i.SystemInit        system_stm32f4xx.o
    0x080039c4   0x080039c4   0x00000010   Code   RO          493    i.TIM3_IRQHandler   stm32f4xx_it.o
    0x080039d4   0x080039d4   0x000000d8   Code   RO         3521    i.TIM_Base_SetConfig  stm32f4xx_hal_tim.o
    0x08003aac   0x08003aac   0x00000016   Code   RO         3532    i.TIM_ETR_SetConfig  stm32f4xx_hal_tim.o
    0x08003ac2   0x08003ac2   0x00000012   Code   RO         3533    i.TIM_ITRx_SetConfig  stm32f4xx_hal_tim.o
    0x08003ad4   0x08003ad4   0x00000026   Code   RO         3539    i.TIM_TI1_ConfigInputStage  stm32f4xx_hal_tim.o
    0x08003afa   0x08003afa   0x00000028   Code   RO         3541    i.TIM_TI2_ConfigInputStage  stm32f4xx_hal_tim.o
    0x08003b22   0x08003b22   0x00000002   PAD
    0x08003b24   0x08003b24   0x00000094   Code   RO          804    i.Target_Velocity_Smoothen  chassis_move.o
    0x08003bb8   0x08003bb8   0x000000c4   Code   RO         1030    i.Trigger_Motor_Callback  trigger_turn.o
    0x08003c7c   0x08003c7c   0x00000014   Code   RO         4452    i.UART_DMAAbortOnError  stm32f4xx_hal_uart.o
    0x08003c90   0x08003c90   0x00000050   Code   RO         4453    i.UART_DMAError     stm32f4xx_hal_uart.o
    0x08003ce0   0x08003ce0   0x000000b0   Code   RO         4454    i.UART_DMAReceiveCplt  stm32f4xx_hal_uart.o
    0x08003d90   0x08003d90   0x00000020   Code   RO         4456    i.UART_DMARxHalfCplt  stm32f4xx_hal_uart.o
    0x08003db0   0x08003db0   0x0000006c   Code   RO         4462    i.UART_EndRxTransfer  stm32f4xx_hal_uart.o
    0x08003e1c   0x08003e1c   0x00000020   Code   RO         4463    i.UART_EndTransmit_IT  stm32f4xx_hal_uart.o
    0x08003e3c   0x08003e3c   0x00000026   Code   RO         4464    i.UART_EndTxTransfer  stm32f4xx_hal_uart.o
    0x08003e62   0x08003e62   0x000000f8   Code   RO         4465    i.UART_Receive_IT   stm32f4xx_hal_uart.o
    0x08003f5a   0x08003f5a   0x00000002   PAD
    0x08003f5c   0x08003f5c   0x0000022c   Code   RO         4466    i.UART_SetConfig    stm32f4xx_hal_uart.o
    0x08004188   0x08004188   0x000000cc   Code   RO         4467    i.UART_Start_Receive_DMA  stm32f4xx_hal_uart.o
    0x08004254   0x08004254   0x00000046   Code   RO         4468    i.UART_Start_Receive_IT  stm32f4xx_hal_uart.o
    0x0800429a   0x0800429a   0x00000060   Code   RO         4469    i.UART_Transmit_IT  stm32f4xx_hal_uart.o
    0x080042fa   0x080042fa   0x00000092   Code   RO         4470    i.UART_WaitOnFlagUntilTimeout  stm32f4xx_hal_uart.o
    0x0800438c   0x0800438c   0x000001e0   Code   RO         1655    i.USART1_IRQHandler  bsp_uart.o
    0x0800456c   0x0800456c   0x00000144   Code   RO         1324    i.USART3_IRQHandler  remote_control.o
    0x080046b0   0x080046b0   0x00000014   Code   RO          494    i.USART6_IRQHandler  stm32f4xx_it.o
    0x080046c4   0x080046c4   0x00000004   Code   RO          495    i.UsageFault_Handler  stm32f4xx_it.o
    0x080046c8   0x080046c8   0x0000002c   Code   RO          632    i.VPID_Init         pid.o
    0x080046f4   0x080046f4   0x00000028   Code   RO         1094    i.Yaw_PIDinit       yaw_turn.o
    0x0800471c   0x0800471c   0x00000010   Code   RO         3046    i.__NVIC_GetPriorityGrouping  stm32f4xx_hal_cortex.o
    0x0800472c   0x0800472c   0x00000028   Code   RO         3047    i.__NVIC_SetPriority  stm32f4xx_hal_cortex.o
    0x08004754   0x08004754   0x00000014   Code   RO         4945    i.__hardfp_fabs     m_wm.l(fabs.o)
    0x08004768   0x08004768   0x0000037c   Code   RO           13    i.all_init          my_init.o
    0x08004ae4   0x08004ae4   0x00000324   Code   RO          633    i.apid_realize      pid.o
    0x08004e08   0x08004e08   0x00000120   Code   RO          634    i.apid_vpid_realize  pid.o
    0x08004f28   0x08004f28   0x00000068   Code   RO         1518    i.bsp_can_init      bsp_can.o
    0x08004f90   0x08004f90   0x0000009c   Code   RO         1520    i.canTX_Chassis_Motor_Current  bsp_can.o
    0x0800502c   0x0800502c   0x0000004c   Code   RO         1521    i.canTX_Gimbal_Yaw_Data  bsp_can.o
    0x08005078   0x08005078   0x00000060   Code   RO         1031    i.canTX_trigger     trigger_turn.o
    0x080050d8   0x080050d8   0x00000014   Code   RO          805    i.can_send_chassis_current  chassis_move.o
    0x080050ec   0x080050ec   0x0000000c   Code   RO          809    i.chassis_move      chassis_move.o
    0x080050f8   0x080050f8   0x00000016   Code   RO         1812    i.fifo_s_init       fifo.o
    0x0800510e   0x0800510e   0x00000002   PAD
    0x08005110   0x08005110   0x0000000c   Code   RO          949    i.get_chassis_power_limit  referee.o
    0x0800511c   0x0800511c   0x000000fc   Code   RO         1523    i.get_motor_data    bsp_can.o
    0x08005218   0x08005218   0x00000068   Code   RO         1413    i.get_supercap_data  supercap.o
    0x08005280   0x08005280   0x000000c0   Code   RO          954    i.init_referee_struct_data  referee.o
    0x08005340   0x08005340   0x0000005c   Code   RO          230    i.main              main.o
    0x0800539c   0x0800539c   0x00000064   Code   RO           14    i.mode_init         my_init.o
    0x08005400   0x08005400   0x00000022   Code   RO          636    i.motor_pid_init    pid.o
    0x08005422   0x08005422   0x00000022   Code   RO          637    i.pid_realize       pid.o
    0x08005444   0x08005444   0x00000014   Code   RO          638    i.position_loop_init  pid.o
    0x08005458   0x08005458   0x00000028   Code   RO          639    i.position_loop_realize  pid.o
    0x08005480   0x08005480   0x0000007c   Code   RO         1524    i.read_motor_data   bsp_can.o
    0x080054fc   0x080054fc   0x0000002c   Code   RO         1615    i.referee_usart_fifo_init  bsp_referee.o
    0x08005528   0x08005528   0x00000014   Code   RO         1329    i.remote_control_init  remote_control.o
    0x0800553c   0x0800553c   0x000000a8   Code   RO         1330    i.sbus_to_rc        remote_control.o
    0x080055e4   0x080055e4   0x000000a0   Code   RO         1032    i.shoot_angle_clc   trigger_turn.o
    0x08005684   0x08005684   0x0000000e   Code   RO          641    i.speed_loop_init   pid.o
    0x08005692   0x08005692   0x00000012   Code   RO          642    i.speed_loop_realize  pid.o
    0x080056a4   0x080056a4   0x0000007c   Code   RO         1414    i.supercap          supercap.o
    0x08005720   0x08005720   0x00000054   Code   RO         1033    i.trigger_all_init  trigger_turn.o
    0x08005774   0x08005774   0x00000050   Code   RO         1034    i.trigger_pid       trigger_turn.o
    0x080057c4   0x080057c4   0x00000080   Code   RO         1035    i.trigger_turn      trigger_turn.o
    0x08005844   0x08005844   0x00000028   Code   RO         1659    i.uart_init         bsp_uart.o
    0x0800586c   0x0800586c   0x000000cc   Code   RO          817    i.vpid_chassis_realize_F  chassis_move.o
    0x08005938   0x08005938   0x00000198   Code   RO          643    i.vpid_realize      pid.o
    0x08005ad0   0x08005ad0   0x0000000c   Code   RO         1101    i.yaw_turn          yaw_turn.o
    0x08005adc   0x08005adc   0x00000062   Code   RO         4889    x$fpl$d2f           fz_wm.l(d2f.o)
    0x08005b3e   0x08005b3e   0x00000002   PAD
    0x08005b40   0x08005b40   0x00000150   Code   RO         4891    x$fpl$dadd          fz_wm.l(daddsub_clz.o)
    0x08005c90   0x08005c90   0x00000018   Code   RO         5058    x$fpl$dcmpinf       fz_wm.l(dcmpi.o)
    0x08005ca8   0x08005ca8   0x000002b0   Code   RO         4898    x$fpl$ddiv          fz_wm.l(ddiv.o)
    0x08005f58   0x08005f58   0x0000002e   Code   RO         4906    x$fpl$dflt          fz_wm.l(dflt_clz.o)
    0x08005f86   0x08005f86   0x00000002   PAD
    0x08005f88   0x08005f88   0x00000078   Code   RO         4911    x$fpl$dleqf         fz_wm.l(dleqf.o)
    0x08006000   0x08006000   0x00000154   Code   RO         4913    x$fpl$dmul          fz_wm.l(dmul.o)
    0x08006154   0x08006154   0x0000009c   Code   RO         5060    x$fpl$dnaninf       fz_wm.l(dnaninf.o)
    0x080061f0   0x080061f0   0x0000000c   Code   RO         5062    x$fpl$dretinf       fz_wm.l(dretinf.o)
    0x080061fc   0x080061fc   0x000001d4   Code   RO         4893    x$fpl$dsub          fz_wm.l(daddsub_clz.o)
    0x080063d0   0x080063d0   0x00000056   Code   RO         4917    x$fpl$f2d           fz_wm.l(f2d.o)
    0x08006426   0x08006426   0x0000008c   Code   RO         5066    x$fpl$fnaninf       fz_wm.l(fnaninf.o)
    0x080064b2   0x080064b2   0x0000000a   Code   RO         5147    x$fpl$fpinit        fz_wm.l(fpinit.o)
    0x080064bc   0x080064bc   0x0000000a   Code   RO         5068    x$fpl$fretinf       fz_wm.l(fretinf.o)
    0x080064c6   0x080064c6   0x00000000   Code   RO         5070    x$fpl$usenofp       fz_wm.l(usenofp.o)
    0x080064c6   0x080064c6   0x00000008   Data   RO         2763    .constdata          stm32f4xx_hal_dma.o
    0x080064ce   0x080064ce   0x00000018   Data   RO         4779    .constdata          system_stm32f4xx.o
    0x080064e6   0x080064e6   0x00000002   PAD
    0x080064e8   0x080064e8   0x00000020   Data   RO         5236    Region$$Table       anon$$obj.o


    Execution Region RW_IRAM2 (Exec base: 0x10000000, Load base: 0x0800656c, Size: 0x00000000, Max: 0x00010000, ABSOLUTE)

    **** No section assigned to this execution region ****


    Execution Region RW_IRAM1 (Exec base: 0x20000000, Load base: 0x08006508, Size: 0x00002338, Max: 0x00020000, ABSOLUTE, COMPRESSED[0x00000064])

    Exec Addr    Load Addr    Size         Type   Attr      Idx    E Section Name        Object

    0x20000000   COMPRESSED   0x00000004   Data   RW          314    .data               can.o
    0x20000004   COMPRESSED   0x00000008   Data   RW          644    .data               pid.o
    0x2000000c   COMPRESSED   0x000000ad   Data   RW          819    .data               chassis_move.o
    0x200000b9   COMPRESSED   0x00000003   PAD
    0x200000bc   COMPRESSED   0x00000004   Data   RW          914    .data               chassis_task.o
    0x200000c0   COMPRESSED   0x00000035   Data   RW          958    .data               referee.o
    0x200000f5   COMPRESSED   0x00000003   PAD
    0x200000f8   COMPRESSED   0x0000002e   Data   RW         1037    .data               trigger_turn.o
    0x20000126   COMPRESSED   0x00000002   PAD
    0x20000128   COMPRESSED   0x0000004c   Data   RW         1103    .data               yaw_turn.o
    0x20000174   COMPRESSED   0x00000018   Data   RW         1332    .data               remote_control.o
    0x2000018c   COMPRESSED   0x0000000f   Data   RW         1415    .data               supercap.o
    0x2000019b   COMPRESSED   0x00000001   PAD
    0x2000019c   COMPRESSED   0x00000038   Data   RW         1661    .data               bsp_uart.o
    0x200001d4   COMPRESSED   0x00000009   Data   RW         3195    .data               stm32f4xx_hal.o
    0x200001dd   COMPRESSED   0x00000003   PAD
    0x200001e0   COMPRESSED   0x00000004   Data   RW         4780    .data               system_stm32f4xx.o
    0x200001e4        -       0x00000035   Zero   RW          231    .bss                main.o
    0x20000219   COMPRESSED   0x00000003   PAD
    0x2000021c        -       0x00000050   Zero   RW          313    .bss                can.o
    0x2000026c        -       0x00000048   Zero   RW          385    .bss                tim.o
    0x200002b4        -       0x000002ac   Zero   RW          429    .bss                usart.o
    0x20000560        -       0x00000a54   Zero   RW          818    .bss                chassis_move.o
    0x20000fb4        -       0x000000ef   Zero   RW          957    .bss                referee.o
    0x200010a3   COMPRESSED   0x00000001   PAD
    0x200010a4        -       0x000000c0   Zero   RW         1036    .bss                trigger_turn.o
    0x20001164        -       0x0000015c   Zero   RW         1102    .bss                yaw_turn.o
    0x200012c0        -       0x00000040   Zero   RW         1182    .bss                can_receive.o
    0x20001300        -       0x00000048   Zero   RW         1331    .bss                remote_control.o
    0x20001348        -       0x000000d0   Zero   RW         1461    .bss                briter_encoder.o
    0x20001418        -       0x00000010   Zero   RW         1528    .bss                bsp_can.o
    0x20001428        -       0x00000818   Zero   RW         1616    .bss                bsp_referee.o
    0x20001c40        -       0x00000097   Zero   RW         1660    .bss                bsp_uart.o
    0x20001cd7   COMPRESSED   0x00000001   PAD
    0x20001cd8        -       0x00000060   Zero   RW         5106    .bss                c_w.l(libspace.o)
    0x20001d38        -       0x00000200   Zero   RW            2    HEAP                startup_stm32f407xx.o
    0x20001f38        -       0x00000400   Zero   RW            1    STACK               startup_stm32f407xx.o


==============================================================================

Image component sizes


      Code (inc. data)   RO Data    RW Data    ZI Data      Debug   Object Name

        96         34          0          0        208       2315   briter_encoder.o
      1512        136          0          0         16       6329   bsp_can.o
       368         44          0          0       2072       2197   bsp_referee.o
       520         54          0         56        151       3069   bsp_uart.o
       496         44          0          4         80       2578   can.o
         0          0          0          0         64       1155   can_receive.o
       384         40          0        173       2644       6703   chassis_move.o
       104          4          0          4          0       1204   chassis_task.o
       152          6          0          0          0        886   dma.o
        22          0          0          0          0       1986   fifo.o
       192          6          0          0          0       1019   gpio.o
       278         26          0          0         53       2469   main.o
       992        124          0          0          0     713798   my_init.o
      1956         88          0          8          0      13934   pid.o
       204         78          0         53        239       7460   referee.o
      1040         70          0         24         72       6411   remote_control.o
        64         26        392          0       1536        860   startup_stm32f407xx.o
       172         32          0          9          0       8929   stm32f4xx_hal.o
      2134          6          0          0          0      14823   stm32f4xx_hal_can.o
       304         22          0          0          0      34631   stm32f4xx_hal_cortex.o
      1436         16          8          0          0       7254   stm32f4xx_hal_dma.o
       496         44          0          0          0       1508   stm32f4xx_hal_gpio.o
        72          4          0          0          0        906   stm32f4xx_hal_msp.o
      1820         84          0          0          0       5796   stm32f4xx_hal_rcc.o
      1286         76          0          0          0      10043   stm32f4xx_hal_tim.o
       184         30          0          0          0       2597   stm32f4xx_hal_tim_ex.o
      3144         26          0          0          0      19053   stm32f4xx_hal_uart.o
       182         52          0          0          0       9218   stm32f4xx_it.o
       320         70          0         15          0       2560   supercap.o
        20          6         24          4          0       1207   system_stm32f4xx.o
       180         18          0          0         72       1782   tim.o
       744         76          0         46        192       5355   trigger_turn.o
       944         90          0          0        684       3707   usart.o
       272         48          0         76        348       4743   yaw_turn.o

    ----------------------------------------------------------------------
     22116       1480        458        484       8436     908485   Object Totals
         0          0         32          0          0          0   (incl. Generated)
        26          0          2         12          5          0   (incl. Padding)

    ----------------------------------------------------------------------

      Code (inc. data)   RO Data    RW Data    ZI Data      Debug   Library Member Name

        90          0          0          0          0          0   __dczerorl2.o
         8          0          0          0          0         68   __main.o
         0          0          0          0          0          0   __rtentry.o
        12          0          0          0          0          0   __rtentry2.o
         6          0          0          0          0          0   __rtentry4.o
        52          8          0          0          0          0   __scatter.o
        28          0          0          0          0          0   __scatter_zi.o
        18          0          0          0          0         80   exit.o
         6          0          0          0          0        152   heapauxi.o
         0          0          0          0          0          0   indicate_semi.o
         2          0          0          0          0          0   libinit.o
         6          0          0          0          0          0   libinit2.o
         2          0          0          0          0          0   libshutdown.o
         2          0          0          0          0          0   libshutdown2.o
         8          4          0          0         96         68   libspace.o
       238          0          0          0          0        100   lludivv7m.o
        68          0          0          0          0         68   rt_memclr.o
        78          0          0          0          0         80   rt_memclr_w.o
         2          0          0          0          0          0   rtexit.o
        10          0          0          0          0          0   rtexit2.o
        12          4          0          0          0         68   sys_exit.o
        74          0          0          0          0         80   sys_stackheap_outer.o
         2          0          0          0          0         68   use_no_semi.o
        98          4          0          0          0        140   d2f.o
       804         16          0          0          0        368   daddsub_clz.o
        24          0          0          0          0        116   dcmpi.o
       688        140          0          0          0        256   ddiv.o
        46          0          0          0          0        116   dflt_clz.o
       120          4          0          0          0        140   dleqf.o
       340         12          0          0          0        152   dmul.o
       156          4          0          0          0        140   dnaninf.o
        12          0          0          0          0        116   dretinf.o
        86          4          0          0          0        132   f2d.o
       140          4          0          0          0        132   fnaninf.o
        10          0          0          0          0        116   fpinit.o
        10          0          0          0          0        116   fretinf.o
         0          0          0          0          0          0   usenofp.o
        20          0          0          0          0        124   fabs.o

    ----------------------------------------------------------------------
      3290        204          0          0         96       2996   Library Totals
        12          0          0          0          0          0   (incl. Padding)

    ----------------------------------------------------------------------

      Code (inc. data)   RO Data    RW Data    ZI Data      Debug   Library Name

       724         16          0          0         96        832   c_w.l
      2534        188          0          0          0       2040   fz_wm.l
        20          0          0          0          0        124   m_wm.l

    ----------------------------------------------------------------------
      3290        204          0          0         96       2996   Library Totals

    ----------------------------------------------------------------------

==============================================================================


      Code (inc. data)   RO Data    RW Data    ZI Data      Debug   

     25406       1684        458        484       8532     893669   Grand Totals
     25406       1684        458        100       8532     893669   ELF Image Totals (compressed)
     25406       1684        458        100          0          0   ROM Totals

==============================================================================

    Total RO  Size (Code + RO Data)                25864 (  25.26kB)
    Total RW  Size (RW Data + ZI Data)              9016 (   8.80kB)
    Total ROM Size (Code + RO Data + RW Data)      25964 (  25.36kB)

==============================================================================

