Component: ARM Compiler 5.06 update 6 (build 750) Tool: armlink [4d35ed]

==============================================================================

Section Cross References

    startup_stm32f407xx.o(STACK) refers (Special) to heapauxi.o(.text) for __use_two_region_memory
    startup_stm32f407xx.o(HEAP) refers (Special) to heapauxi.o(.text) for __use_two_region_memory
    startup_stm32f407xx.o(RESET) refers (Special) to heapauxi.o(.text) for __use_two_region_memory
    startup_stm32f407xx.o(RESET) refers to startup_stm32f407xx.o(STACK) for __initial_sp
    startup_stm32f407xx.o(RESET) refers to startup_stm32f407xx.o(.text) for Reset_Handler
    startup_stm32f407xx.o(RESET) refers to stm32f4xx_it.o(i.NMI_Handler) for NMI_Handler
    startup_stm32f407xx.o(RESET) refers to stm32f4xx_it.o(i.HardFault_Handler) for HardFault_Handler
    startup_stm32f407xx.o(RESET) refers to stm32f4xx_it.o(i.MemManage_Handler) for MemManage_Handler
    startup_stm32f407xx.o(RESET) refers to stm32f4xx_it.o(i.BusFault_Handler) for BusFault_Handler
    startup_stm32f407xx.o(RESET) refers to stm32f4xx_it.o(i.UsageFault_Handler) for UsageFault_Handler
    startup_stm32f407xx.o(RESET) refers to stm32f4xx_it.o(i.SVC_Handler) for SVC_Handler
    startup_stm32f407xx.o(RESET) refers to stm32f4xx_it.o(i.DebugMon_Handler) for DebugMon_Handler
    startup_stm32f407xx.o(RESET) refers to stm32f4xx_it.o(i.PendSV_Handler) for PendSV_Handler
    startup_stm32f407xx.o(RESET) refers to stm32f4xx_it.o(i.SysTick_Handler) for SysTick_Handler
    startup_stm32f407xx.o(RESET) refers to stm32f4xx_it.o(i.DMA1_Stream1_IRQHandler) for DMA1_Stream1_IRQHandler
    startup_stm32f407xx.o(RESET) refers to stm32f4xx_it.o(i.CAN1_RX0_IRQHandler) for CAN1_RX0_IRQHandler
    startup_stm32f407xx.o(RESET) refers to stm32f4xx_it.o(i.TIM3_IRQHandler) for TIM3_IRQHandler
    startup_stm32f407xx.o(RESET) refers to bsp_uart.o(i.USART1_IRQHandler) for USART1_IRQHandler
    startup_stm32f407xx.o(RESET) refers to remote_control.o(i.USART3_IRQHandler) for USART3_IRQHandler
    startup_stm32f407xx.o(RESET) refers to stm32f4xx_it.o(i.DMA2_Stream1_IRQHandler) for DMA2_Stream1_IRQHandler
    startup_stm32f407xx.o(RESET) refers to stm32f4xx_it.o(i.CAN2_RX0_IRQHandler) for CAN2_RX0_IRQHandler
    startup_stm32f407xx.o(RESET) refers to stm32f4xx_it.o(i.DMA2_Stream5_IRQHandler) for DMA2_Stream5_IRQHandler
    startup_stm32f407xx.o(RESET) refers to stm32f4xx_it.o(i.DMA2_Stream6_IRQHandler) for DMA2_Stream6_IRQHandler
    startup_stm32f407xx.o(RESET) refers to stm32f4xx_it.o(i.DMA2_Stream7_IRQHandler) for DMA2_Stream7_IRQHandler
    startup_stm32f407xx.o(RESET) refers to bsp_referee.o(i.USART6_IRQHandler) for USART6_IRQHandler
    startup_stm32f407xx.o(.text) refers (Special) to heapauxi.o(.text) for __use_two_region_memory
    startup_stm32f407xx.o(.text) refers to system_stm32f4xx.o(i.SystemInit) for SystemInit
    startup_stm32f407xx.o(.text) refers to __main.o(!!!main) for __main
    startup_stm32f407xx.o(.text) refers to startup_stm32f407xx.o(HEAP) for Heap_Mem
    startup_stm32f407xx.o(.text) refers to startup_stm32f407xx.o(STACK) for Stack_Mem
    my_init.o(i.Motor_Zero_Position_Init) refers to chassis_move.o(.bss) for Chassis_MotorA
    my_init.o(i.all_init) refers to pid.o(i.motor_pid_init) for motor_pid_init
    my_init.o(i.all_init) refers to trigger_turn.o(i.trigger_all_init) for trigger_all_init
    my_init.o(i.all_init) refers to bsp_referee.o(i.referee_usart_fifo_init) for referee_usart_fifo_init
    my_init.o(i.all_init) refers to pid.o(i.POWER_PID_Init) for POWER_PID_Init
    my_init.o(i.all_init) refers to remote_control.o(i.remote_control_init) for remote_control_init
    my_init.o(i.all_init) refers to bsp_can.o(i.bsp_can_init) for bsp_can_init
    my_init.o(i.all_init) refers to stm32f4xx_hal_tim.o(i.HAL_TIM_Base_Start_IT) for HAL_TIM_Base_Start_IT
    my_init.o(i.all_init) refers to referee.o(i.init_referee_struct_data) for init_referee_struct_data
    my_init.o(i.all_init) refers to yaw_turn.o(i.Yaw_PIDinit) for Yaw_PIDinit
    my_init.o(i.all_init) refers to bsp_uart.o(i.uart_init) for uart_init
    my_init.o(i.all_init) refers to chassis_move.o(.bss) for chassis_center
    my_init.o(i.all_init) refers to tim.o(.bss) for htim3
    my_init.o(i.mode_init) refers to chassis_move.o(.bss) for chassis_center
    main.o(i.SystemClock_Config) refers to rt_memclr_w.o(.text) for __aeabi_memclr4
    main.o(i.SystemClock_Config) refers to stm32f4xx_hal_rcc.o(i.HAL_RCC_OscConfig) for HAL_RCC_OscConfig
    main.o(i.SystemClock_Config) refers to main.o(i.Error_Handler) for Error_Handler
    main.o(i.SystemClock_Config) refers to stm32f4xx_hal_rcc.o(i.HAL_RCC_ClockConfig) for HAL_RCC_ClockConfig
    main.o(i.main) refers to stm32f4xx_hal.o(i.HAL_Init) for HAL_Init
    main.o(i.main) refers to main.o(i.SystemClock_Config) for SystemClock_Config
    main.o(i.main) refers to gpio.o(i.MX_GPIO_Init) for MX_GPIO_Init
[...]
    EXTI2_IRQHandler                         0x08000283   Thumb Code     0  startup_stm32f407xx.o(.text)
    EXTI3_IRQHandler                         0x08000283   Thumb Code     0  startup_stm32f407xx.o(.text)
    EXTI4_IRQHandler                         0x08000283   Thumb Code     0  startup_stm32f407xx.o(.text)
    EXTI9_5_IRQHandler                       0x08000283   Thumb Code     0  startup_stm32f407xx.o(.text)
    FLASH_IRQHandler                         0x08000283   Thumb Code     0  startup_stm32f407xx.o(.text)
    FMC_IRQHandler                           0x08000283   Thumb Code     0  startup_stm32f407xx.o(.text)
    FPU_IRQHandler                           0x08000283   Thumb Code     0  startup_stm32f407xx.o(.text)
    HASH_RNG_IRQHandler                      0x08000283   Thumb Code     0  startup_stm32f407xx.o(.text)
    I2C1_ER_IRQHandler                       0x08000283   Thumb Code     0  startup_stm32f407xx.o(.text)
    I2C1_EV_IRQHandler                       0x08000283   Thumb Code     0  startup_stm32f407xx.o(.text)
    I2C2_ER_IRQHandler                       0x08000283   Thumb Code     0  startup_stm32f407xx.o(.text)
    I2C2_EV_IRQHandler                       0x08000283   Thumb Code     0  startup_stm32f407xx.o(.text)
    I2C3_ER_IRQHandler                       0x08000283   Thumb Code     0  startup_stm32f407xx.o(.text)
    I2C3_EV_IRQHandler                       0x08000283   Thumb Code     0  startup_stm32f407xx.o(.text)
    OTG_FS_IRQHandler                        0x08000283   Thumb Code     0  startup_stm32f407xx.o(.text)
    OTG_FS_WKUP_IRQHandler                   0x08000283   Thumb Code     0  startup_stm32f407xx.o(.text)
    OTG_HS_EP1_IN_IRQHandler                 0x08000283   Thumb Code     0  startup_stm32f407xx.o(.text)
    OTG_HS_EP1_OUT_IRQHandler                0x08000283   Thumb Code     0  startup_stm32f407xx.o(.text)
    OTG_HS_IRQHandler                        0x08000283   Thumb Code     0  startup_stm32f407xx.o(.text)
    OTG_HS_WKUP_IRQHandler                   0x08000283   Thumb Code     0  startup_stm32f407xx.o(.text)
    PVD_IRQHandler                           0x08000283   Thumb Code     0  startup_stm32f407xx.o(.text)
    RCC_IRQHandler                           0x08000283   Thumb Code     0  startup_stm32f407xx.o(.text)
    RTC_Alarm_IRQHandler                     0x08000283   Thumb Code     0  startup_stm32f407xx.o(.text)
    RTC_WKUP_IRQHandler                      0x08000283   Thumb Code     0  startup_stm32f407xx.o(.text)
    SDIO_IRQHandler                          0x08000283   Thumb Code     0  startup_stm32f407xx.o(.text)
    SPI1_IRQHandler                          0x08000283   Thumb Code     0  startup_stm32f407xx.o(.text)
    SPI2_IRQHandler                          0x08000283   Thumb Code     0  startup_stm32f407xx.o(.text)
    SPI3_IRQHandler                          0x08000283   Thumb Code     0  startup_stm32f407xx.o(.text)
    TAMP_STAMP_IRQHandler                    0x08000283   Thumb Code     0  startup_stm32f407xx.o(.text)
    TIM1_BRK_TIM9_IRQHandler                 0x08000283   Thumb Code     0  startup_stm32f407xx.o(.text)
    TIM1_CC_IRQHandler                       0x08000283   Thumb Code     0  startup_stm32f407xx.o(.text)
    TIM1_TRG_COM_TIM11_IRQHandler            0x08000283   Thumb Code     0  startup_stm32f407xx.o(.text)
    TIM1_UP_TIM10_IRQHandler                 0x08000283   Thumb Code     0  startup_stm32f407xx.o(.text)
    TIM2_IRQHandler                          0x08000283   Thumb Code     0  startup_stm32f407xx.o(.text)
    TIM4_IRQHandler                          0x08000283   Thumb Code     0  startup_stm32f407xx.o(.text)
    TIM5_IRQHandler                          0x08000283   Thumb Code     0  startup_stm32f407xx.o(.text)
    TIM6_DAC_IRQHandler                      0x08000283   Thumb Code     0  startup_stm32f407xx.o(.text)
    TIM7_IRQHandler                          0x08000283   Thumb Code     0  startup_stm32f407xx.o(.text)
    TIM8_BRK_TIM12_IRQHandler                0x08000283   Thumb Code     0  startup_stm32f407xx.o(.text)
    TIM8_CC_IRQHandler                       0x08000283   Thumb Code     0  startup_stm32f407xx.o(.text)
    TIM8_TRG_COM_TIM14_IRQHandler            0x08000283   Thumb Code     0  startup_stm32f407xx.o(.text)
    TIM8_UP_TIM13_IRQHandler                 0x08000283   Thumb Code     0  startup_stm32f407xx.o(.text)
    UART4_IRQHandler                         0x08000283   Thumb Code     0  startup_stm32f407xx.o(.text)
    UART5_IRQHandler                         0x08000283   Thumb Code     0  startup_stm32f407xx.o(.text)
    USART2_IRQHandler                        0x08000283   Thumb Code     0  startup_stm32f407xx.o(.text)
    WWDG_IRQHandler                          0x08000283   Thumb Code     0  startup_stm32f407xx.o(.text)
    __user_initial_stackheap                 0x08000285   Thumb Code     0  startup_stm32f407xx.o(.text)
    __aeabi_uldivmod                         0x080002a9   Thumb Code     0  lludivv7m.o(.text)
    _ll_udiv                                 0x080002a9   Thumb Code   238  lludivv7m.o(.text)
    __aeabi_memcpy                           0x08000397   Thumb Code     0  rt_memcpy_v6.o(.text)
    __rt_memcpy                              0x08000397   Thumb Code   138  rt_memcpy_v6.o(.text)
    _memcpy_lastbytes                        0x080003fd   Thumb Code     0  rt_memcpy_v6.o(.text)
    __aeabi_memcpy4                          0x08000421   Thumb Code     0  rt_memcpy_w.o(.text)
    __aeabi_memcpy8                          0x08000421   Thumb Code     0  rt_memcpy_w.o(.text)
    __rt_memcpy_w                            0x08000421   Thumb Code   100  rt_memcpy_w.o(.text)
    _memcpy_lastbytes_aligned                0x08000469   Thumb Code     0  rt_memcpy_w.o(.text)
    __aeabi_memclr                           0x08000485   Thumb Code     0  rt_memclr.o(.text)
    __rt_memclr                              0x08000485   Thumb Code    68  rt_memclr.o(.text)
    _memset                                  0x08000489   Thumb Code     0  rt_memclr.o(.text)
    __aeabi_memclr4                          0x080004c9   Thumb Code     0  rt_memclr_w.o(.text)
    __aeabi_memclr8                          0x080004c9   Thumb Code     0  rt_memclr_w.o(.text)
    __rt_memclr_w                            0x080004c9   Thumb Code    78  rt_memclr_w.o(.text)
    _memset_w                                0x080004cd   Thumb Code     0  rt_memclr_w.o(.text)
    __use_two_region_memory                  0x08000517   Thumb Code     2  heapauxi.o(.text)
    __rt_heap_escrow                         0x08000519   Thumb Code     2  heapauxi.o(.text)
    __rt_heap_expand                         0x0800051b   Thumb Code     2  heapauxi.o(.text)
    __read_errno                             0x0800051d   Thumb Code    10  _rserrno.o(.text)
    __set_errno                              0x08000527   Thumb Code    12  _rserrno.o(.text)
    __user_libspace                          0x08000535   Thumb Code     8  libspace.o(.text)
    __user_perproc_libspace                  0x08000535   Thumb Code     0  libspace.o(.text)
    __user_perthread_libspace                0x08000535   Thumb Code     0  libspace.o(.text)
    __aeabi_errno_addr                       0x0800053d   Thumb Code     8  rt_errno_addr_intlibspace.o(.text)
    __errno$intlibspace                      0x0800053d   Thumb Code     0  rt_errno_addr_intlibspace.o(.text)
    __rt_errno_addr$intlibspace              0x0800053d   Thumb Code     0  rt_errno_addr_intlibspace.o(.text)
    __I$use$semihosting                      0x08000545   Thumb Code     0  use_no_semi.o(.text)
    __use_no_semihosting_swi                 0x08000545   Thumb Code     2  use_no_semi.o(.text)
    __semihosting_library_function           0x08000547   Thumb Code     0  indicate_semi.o(.text)
    __user_setup_stackheap                   0x08000547   Thumb Code    74  sys_stackheap_outer.o(.text)
    exit                                     0x08000591   Thumb Code    18  exit.o(.text)
    _sys_exit                                0x080005a5   Thumb Code     8  sys_exit.o(.text)
    AGV_DirectiveMotor_RobotMotion_To_TargetStatus 0x080005b1   Thumb Code   162  kinematics.o(i.AGV_DirectiveMotor_RobotMotion_To_TargetStatus)
    AGV_DirectiveMotor_TargetStatus_To_MotorAngle_In_ChassisCoordinate 0x08000679   Thumb Code  1332  kinematics.o(i.AGV_DirectiveMotor_TargetStatus_To_MotorAngle_In_ChassisCoordinate)
    AGV_Vector_Composition_In_ChassisCoordinate 0x08000bd1   Thumb Code  2234  kinematics.o(i.AGV_Vector_Composition_In_ChassisCoordinate)
    All_Directive_Motor_Angle_Ready          0x080014e5   Thumb Code   176  chassis_move.o(i.All_Directive_Motor_Angle_Ready)
    Briter_Send_Data                         0x080015a9   Thumb Code   156  briter_encoder.o(i.Briter_Send_Data)
    BusFault_Handler                         0x0800165d   Thumb Code     4  stm32f4xx_it.o(i.BusFault_Handler)
    CAN1_RX0_IRQHandler                      0x08001661   Thumb Code    10  stm32f4xx_it.o(i.CAN1_RX0_IRQHandler)
    CAN2_RX0_IRQHandler                      0x08001671   Thumb Code    10  stm32f4xx_it.o(i.CAN2_RX0_IRQHandler)
    DMA1_Stream1_IRQHandler                  0x08001681   Thumb Code    10  stm32f4xx_it.o(i.DMA1_Stream1_IRQHandler)
    DMA2_Stream1_IRQHandler                  0x08001691   Thumb Code    10  stm32f4xx_it.o(i.DMA2_Stream1_IRQHandler)
    DMA2_Stream5_IRQHandler                  0x080016a1   Thumb Code    10  stm32f4xx_it.o(i.DMA2_Stream5_IRQHandler)
    DMA2_Stream6_IRQHandler                  0x080016b1   Thumb Code    10  stm32f4xx_it.o(i.DMA2_Stream6_IRQHandler)
    DMA2_Stream7_IRQHandler                  0x080016c1   Thumb Code    10  stm32f4xx_it.o(i.DMA2_Stream7_IRQHandler)
    DMA_Send                                 0x080017b1   Thumb Code    76  bsp_uart.o(i.DMA_Send)
    DebugMon_Handler                         0x08001839   Thumb Code     2  stm32f4xx_it.o(i.DebugMon_Handler)
    Directive_Motor_Angle_Optimize           0x0800183d   Thumb Code   348  kinematics.o(i.Directive_Motor_Angle_Optimize)
    Encoder_Data_Process                     0x080019a9   Thumb Code   178  bsp_can.o(i.Encoder_Data_Process)
    Error_Handler                            0x08001a65   Thumb Code     6  main.o(i.Error_Handler)
    Float_Abs                                0x08001a6b   Thumb Code    26  yaw_turn.o(i.Float_Abs)
    Get_Encoder_Position                     0x08001a85   Thumb Code    56  briter_encoder.o(i.Get_Encoder_Position)
    Get_Gimbal_Chassis_Relative_Angle        0x08001acd   Thumb Code   106  chassis_move.o(i.Get_Gimbal_Chassis_Relative_Angle)
    HAL_CAN_ActivateNotification             0x08001b51   Thumb Code    42  stm32f4xx_hal_can.o(i.HAL_CAN_ActivateNotification)
    HAL_CAN_AddTxMessage                     0x08001b7b   Thumb Code   342  stm32f4xx_hal_can.o(i.HAL_CAN_AddTxMessage)
    HAL_CAN_ConfigFilter                     0x08001cd1   Thumb Code   286  stm32f4xx_hal_can.o(i.HAL_CAN_ConfigFilter)
    HAL_CAN_ErrorCallback                    0x08001df5   Thumb Code     2  stm32f4xx_hal_can.o(i.HAL_CAN_ErrorCallback)
    HAL_CAN_GetRxMessage                     0x08001df7   Thumb Code   378  stm32f4xx_hal_can.o(i.HAL_CAN_GetRxMessage)
    HAL_CAN_IRQHandler                       0x08001f71   Thumb Code   590  stm32f4xx_hal_can.o(i.HAL_CAN_IRQHandler)
    HAL_CAN_Init                             0x080021bf   Thumb Code   372  stm32f4xx_hal_can.o(i.HAL_CAN_Init)
    HAL_CAN_MspInit                          0x08002335   Thumb Code   328  can.o(i.HAL_CAN_MspInit)
    HAL_CAN_RxFifo0FullCallback              0x08002495   Thumb Code     2  stm32f4xx_hal_can.o(i.HAL_CAN_RxFifo0FullCallback)
    HAL_CAN_RxFifo0MsgPendingCallback        0x08002499   Thumb Code   566  bsp_can.o(i.HAL_CAN_RxFifo0MsgPendingCallback)
    HAL_CAN_RxFifo1FullCallback              0x08002719   Thumb Code     2  stm32f4xx_hal_can.o(i.HAL_CAN_RxFifo1FullCallback)
    HAL_CAN_RxFifo1MsgPendingCallback        0x0800271b   Thumb Code     2  stm32f4xx_hal_can.o(i.HAL_CAN_RxFifo1MsgPendingCallback)
    HAL_CAN_SleepCallback                    0x0800271d   Thumb Code     2  stm32f4xx_hal_can.o(i.HAL_CAN_SleepCallback)
    HAL_CAN_Start                            0x0800271f   Thumb Code    94  stm32f4xx_hal_can.o(i.HAL_CAN_Start)
    HAL_CAN_TxMailbox0AbortCallback          0x0800277d   Thumb Code     2  stm32f4xx_hal_can.o(i.HAL_CAN_TxMailbox0AbortCallback)
    HAL_CAN_TxMailbox0CompleteCallback       0x0800277f   Thumb Code     2  stm32f4xx_hal_can.o(i.HAL_CAN_TxMailbox0CompleteCallback)
    HAL_CAN_TxMailbox1AbortCallback          0x08002781   Thumb Code     2  stm32f4xx_hal_can.o(i.HAL_CAN_TxMailbox1AbortCallback)
    HAL_CAN_TxMailbox1CompleteCallback       0x08002783   Thumb Code     2  stm32f4xx_hal_can.o(i.HAL_CAN_TxMailbox1CompleteCallback)
    HAL_CAN_TxMailbox2AbortCallback          0x08002785   Thumb Code     2  stm32f4xx_hal_can.o(i.HAL_CAN_TxMailbox2AbortCallback)
    HAL_CAN_TxMailbox2CompleteCallback       0x08002787   Thumb Code     2  stm32f4xx_hal_can.o(i.HAL_CAN_TxMailbox2CompleteCallback)
    HAL_CAN_WakeUpFromRxMsgCallback          0x08002789   Thumb Code     2  stm32f4xx_hal_can.o(i.HAL_CAN_WakeUpFromRxMsgCallback)
    HAL_DMA_Abort                            0x0800278b   Thumb Code   172  stm32f4xx_hal_dma.o(i.HAL_DMA_Abort)
    HAL_DMA_IRQHandler                       0x08002839   Thumb Code   570  stm32f4xx_hal_dma.o(i.HAL_DMA_IRQHandler)
    HAL_DMA_Init                             0x08002a79   Thumb Code   232  stm32f4xx_hal_dma.o(i.HAL_DMA_Init)
    HAL_DMA_Start_IT                         0x08002b65   Thumb Code   146  stm32f4xx_hal_dma.o(i.HAL_DMA_Start_IT)
    HAL_GPIO_Init                            0x08002bf9   Thumb Code   452  stm32f4xx_hal_gpio.o(i.HAL_GPIO_Init)
    HAL_GetTick                              0x08002de9   Thumb Code     6  stm32f4xx_hal.o(i.HAL_GetTick)
    HAL_IncTick                              0x08002df5   Thumb Code    16  stm32f4xx_hal.o(i.HAL_IncTick)
    HAL_Init                                 0x08002e0d   Thumb Code    54  stm32f4xx_hal.o(i.HAL_Init)
    HAL_InitTick                             0x08002e49   Thumb Code    64  stm32f4xx_hal.o(i.HAL_InitTick)
    HAL_MspInit                              0x08002e95   Thumb Code    68  stm32f4xx_hal_msp.o(i.HAL_MspInit)
    HAL_NVIC_EnableIRQ                       0x08002edd   Thumb Code    32  stm32f4xx_hal_cortex.o(i.HAL_NVIC_EnableIRQ)
    HAL_NVIC_SetPriority                     0x08002efd   Thumb Code   124  stm32f4xx_hal_cortex.o(i.HAL_NVIC_SetPriority)
    HAL_NVIC_SetPriorityGrouping             0x08002f79   Thumb Code    32  stm32f4xx_hal_cortex.o(i.HAL_NVIC_SetPriorityGrouping)
    HAL_RCC_ClockConfig                      0x08002fa1   Thumb Code   368  stm32f4xx_hal_rcc.o(i.HAL_RCC_ClockConfig)
    HAL_RCC_GetHCLKFreq                      0x08003125   Thumb Code     6  stm32f4xx_hal_rcc.o(i.HAL_RCC_GetHCLKFreq)
    HAL_RCC_GetPCLK1Freq                     0x08003131   Thumb Code    22  stm32f4xx_hal_rcc.o(i.HAL_RCC_GetPCLK1Freq)
    HAL_RCC_GetPCLK2Freq                     0x08003151   Thumb Code    22  stm32f4xx_hal_rcc.o(i.HAL_RCC_GetPCLK2Freq)
    HAL_RCC_GetSysClockFreq                  0x08003171   Thumb Code   162  stm32f4xx_hal_rcc.o(i.HAL_RCC_GetSysClockFreq)
    HAL_RCC_OscConfig                        0x08003221   Thumb Code  1172  stm32f4xx_hal_rcc.o(i.HAL_RCC_OscConfig)
    HAL_SYSTICK_Config                       0x080036bd   Thumb Code    52  stm32f4xx_hal_cortex.o(i.HAL_SYSTICK_Config)
    HAL_TIMEx_BreakCallback                  0x080036f1   Thumb Code     2  stm32f4xx_hal_tim_ex.o(i.HAL_TIMEx_BreakCallback)
    HAL_TIMEx_CommutCallback                 0x080036f3   Thumb Code     2  stm32f4xx_hal_tim_ex.o(i.HAL_TIMEx_CommutCallback)
    HAL_TIMEx_MasterConfigSynchronization    0x080036f5   Thumb Code   150  stm32f4xx_hal_tim_ex.o(i.HAL_TIMEx_MasterConfigSynchronization)
    HAL_TIM_Base_Init                        0x080037a9   Thumb Code   102  stm32f4xx_hal_tim.o(i.HAL_TIM_Base_Init)
    HAL_TIM_Base_MspInit                     0x08003811   Thumb Code    62  tim.o(i.HAL_TIM_Base_MspInit)
    HAL_TIM_Base_Start_IT                    0x08003859   Thumb Code   138  stm32f4xx_hal_tim.o(i.HAL_TIM_Base_Start_IT)
    HAL_TIM_ConfigClockSource                0x08003901   Thumb Code   268  stm32f4xx_hal_tim.o(i.HAL_TIM_ConfigClockSource)
    HAL_TIM_IC_CaptureCallback               0x08003a0d   Thumb Code     2  stm32f4xx_hal_tim.o(i.HAL_TIM_IC_CaptureCallback)
    HAL_TIM_IRQHandler                       0x08003a0f   Thumb Code   406  stm32f4xx_hal_tim.o(i.HAL_TIM_IRQHandler)
    HAL_TIM_OC_DelayElapsedCallback          0x08003ba5   Thumb Code     2  stm32f4xx_hal_tim.o(i.HAL_TIM_OC_DelayElapsedCallback)
    HAL_TIM_PWM_PulseFinishedCallback        0x08003ba7   Thumb Code     2  stm32f4xx_hal_tim.o(i.HAL_TIM_PWM_PulseFinishedCallback)
    HAL_TIM_PeriodElapsedCallback            0x08003ba9   Thumb Code   286  chassis_task.o(i.HAL_TIM_PeriodElapsedCallback)
    HAL_TIM_TriggerCallback                  0x08003cdd   Thumb Code     2  stm32f4xx_hal_tim.o(i.HAL_TIM_TriggerCallback)
    HAL_UARTEx_RxEventCallback               0x08003cdf   Thumb Code     2  stm32f4xx_hal_uart.o(i.HAL_UARTEx_RxEventCallback)
    HAL_UART_DMAStop                         0x08003ce1   Thumb Code   138  stm32f4xx_hal_uart.o(i.HAL_UART_DMAStop)
    HAL_UART_ErrorCallback                   0x08003d6b   Thumb Code     2  stm32f4xx_hal_uart.o(i.HAL_UART_ErrorCallback)
    HAL_UART_Init                            0x08003d6d   Thumb Code   114  stm32f4xx_hal_uart.o(i.HAL_UART_Init)
    HAL_UART_MspInit                         0x08003de1   Thumb Code   782  usart.o(i.HAL_UART_MspInit)
    HAL_UART_Receive_DMA                     0x0800412d   Thumb Code    66  stm32f4xx_hal_uart.o(i.HAL_UART_Receive_DMA)
    HAL_UART_Receive_IT                      0x0800416f   Thumb Code    66  stm32f4xx_hal_uart.o(i.HAL_UART_Receive_IT)
    HAL_UART_RxCpltCallback                  0x080041b1   Thumb Code    74  supercap.o(i.HAL_UART_RxCpltCallback)
    HAL_UART_RxHalfCpltCallback              0x08004211   Thumb Code     2  stm32f4xx_hal_uart.o(i.HAL_UART_RxHalfCpltCallback)
    HAL_UART_Transmit                        0x08004213   Thumb Code   210  stm32f4xx_hal_uart.o(i.HAL_UART_Transmit)
    HardFault_Handler                        0x080042e5   Thumb Code     4  stm32f4xx_it.o(i.HardFault_Handler)
    Init_Encoder_Struct                      0x080042e9   Thumb Code    50  briter_encoder.o(i.Init_Encoder_Struct)
    MX_CAN1_Init                             0x0800432d   Thumb Code    62  can.o(i.MX_CAN1_Init)
    MX_CAN2_Init                             0x08004375   Thumb Code    62  can.o(i.MX_CAN2_Init)
    MX_DMA_Init                              0x080043bd   Thumb Code   146  dma.o(i.MX_DMA_Init)
    MX_GPIO_Init                             0x08004455   Thumb Code   186  gpio.o(i.MX_GPIO_Init)
    MX_TIM3_Init                             0x08004515   Thumb Code   100  tim.o(i.MX_TIM3_Init)
    MX_USART1_UART_Init                      0x08004581   Thumb Code    46  usart.o(i.MX_USART1_UART_Init)
    MX_USART3_UART_Init                      0x080045b9   Thumb Code    44  usart.o(i.MX_USART3_UART_Init)
    MX_USART6_UART_Init                      0x080045f1   Thumb Code    46  usart.o(i.MX_USART6_UART_Init)
    MemManage_Handler                        0x08004629   Thumb Code     4  stm32f4xx_it.o(i.MemManage_Handler)
    Motor_Zero_Position_Init                 0x0800462d   Thumb Code    32  my_init.o(i.Motor_Zero_Position_Init)
    NMI_Handler                              0x08004661   Thumb Code     4  stm32f4xx_it.o(i.NMI_Handler)
    PID_Init                                 0x08004665   Thumb Code    98  pid.o(i.PID_Init)
    POWER_PID_Init                           0x080046cd   Thumb Code    74  pid.o(i.POWER_PID_Init)
    PendSV_Handler                           0x0800471d   Thumb Code     2  stm32f4xx_it.o(i.PendSV_Handler)
    RC_data_is_error                         0x08004731   Thumb Code   138  remote_control.o(i.RC_data_is_error)
    SVC_Handler                              0x08004a65   Thumb Code     2  stm32f4xx_it.o(i.SVC_Handler)
    Send_Data_Initialize                     0x08004a69   Thumb Code    30  briter_encoder.o(i.Send_Data_Initialize)
    Speed_Limitation                         0x08004a99   Thumb Code   910  kinematics.o(i.Speed_Limitation)
    Square                                   0x08004e51   Thumb Code    14  kinematics.o(i.Square)
    SysTick_Handler                          0x08004e5f   Thumb Code     8  stm32f4xx_it.o(i.SysTick_Handler)
    SystemClock_Config                       0x08004e69   Thumb Code   170  main.o(i.SystemClock_Config)
    SystemInit                               0x08004f1d   Thumb Code    14  system_stm32f4xx.o(i.SystemInit)
    TIM3_IRQHandler                          0x08004f31   Thumb Code    10  stm32f4xx_it.o(i.TIM3_IRQHandler)
    TIM_Base_SetConfig                       0x08004f41   Thumb Code   170  stm32f4xx_hal_tim.o(i.TIM_Base_SetConfig)
    TIM_ETR_SetConfig                        0x08005019   Thumb Code    22  stm32f4xx_hal_tim.o(i.TIM_ETR_SetConfig)
    UART_Start_Receive_DMA                   0x0800546d   Thumb Code   192  stm32f4xx_hal_uart.o(i.UART_Start_Receive_DMA)
    UART_Start_Receive_IT                    0x08005539   Thumb Code    70  stm32f4xx_hal_uart.o(i.UART_Start_Receive_IT)
    USART1_IRQHandler                        0x08005611   Thumb Code   246  bsp_uart.o(i.USART1_IRQHandler)
    USART3_IRQHandler                        0x08005735   Thumb Code   294  remote_control.o(i.USART3_IRQHandler)
    USART6_IRQHandler                        0x08005879   Thumb Code   260  bsp_referee.o(i.USART6_IRQHandler)
    UartTX_To_BetaBoard_Yaw_Control          0x08005995   Thumb Code   178  bsp_uart.o(i.UartTX_To_BetaBoard_Yaw_Control)
    UartTX_trigger                           0x08005a59   Thumb Code    36  bsp_uart.o(i.UartTX_trigger)
    UsageFault_Handler                       0x08005a85   Thumb Code     4  stm32f4xx_it.o(i.UsageFault_Handler)
    Yaw_Angle_Process                        0x08005ab5   Thumb Code   180  bsp_can.o(i.Yaw_Angle_Process)
    Yaw_PIDinit                              0x08005b89   Thumb Code    42  yaw_turn.o(i.Yaw_PIDinit)
    __ARM_fpclassify                         0x08005bc9   Thumb Code    48  fpclassify.o(i.__ARM_fpclassify)
    __hardfp_atan                            0x08005c39   Thumb Code   622  atan.o(i.__hardfp_atan)
    __hardfp_atan2                           0x08005f11   Thumb Code   432  atan2.o(i.__hardfp_atan2)
    __hardfp_cos                             0x08006101   Thumb Code   180  cos.o(i.__hardfp_cos)
    __hardfp_fabs                            0x080061c9   Thumb Code    20  fabs.o(i.__hardfp_fabs)
    __hardfp_sin                             0x080061e1   Thumb Code   180  sin.o(i.__hardfp_sin)
    __hardfp_sqrt                            0x080062a9   Thumb Code   122  sqrt.o(i.__hardfp_sqrt)
    __ieee754_rem_pio2                       0x08006329   Thumb Code   938  rred.o(i.__ieee754_rem_pio2)
    __kernel_cos                             0x08006761   Thumb Code   322  cos_i.o(i.__kernel_cos)
    __kernel_poly                            0x080068d1   Thumb Code   248  poly.o(i.__kernel_poly)
    __kernel_sin                             0x080069c9   Thumb Code   280  sin_i.o(i.__kernel_sin)
    __mathlib_dbl_infnan                     0x08006af9   Thumb Code    20  dunder.o(i.__mathlib_dbl_infnan)
    __mathlib_dbl_infnan2                    0x08006b0d   Thumb Code    20  dunder.o(i.__mathlib_dbl_infnan2)
    __mathlib_dbl_invalid                    0x08006b21   Thumb Code    24  dunder.o(i.__mathlib_dbl_invalid)
    __mathlib_dbl_underflow                  0x08006b41   Thumb Code    24  dunder.o(i.__mathlib_dbl_underflow)
    all_init                                 0x08006b69   Thumb Code   806  my_init.o(i.all_init)
    atan                                     0x08007219   Thumb Code    16  atan.o(i.atan)
    bsp_can_init                             0x08007229   Thumb Code    94  bsp_can.o(i.bsp_can_init)
    canTX_AGV_Chassis_Motor_Current          0x08007291   Thumb Code   310  bsp_can.o(i.canTX_AGV_Chassis_Motor_Current)
    canTX_Briter_Encoder                     0x080073dd   Thumb Code   100  bsp_can.o(i.canTX_Briter_Encoder)
    canTX_To_BetaBoard_WheelVel              0x08007441   Thumb Code   130  bsp_can.o(i.canTX_To_BetaBoard_WheelVel)
    chassis_move                             0x08007549   Thumb Code    26  chassis_move.o(i.chassis_move)
    fabs                                     0x08007779   Thumb Code    24  fabs.o(i.fabs)
    fifo_s_get                               0x08007791   Thumb Code    58  fifo.o(i.fifo_s_get)
    fifo_s_init                              0x080077cb   Thumb Code    22  fifo.o(i.fifo_s_init)
    fifo_s_puts                              0x080077e1   Thumb Code   160  fifo.o(i.fifo_s_puts)
    fifo_s_used                              0x08007881   Thumb Code     6  fifo.o(i.fifo_s_used)
    get_CRC16_check_sum                      0x08007889   Thumb Code    46  crc8_crc16.o(i.get_CRC16_check_sum)
    get_CRC8_check_sum                       0x080078bd   Thumb Code    30  crc8_crc16.o(i.get_CRC8_check_sum)
    get_chassis_power_and_buffer_and_max     0x080078e1   Thumb Code    20  referee.o(i.get_chassis_power_and_buffer_and_max)
    get_supercap_data                        0x08007971   Thumb Code    28  supercap.o(i.get_supercap_data)
    init_referee_struct_data                 0x08007999   Thumb Code   118  referee.o(i.init_referee_struct_data)
    main                                     0x08007a59   Thumb Code    80  main.o(i.main)
    mode_init                                0x08007ab9   Thumb Code    78  my_init.o(i.mode_init)
    motor_pid_init                           0x08007b2d   Thumb Code    34  pid.o(i.motor_pid_init)
    pid_realize                              0x08007b4f   Thumb Code    34  pid.o(i.pid_realize)
    referee_data_solve                       0x08007c29   Thumb Code   328  referee.o(i.referee_data_solve)
    referee_unpack_fifo_data                 0x08007db5   Thumb Code   338  referee.o(i.referee_unpack_fifo_data)
    referee_usart_fifo_init                  0x08007f19   Thumb Code    30  bsp_referee.o(i.referee_usart_fifo_init)
    remote_control                           0x08007f45   Thumb Code    76  remote_control.o(i.remote_control)
    remote_control_init                      0x08007f9d   Thumb Code    16  remote_control.o(i.remote_control_init)
    send_gimbal_data_2                       0x080080b5   Thumb Code    42  bsp_can.o(i.send_gimbal_data_2)
    shoot_angle_clc                          0x080080e9   Thumb Code   142  trigger_turn.o(i.shoot_angle_clc)
    trigger_all_init                         0x080081a9   Thumb Code    68  trigger_turn.o(i.trigger_all_init)
    uart_init                                0x080081fd   Thumb Code    30  bsp_uart.o(i.uart_init)
    verify_CRC16_check_sum                   0x08008225   Thumb Code    60  crc8_crc16.o(i.verify_CRC16_check_sum)
    verify_CRC8_check_sum                    0x08008265   Thumb Code    46  crc8_crc16.o(i.verify_CRC8_check_sum)
    vpid_chassis_realize_F                   0x08008295   Thumb Code   112  chassis_move.o(i.vpid_chassis_realize_F)
    __aeabi_dneg                             0x080084c1   Thumb Code     0  basic.o(x$fpl$basic)
    _dneg                                    0x080084c1   Thumb Code     6  basic.o(x$fpl$basic)
    __aeabi_fneg                             0x080084c7   Thumb Code     0  basic.o(x$fpl$basic)
    _fneg                                    0x080084c7   Thumb Code     6  basic.o(x$fpl$basic)
    _dabs                                    0x080084cd   Thumb Code     6  basic.o(x$fpl$basic)
    _fabs                                    0x080084d3   Thumb Code     6  basic.o(x$fpl$basic)
    __aeabi_d2f                              0x080084d9   Thumb Code     0  d2f.o(x$fpl$d2f)
    _d2f                                     0x080084d9   Thumb Code    98  d2f.o(x$fpl$d2f)
    __aeabi_dadd                             0x0800853d   Thumb Code     0  daddsub_clz.o(x$fpl$dadd)
    _dadd                                    0x0800853d   Thumb Code   332  daddsub_clz.o(x$fpl$dadd)
    __fpl_dcmp_Inf                           0x0800868d   Thumb Code    24  dcmpi.o(x$fpl$dcmpinf)
    __aeabi_ddiv                             0x080086a5   Thumb Code     0  ddiv.o(x$fpl$ddiv)
    _ddiv                                    0x080086a5   Thumb Code   552  ddiv.o(x$fpl$ddiv)
    __aeabi_d2iz                             0x08008955   Thumb Code     0  dfix.o(x$fpl$dfix)
    _dfix                                    0x08008955   Thumb Code    94  dfix.o(x$fpl$dfix)
    __aeabi_i2d                              0x080089b3   Thumb Code     0  dflt_clz.o(x$fpl$dflt)
    _dflt                                    0x080089b3   Thumb Code    46  dflt_clz.o(x$fpl$dflt)
    __aeabi_ui2d                             0x080089e1   Thumb Code     0  dflt_clz.o(x$fpl$dfltu)
    _dfltu                                   0x080089e1   Thumb Code    38  dflt_clz.o(x$fpl$dfltu)
    __aeabi_cdcmple                          0x08008a09   Thumb Code     0  dleqf.o(x$fpl$dleqf)
    _dcmple                                  0x08008a09   Thumb Code   120  dleqf.o(x$fpl$dleqf)
    __fpl_dcmple_InfNaN                      0x08008a6b   Thumb Code     0  dleqf.o(x$fpl$dleqf)
    __aeabi_dmul                             0x08008a81   Thumb Code     0  dmul.o(x$fpl$dmul)
    _dmul                                    0x08008a81   Thumb Code   332  dmul.o(x$fpl$dmul)
    __fpl_dnaninf                            0x08008bd5   Thumb Code   156  dnaninf.o(x$fpl$dnaninf)
    __fpl_dretinf                            0x08008c71   Thumb Code    12  dretinf.o(x$fpl$dretinf)
    __aeabi_cdrcmple                         0x08008c7d   Thumb Code     0  drleqf.o(x$fpl$drleqf)
    _drcmple                                 0x08008c7d   Thumb Code   108  drleqf.o(x$fpl$drleqf)
    __aeabi_drsub                            0x08008ce9   Thumb Code     0  daddsub_clz.o(x$fpl$drsb)
    _drsb                                    0x08008ce9   Thumb Code    22  daddsub_clz.o(x$fpl$drsb)
    _dsqrt                                   0x08008d01   Thumb Code   404  dsqrt_umaal.o(x$fpl$dsqrt)
    __aeabi_dsub                             0x08008e99   Thumb Code     0  daddsub_clz.o(x$fpl$dsub)
    _dsub                                    0x08008e99   Thumb Code   464  daddsub_clz.o(x$fpl$dsub)
    __aeabi_f2d                              0x0800906d   Thumb Code     0  f2d.o(x$fpl$f2d)
    _f2d                                     0x0800906d   Thumb Code    86  f2d.o(x$fpl$f2d)
    __fpl_fnaninf                            0x080090c3   Thumb Code   140  fnaninf.o(x$fpl$fnaninf)
    _fp_init                                 0x0800914f   Thumb Code    10  fpinit.o(x$fpl$fpinit)
    __fplib_config_fpu_vfp                   0x08009157   Thumb Code     0  fpinit.o(x$fpl$fpinit)
    __fplib_config_pureend_doubles           0x08009157   Thumb Code     0  fpinit.o(x$fpl$fpinit)
    __fpl_fretinf                            0x08009159   Thumb Code    10  fretinf.o(x$fpl$fretinf)
    __I$use$fp                               0x08009162   Number         0  usenofp.o(x$fpl$usenofp)
    AHBPrescTable                            0x0800916a   Data          16  system_stm32f4xx.o(.constdata)
    APBPrescTable                            0x0800917a   Data           8  system_stm32f4xx.o(.constdata)
    CRC8_INIT                                0x08009182   Data           1  crc8_crc16.o(.constdata)
    CRC8_table                               0x08009183   Data         256  crc8_crc16.o(.constdata)
    wCRC_table                               0x08009284   Data         512  crc8_crc16.o(.constdata)
    __mathlib_zero                           0x08009550   Data           8  qnan.o(.constdata)
    Region$$Table$$Base                      0x08009648   Number         0  anon$$obj.o(Region$$Table)
    Region$$Table$$Limit                     0x08009668   Number         0  anon$$obj.o(Region$$Table)
    uwTick                                   0x20000004   Data           4  stm32f4xx_hal.o(.data)
    uwTickPrio                               0x20000008   Data           4  stm32f4xx_hal.o(.data)
    uwTickFreq                               0x2000000c   Data           1  stm32f4xx_hal.o(.data)
    SystemCoreClock                          0x20000010   Data           4  system_stm32f4xx.o(.data)
    switch_flag                              0x20000014   Data           1  pid.o(.data)
    CHASSIS_vPID_max                         0x20000018   Data           4  pid.o(.data)
    I_OUT_max                                0x2000001c   Data           2  pid.o(.data)
    AGV_tan                                  0x20000020   Data           4  kinematics.o(.data)
    AGV_ang                                  0x20000024   Data           4  kinematics.o(.data)
    total_current_limit                      0x20000028   Data           4  chassis_move.o(.data)
    total_current                            0x2000002c   Data           4  chassis_move.o(.data)
    power                                    0x20000030   Data           4  chassis_move.o(.data)
    buffer                                   0x20000034   Data           2  chassis_move.o(.data)
    max_power                                0x20000036   Data           2  chassis_move.o(.data)
    current_scale                            0x20000038   Data           4  chassis_move.o(.data)
    test_speed                               0x2000003c   Data           4  chassis_move.o(.data)
    shoot_flag                               0x20000040   Data           4  chassis_move.o(.data)
    real_chassis_speed                       0x20000044   Data           4  chassis_move.o(.data)
    max_d_speed_x                            0x20000048   Data           1  chassis_move.o(.data)
    max_d_speed_y                            0x20000049   Data           1  chassis_move.o(.data)
    avx                                      0x2000004c   Data           4  chassis_move.o(.data)
    avy                                      0x20000050   Data           4  chassis_move.o(.data)
    awz                                      0x20000054   Data           4  chassis_move.o(.data)
    last_vx                                  0x20000058   Data           4  chassis_move.o(.data)
    last_vy                                  0x2000005c   Data           4  chassis_move.o(.data)
    Chassis_Angle                            0x20000060   Data           4  chassis_move.o(.data)
    vx                                       0x20000064   Data           4  chassis_move.o(.data)
    vy                                       0x20000068   Data           4  chassis_move.o(.data)
    wz                                       0x2000006c   Data           4  chassis_move.o(.data)
    Gimbal_Chassis_Relative_Angle            0x20000070   Data           4  chassis_move.o(.data)
    theta                                    0x20000074   Data           4  chassis_move.o(.data)
    BUFFER_MAX                               0x20000078   Data           4  chassis_move.o(.data)
    POWER_TOTAL_CURRENT_LIMIT                0x2000007c   Data           4  chassis_move.o(.data)
    temp3                                    0x20000080   Data           4  chassis_move.o(.data)
    temp1                                    0x20000084   Data           4  chassis_move.o(.data)
    temp2                                    0x20000088   Data           4  chassis_move.o(.data)
    speed1                                   0x2000008c   Data           4  chassis_move.o(.data)
    speed2                                   0x20000090   Data           4  chassis_move.o(.data)
    speed3                                   0x20000094   Data           4  chassis_move.o(.data)
    speed4                                   0x20000098   Data           4  chassis_move.o(.data)
    last_power                               0x2000009c   Data           4  chassis_move.o(.data)
    power_scale                              0x200000a0   Data           4  chassis_move.o(.data)
    buffer_scale                             0x200000a4   Data           4  chassis_move.o(.data)
    fly_flag                                 0x200000a8   Data           1  chassis_move.o(.data)
    rc_ctrl                                  0x200000b4   Data          22  remote_control.o(.data)
    referee_receive_header                   0x200000cc   Data           5  referee.o(.data)
    referee_send_header                      0x200000d1   Data           5  referee.o(.data)
    game_result                              0x200000d6   Data           1  referee.o(.data)
    field_event                              0x200000d7   Data           4  referee.o(.data)
    supply_projectile_action_t               0x200000db   Data           4  referee.o(.data)
    supply_projectile_booking_t              0x200000df   Data           3  referee.o(.data)
    referee_warning_t                        0x200000e2   Data           2  referee.o(.data)
    buff_musk_t                              0x200000e4   Data           1  referee.o(.data)
    robot_energy_t                           0x200000e5   Data           1  referee.o(.data)
    robot_hurt_t                             0x200000e6   Data           1  referee.o(.data)
    shoot_data_t                             0x200000e7   Data           7  referee.o(.data)
    bullet_remaining_t                       0x200000ee   Data           6  referee.o(.data)
    student_interactive_data_t               0x200000f4   Data           6  referee.o(.data)
    temp                                     0x200000fc   Data           4  referee.o(.data)
    byte_global                              0x20000100   Data           1  referee.o(.data)
    TriggerSpeed                             0x20000104   Data          20  trigger_turn.o(.data)
    TriggerAngle                             0x20000118   Data          20  trigger_turn.o(.data)
    Target_Angle                             0x2000012c   Data           4  trigger_turn.o(.data)
    sped                                     0x20000130   Data           2  trigger_turn.o(.data)
    yaw_ch2                                  0x20000134   Data           2  yaw_turn.o(.data)
    yaw_spin_current                         0x20000136   Data           2  yaw_turn.o(.data)
    YawEncondePid                            0x20000138   Data          20  yaw_turn.o(.data)
    YawEncondePidSpeed                       0x2000014c   Data          20  yaw_turn.o(.data)
    YawSpeedPid                              0x20000160   Data          20  yaw_turn.o(.data)
    yaw_Target_Angle                         0x20000174   Data           4  yaw_turn.o(.data)
    yaw_Target_Speed                         0x20000178   Data           4  yaw_turn.o(.data)
    power_limit                              0x2000017c   Data           2  supercap.o(.data)
    supercap_volt                            0x2000017e   Data           2  supercap.o(.data)
    supercap_per                             0x20000180   Data           4  supercap.o(.data)
    rec_super                                0x20000184   Data           1  supercap.o(.data)
    cnt                                      0x20000185   Data           1  supercap.o(.data)
    send_data                                0x20000186   Data           4  supercap.o(.data)
    flag9                                    0x2000018c   Data           4  bsp_can.o(.data)
    data                                     0x20000190   Data           8  bsp_can.o(.data)
    flag4                                    0x20000198   Data           4  bsp_can.o(.data)
    pich_angle                               0x2000019c   Data           4  bsp_can.o(.data)
    mode_now                                 0x200001a0   Data           4  bsp_can.o(.data)
    M_DAta                                   0x200001a4   Data           5  bsp_can.o(.data)
    UART1_Data_Type                          0x200001ac   Data           1  bsp_uart.o(.data)
    start_receive_flag                       0x200001ad   Data           1  bsp_uart.o(.data)
    a                                        0x200001b4   Data           4  bsp_uart.o(.data)
    b                                        0x200001b8   Data           4  bsp_uart.o(.data)
    ch                                       0x200001bc   Data           1  bsp_uart.o(.data)
    int_get                                  0x200001c0   Data           8  bsp_uart.o(.data)
    iii                                      0x200001c8   Data           4  bsp_uart.o(.data)
    length                                   0x200001cc   Data           1  bsp_uart.o(.data)
    temp_1                                   0x200001d0   Data           4  bsp_uart.o(.data)
    Test                                     0x200001d4   Data           4  bsp_uart.o(.data)
    CRC16_INIT                               0x200001d8   Data           2  crc8_crc16.o(.data)
    recvStr                                  0x200001dc   Data          53  main.o(.bss)
    hcan1                                    0x20000214   Data          40  can.o(.bss)
    hcan2                                    0x2000023c   Data          40  can.o(.bss)
    htim3                                    0x20000264   Data          72  tim.o(.bss)
    huart1                                   0x200002ac   Data          68  usart.o(.bss)
    huart3                                   0x200002f0   Data          68  usart.o(.bss)
    huart6                                   0x20000334   Data          68  usart.o(.bss)
    hdma_usart1_rx                           0x20000378   Data          96  usart.o(.bss)
    hdma_usart1_tx                           0x200003d8   Data          96  usart.o(.bss)
    hdma_usart3_rx                           0x20000438   Data          96  usart.o(.bss)
    hdma_usart6_rx                           0x20000498   Data          96  usart.o(.bss)
    hdma_usart6_tx                           0x200004f8   Data          96  usart.o(.bss)
    Kinematics                               0x20000558   Data         216  kinematics.o(.bss)
    b_pid                                    0x20000630   Data          60  chassis_move.o(.bss)
    chassis_control_order                    0x2000066c   Data          10  chassis_move.o(.bss)
    Chassis_Motor1                           0x20000678   Data         320  chassis_move.o(.bss)
    Chassis_Motor2                           0x200007b8   Data         320  chassis_move.o(.bss)
    Chassis_Motor3                           0x200008f8   Data         320  chassis_move.o(.bss)
    Chassis_Motor4                           0x20000a38   Data         320  chassis_move.o(.bss)
    chassis_center                           0x20000b78   Data         320  chassis_move.o(.bss)
    Chassis_MotorA                           0x20000cb8   Data         320  chassis_move.o(.bss)
    Chassis_MotorB                           0x20000df8   Data         320  chassis_move.o(.bss)
    Chassis_MotorC                           0x20000f38   Data         320  chassis_move.o(.bss)
    Chassis_MotorD                           0x20001078   Data         320  chassis_move.o(.bss)
    p_pid                                    0x200011b8   Data          52  chassis_move.o(.bss)
    referee_unpack_obj                       0x20001234   Data         137  referee.o(.bss)
    game_state                               0x200012bd   Data          11  referee.o(.bss)
    game_robot_HP_t                          0x200012c8   Data          32  referee.o(.bss)
    robot_state                              0x200012e8   Data          27  referee.o(.bss)
    power_heat_data_t                        0x20001303   Data          16  referee.o(.bss)
    game_robot_pos_t                         0x20001313   Data          16  referee.o(.bss)
    trigger                                  0x20001324   Data         192  trigger_turn.o(.bss)
    gimbal_y                                 0x200013e4   Data         328  yaw_turn.o(.bss)
    YawGyroPid                               0x2000152c   Data          20  yaw_turn.o(.bss)
    yaw_can_rx                               0x20001540   Data          24  can_receive.o(.bss)
    pitch_can_rx                             0x20001558   Data          24  can_receive.o(.bss)
    shoot_can_rx                             0x20001570   Data          48  can_receive.o(.bss)
    Briter_Encoder1                          0x200015a0   Data          56  briter_encoder.o(.bss)
    Briter_Encoder2                          0x200015d8   Data          56  briter_encoder.o(.bss)
    Briter_Encoder3                          0x20001610   Data          56  briter_encoder.o(.bss)
    Briter_Encoder4                          0x20001648   Data          56  briter_encoder.o(.bss)
    adata                                    0x20001680   Data          16  bsp_can.o(.bss)
    usart6_buf                               0x20001690   Data        1024  bsp_referee.o(.bss)
    referee_fifo                             0x20001a90   Data          24  bsp_referee.o(.bss)
    referee_fifo_buf                         0x20001aa8   Data        1024  bsp_referee.o(.bss)
    receive_data                             0x20001ea8   Data          40  bsp_uart.o(.bss)
    UART1_Sent_Data                          0x20001ed0   Data          10  bsp_uart.o(.bss)
    Send_Data                                0x20001edc   Data          48  bsp_uart.o(.bss)
    dma_rx_buff                              0x20001f0c   Data          20  bsp_uart.o(.bss)
    Buffer                                   0x20001f20   Data          11  bsp_uart.o(.bss)
    __libspace_start                         0x20001f2c   Data          96  libspace.o(.bss)
    __temporary_stack_top$libspace           0x20001f8c   Data           0  libspace.o(.bss)



==============================================================================

Memory Map of the image

  Image Entry point : 0x08000189

  Load Region LR_IROM1 (Base: 0x08000000, Size: 0x00009844, Max: 0x00100000, ABSOLUTE, COMPRESSED[0x000096d0])

    Execution Region ER_IROM1 (Exec base: 0x08000000, Load base: 0x08000000, Size: 0x00009668, Max: 0x00100000, ABSOLUTE)

    Exec Addr    Load Addr    Size         Type   Attr      Idx    E Section Name        Object

    0x08000000   0x08000000   0x00000188   Data   RO            3    RESET               startup_stm32f407xx.o
    0x08000188   0x08000188   0x00000008   Code   RO         5035  * !!!main             c_w.l(__main.o)
    0x08000190   0x08000190   0x00000034   Code   RO         5401    !!!scatter          c_w.l(__scatter.o)
    0x080001c4   0x080001c4   0x0000005a   Code   RO         5399    !!dczerorl2         c_w.l(__dczerorl2.o)
    0x0800021e   0x0800021e   0x00000002   PAD
    0x08000220   0x08000220   0x0000001c   Code   RO         5403    !!handler_zi        c_w.l(__scatter_zi.o)
    0x0800023c   0x0800023c   0x00000002   Code   RO         5338    .ARM.Collect$$libinit$$00000000  c_w.l(libinit.o)
    0x0800023e   0x0800023e   0x00000004   Code   RO         5159    .ARM.Collect$$libinit$$00000001  c_w.l(libinit2.o)
    0x08000242   0x08000242   0x00000000   Code   RO         5162    .ARM.Collect$$libinit$$00000004  c_w.l(libinit2.o)
    0x08000242   0x08000242   0x00000000   Code   RO         5165    .ARM.Collect$$libinit$$0000000A  c_w.l(libinit2.o)
    0x08000242   0x08000242   0x00000000   Code   RO         5167    .ARM.Collect$$libinit$$0000000C  c_w.l(libinit2.o)
    0x08000242   0x08000242   0x00000000   Code   RO         5169    .ARM.Collect$$libinit$$0000000E  c_w.l(libinit2.o)
    0x08000242   0x08000242   0x00000000   Code   RO         5172    .ARM.Collect$$libinit$$00000011  c_w.l(libinit2.o)
    0x08000242   0x08000242   0x00000000   Code   RO         5174    .ARM.Collect$$libinit$$00000013  c_w.l(libinit2.o)
    0x08000242   0x08000242   0x00000000   Code   RO         5176    .ARM.Collect$$libinit$$00000015  c_w.l(libinit2.o)
    0x08000242   0x08000242   0x00000000   Code   RO         5178    .ARM.Collect$$libinit$$00000017  c_w.l(libinit2.o)
    0x08000242   0x08000242   0x00000000   Code   RO         5180    .ARM.Collect$$libinit$$00000019  c_w.l(libinit2.o)
    0x08000242   0x08000242   0x00000000   Code   RO         5182    .ARM.Collect$$libinit$$0000001B  c_w.l(libinit2.o)
    0x08000242   0x08000242   0x00000000   Code   RO         5184    .ARM.Collect$$libinit$$0000001D  c_w.l(libinit2.o)
    0x08000242   0x08000242   0x00000000   Code   RO         5186    .ARM.Collect$$libinit$$0000001F  c_w.l(libinit2.o)
    0x08000242   0x08000242   0x00000000   Code   RO         5188    .ARM.Collect$$libinit$$00000021  c_w.l(libinit2.o)
    0x08000242   0x08000242   0x00000000   Code   RO         5190    .ARM.Collect$$libinit$$00000023  c_w.l(libinit2.o)
    0x08000242   0x08000242   0x00000000   Code   RO         5192    .ARM.Collect$$libinit$$00000025  c_w.l(libinit2.o)
    0x08000242   0x08000242   0x00000000   Code   RO         5196    .ARM.Collect$$libinit$$0000002C  c_w.l(libinit2.o)
    0x08000242   0x08000242   0x00000000   Code   RO         5198    .ARM.Collect$$libinit$$0000002E  c_w.l(libinit2.o)
    0x08000242   0x08000242   0x00000000   Code   RO         5200    .ARM.Collect$$libinit$$00000030  c_w.l(libinit2.o)
    0x08000242   0x08000242   0x00000000   Code   RO         5202    .ARM.Collect$$libinit$$00000032  c_w.l(libinit2.o)
    0x08000242   0x08000242   0x00000002   Code   RO         5203    .ARM.Collect$$libinit$$00000033  c_w.l(libinit2.o)
    0x08000244   0x08000244   0x00000002   Code   RO         5396    .ARM.Collect$$libshutdown$$00000000  c_w.l(libshutdown.o)
    0x08000246   0x08000246   0x00000000   Code   RO         5354    .ARM.Collect$$libshutdown$$00000002  c_w.l(libshutdown2.o)
    0x08000246   0x08000246   0x00000000   Code   RO         5356    .ARM.Collect$$libshutdown$$00000004  c_w.l(libshutdown2.o)
    0x08000246   0x08000246   0x00000000   Code   RO         5359    .ARM.Collect$$libshutdown$$00000007  c_w.l(libshutdown2.o)
    0x08000246   0x08000246   0x00000000   Code   RO         5362    .ARM.Collect$$libshutdown$$0000000A  c_w.l(libshutdown2.o)
    0x08000246   0x08000246   0x00000000   Code   RO         5364    .ARM.Collect$$libshutdown$$0000000C  c_w.l(libshutdown2.o)
    0x08000246   0x08000246   0x00000000   Code   RO         5367    .ARM.Collect$$libshutdown$$0000000F  c_w.l(libshutdown2.o)
    0x08000246   0x08000246   0x00000002   Code   RO         5368    .ARM.Collect$$libshutdown$$00000010  c_w.l(libshutdown2.o)
    0x08000248   0x08000248   0x00000000   Code   RO         5125    .ARM.Collect$$rtentry$$00000000  c_w.l(__rtentry.o)
    0x08000248   0x08000248   0x00000000   Code   RO         5266    .ARM.Collect$$rtentry$$00000002  c_w.l(__rtentry2.o)
    0x08000248   0x08000248   0x00000006   Code   RO         5278    .ARM.Collect$$rtentry$$00000004  c_w.l(__rtentry4.o)
    0x0800024e   0x0800024e   0x00000000   Code   RO         5268    .ARM.Collect$$rtentry$$00000009  c_w.l(__rtentry2.o)
    0x0800024e   0x0800024e   0x00000004   Code   RO         5269    .ARM.Collect$$rtentry$$0000000A  c_w.l(__rtentry2.o)
    0x08000252   0x08000252   0x00000000   Code   RO         5271    .ARM.Collect$$rtentry$$0000000C  c_w.l(__rtentry2.o)
    0x08000252   0x08000252   0x00000008   Code   RO         5272    .ARM.Collect$$rtentry$$0000000D  c_w.l(__rtentry2.o)
    0x0800025a   0x0800025a   0x00000002   Code   RO         5341    .ARM.Collect$$rtexit$$00000000  c_w.l(rtexit.o)
    0x0800025c   0x0800025c   0x00000000   Code   RO         5372    .ARM.Collect$$rtexit$$00000002  c_w.l(rtexit2.o)
    0x0800025c   0x0800025c   0x00000004   Code   RO         5373    .ARM.Collect$$rtexit$$00000003  c_w.l(rtexit2.o)
    0x08000260   0x08000260   0x00000006   Code   RO         5374    .ARM.Collect$$rtexit$$00000004  c_w.l(rtexit2.o)
    0x08000266   0x08000266   0x00000002   PAD
    0x08000268   0x08000268   0x00000040   Code   RO            4    .text               startup_stm32f407xx.o
    0x080002a8   0x080002a8   0x000000ee   Code   RO         5023    .text               c_w.l(lludivv7m.o)
    0x08000396   0x08000396   0x0000008a   Code   RO         5025    .text               c_w.l(rt_memcpy_v6.o)
    0x08000420   0x08000420   0x00000064   Code   RO         5027    .text               c_w.l(rt_memcpy_w.o)
    0x08000484   0x08000484   0x00000044   Code   RO         5029    .text               c_w.l(rt_memclr.o)
    0x080004c8   0x080004c8   0x0000004e   Code   RO         5031    .text               c_w.l(rt_memclr_w.o)
    0x08000516   0x08000516   0x00000006   Code   RO         5033    .text               c_w.l(heapauxi.o)
    0x0800051c   0x0800051c   0x00000016   Code   RO         5155    .text               c_w.l(_rserrno.o)
    0x08000532   0x08000532   0x00000002   PAD
    0x08000534   0x08000534   0x00000008   Code   RO         5262    .text               c_w.l(libspace.o)
    0x0800053c   0x0800053c   0x00000008   Code   RO         5285    .text               c_w.l(rt_errno_addr_intlibspace.o)
    0x08000544   0x08000544   0x00000002   Code   RO         5310    .text               c_w.l(use_no_semi.o)
    0x08000546   0x08000546   0x00000000   Code   RO         5312    .text               c_w.l(indicate_semi.o)
    0x08000546   0x08000546   0x0000004a   Code   RO         5313    .text               c_w.l(sys_stackheap_outer.o)
    0x08000590   0x08000590   0x00000012   Code   RO         5319    .text               c_w.l(exit.o)
    0x080005a2   0x080005a2   0x00000002   PAD
    0x080005a4   0x080005a4   0x0000000c   Code   RO         5339    .text               c_w.l(sys_exit.o)
    0x080005b0   0x080005b0   0x000000c8   Code   RO         3623    i.AGV_DirectiveMotor_RobotMotion_To_TargetStatus  kinematics.o
    0x08000678   0x08000678   0x00000558   Code   RO         3624    i.AGV_DirectiveMotor_TargetStatus_To_MotorAngle_In_ChassisCoordinate  kinematics.o
    0x08000bd0   0x08000bd0   0x000008d0   Code   RO         3625    i.AGV_Vector_Composition_In_ChassisCoordinate  kinematics.o
    0x080014a0   0x080014a0   0x00000044   Code   RO         3518    i.APID_Init         pid.o
    0x080014e4   0x080014e4   0x000000c4   Code   RO         3713    i.All_Directive_Motor_Angle_Ready  chassis_move.o
    0x080015a8   0x080015a8   0x000000b4   Code   RO         4370    i.Briter_Send_Data  briter_encoder.o
    0x0800165c   0x0800165c   0x00000004   Code   RO          480    i.BusFault_Handler  stm32f4xx_it.o
    0x08001660   0x08001660   0x00000010   Code   RO          481    i.CAN1_RX0_IRQHandler  stm32f4xx_it.o
    0x08001670   0x08001670   0x00000010   Code   RO          482    i.CAN2_RX0_IRQHandler  stm32f4xx_it.o
    0x08001680   0x08001680   0x00000010   Code   RO          483    i.DMA1_Stream1_IRQHandler  stm32f4xx_it.o
    0x08001690   0x08001690   0x00000010   Code   RO          484    i.DMA2_Stream1_IRQHandler  stm32f4xx_it.o
    0x080016a0   0x080016a0   0x00000010   Code   RO          485    i.DMA2_Stream5_IRQHandler  stm32f4xx_it.o
    0x080016b0   0x080016b0   0x00000010   Code   RO          486    i.DMA2_Stream6_IRQHandler  stm32f4xx_it.o
    0x080016c0   0x080016c0   0x00000010   Code   RO          487    i.DMA2_Stream7_IRQHandler  stm32f4xx_it.o
    0x080016d0   0x080016d0   0x00000034   Code   RO         1455    i.DMA_CalcBaseAndBitshift  stm32f4xx_hal_dma.o
    0x08001704   0x08001704   0x000000aa   Code   RO         1456    i.DMA_CheckFifoParam  stm32f4xx_hal_dma.o
    0x080017ae   0x080017ae   0x00000002   PAD
    0x080017b0   0x080017b0   0x0000005c   Code   RO         4589    i.DMA_Send          bsp_uart.o
    0x0800180c   0x0800180c   0x0000002c   Code   RO         1457    i.DMA_SetConfig     stm32f4xx_hal_dma.o
    0x08001838   0x08001838   0x00000002   Code   RO          488    i.DebugMon_Handler  stm32f4xx_it.o
    0x0800183a   0x0800183a   0x00000002   PAD
    0x0800183c   0x0800183c   0x0000016c   Code   RO         3626    i.Directive_Motor_Angle_Optimize  kinematics.o
    0x080019a8   0x080019a8   0x000000bc   Code   RO         4435    i.Encoder_Data_Process  bsp_can.o
    0x08001a64   0x08001a64   0x00000006   Code   RO          230    i.Error_Handler     main.o
    0x08001a6a   0x08001a6a   0x0000001a   Code   RO         4115    i.Float_Abs         yaw_turn.o
    0x08001a84   0x08001a84   0x00000048   Code   RO         4371    i.Get_Encoder_Position  briter_encoder.o
    0x08001acc   0x08001acc   0x00000084   Code   RO         3714    i.Get_Gimbal_Chassis_Relative_Angle  chassis_move.o
    0x08001b50   0x08001b50   0x0000002a   Code   RO          628    i.HAL_CAN_ActivateNotification  stm32f4xx_hal_can.o
    0x08001b7a   0x08001b7a   0x00000156   Code   RO          629    i.HAL_CAN_AddTxMessage  stm32f4xx_hal_can.o
    0x08001cd0   0x08001cd0   0x00000124   Code   RO          630    i.HAL_CAN_ConfigFilter  stm32f4xx_hal_can.o
    0x08001df4   0x08001df4   0x00000002   Code   RO          633    i.HAL_CAN_ErrorCallback  stm32f4xx_hal_can.o
    0x08001df6   0x08001df6   0x0000017a   Code   RO          636    i.HAL_CAN_GetRxMessage  stm32f4xx_hal_can.o
    0x08001f70   0x08001f70   0x0000024e   Code   RO          640    i.HAL_CAN_IRQHandler  stm32f4xx_hal_can.o
    0x080021be   0x080021be   0x00000174   Code   RO          641    i.HAL_CAN_Init      stm32f4xx_hal_can.o
    0x08002332   0x08002332   0x00000002   PAD
    0x08002334   0x08002334   0x00000160   Code   RO          312    i.HAL_CAN_MspInit   can.o
    0x08002494   0x08002494   0x00000002   Code   RO          648    i.HAL_CAN_RxFifo0FullCallback  stm32f4xx_hal_can.o
    0x08002496   0x08002496   0x00000002   PAD
    0x08002498   0x08002498   0x00000280   Code   RO         4436    i.HAL_CAN_RxFifo0MsgPendingCallback  bsp_can.o
    0x08002718   0x08002718   0x00000002   Code   RO          650    i.HAL_CAN_RxFifo1FullCallback  stm32f4xx_hal_can.o
    0x0800271a   0x0800271a   0x00000002   Code   RO          651    i.HAL_CAN_RxFifo1MsgPendingCallback  stm32f4xx_hal_can.o
    0x0800271c   0x0800271c   0x00000002   Code   RO          652    i.HAL_CAN_SleepCallback  stm32f4xx_hal_can.o
    0x0800271e   0x0800271e   0x0000005e   Code   RO          653    i.HAL_CAN_Start     stm32f4xx_hal_can.o
    0x0800277c   0x0800277c   0x00000002   Code   RO          655    i.HAL_CAN_TxMailbox0AbortCallback  stm32f4xx_hal_can.o
    0x0800277e   0x0800277e   0x00000002   Code   RO          656    i.HAL_CAN_TxMailbox0CompleteCallback  stm32f4xx_hal_can.o
    0x08002780   0x08002780   0x00000002   Code   RO          657    i.HAL_CAN_TxMailbox1AbortCallback  stm32f4xx_hal_can.o
    0x08002782   0x08002782   0x00000002   Code   RO          658    i.HAL_CAN_TxMailbox1CompleteCallback  stm32f4xx_hal_can.o
    0x08002784   0x08002784   0x00000002   Code   RO          659    i.HAL_CAN_TxMailbox2AbortCallback  stm32f4xx_hal_can.o
    0x08002786   0x08002786   0x00000002   Code   RO          660    i.HAL_CAN_TxMailbox2CompleteCallback  stm32f4xx_hal_can.o
    0x08002788   0x08002788   0x00000002   Code   RO          662    i.HAL_CAN_WakeUpFromRxMsgCallback  stm32f4xx_hal_can.o
    0x0800278a   0x0800278a   0x000000ac   Code   RO         1458    i.HAL_DMA_Abort     stm32f4xx_hal_dma.o
    0x08002836   0x08002836   0x00000002   PAD
    0x08002838   0x08002838   0x00000240   Code   RO         1463    i.HAL_DMA_IRQHandler  stm32f4xx_hal_dma.o
    0x08002a78   0x08002a78   0x000000ec   Code   RO         1464    i.HAL_DMA_Init      stm32f4xx_hal_dma.o
    0x08002b64   0x08002b64   0x00000092   Code   RO         1468    i.HAL_DMA_Start_IT  stm32f4xx_hal_dma.o
    0x08002bf6   0x08002bf6   0x00000002   PAD
    0x08002bf8   0x08002bf8   0x000001f0   Code   RO         1351    i.HAL_GPIO_Init     stm32f4xx_hal_gpio.o
    0x08002de8   0x08002de8   0x0000000c   Code   RO         1888    i.HAL_GetTick       stm32f4xx_hal.o
    0x08002df4   0x08002df4   0x00000018   Code   RO         1894    i.HAL_IncTick       stm32f4xx_hal.o
    0x08002e0c   0x08002e0c   0x0000003c   Code   RO         1895    i.HAL_Init          stm32f4xx_hal.o
    0x08002e48   0x08002e48   0x0000004c   Code   RO         1896    i.HAL_InitTick      stm32f4xx_hal.o
    0x08002e94   0x08002e94   0x00000048   Code   RO          603    i.HAL_MspInit       stm32f4xx_hal_msp.o
    0x08002edc   0x08002edc   0x00000020   Code   RO         1740    i.HAL_NVIC_EnableIRQ  stm32f4xx_hal_cortex.o
    0x08002efc   0x08002efc   0x0000007c   Code   RO         1746    i.HAL_NVIC_SetPriority  stm32f4xx_hal_cortex.o
    0x08002f78   0x08002f78   0x00000028   Code   RO         1747    i.HAL_NVIC_SetPriorityGrouping  stm32f4xx_hal_cortex.o
    0x08002fa0   0x08002fa0   0x00000184   Code   RO          952    i.HAL_RCC_ClockConfig  stm32f4xx_hal_rcc.o
    0x08003124   0x08003124   0x0000000c   Code   RO          957    i.HAL_RCC_GetHCLKFreq  stm32f4xx_hal_rcc.o
    0x08003130   0x08003130   0x00000020   Code   RO          959    i.HAL_RCC_GetPCLK1Freq  stm32f4xx_hal_rcc.o
    0x08003150   0x08003150   0x00000020   Code   RO          960    i.HAL_RCC_GetPCLK2Freq  stm32f4xx_hal_rcc.o
    0x08003170   0x08003170   0x000000b0   Code   RO          961    i.HAL_RCC_GetSysClockFreq  stm32f4xx_hal_rcc.o
    0x08003220   0x08003220   0x0000049c   Code   RO          964    i.HAL_RCC_OscConfig  stm32f4xx_hal_rcc.o
    0x080036bc   0x080036bc   0x00000034   Code   RO         1751    i.HAL_SYSTICK_Config  stm32f4xx_hal_cortex.o
    0x080036f0   0x080036f0   0x00000002   Code   RO         2850    i.HAL_TIMEx_BreakCallback  stm32f4xx_hal_tim_ex.o
    0x080036f2   0x080036f2   0x00000002   Code   RO         2851    i.HAL_TIMEx_CommutCallback  stm32f4xx_hal_tim_ex.o
    0x080036f4   0x080036f4   0x000000b4   Code   RO         2869    i.HAL_TIMEx_MasterConfigSynchronization  stm32f4xx_hal_tim_ex.o
    0x080037a8   0x080037a8   0x00000066   Code   RO         2135    i.HAL_TIM_Base_Init  stm32f4xx_hal_tim.o
    0x0800380e   0x0800380e   0x00000002   PAD
    0x08003810   0x08003810   0x00000048   Code   RO          385    i.HAL_TIM_Base_MspInit  tim.o
    0x08003858   0x08003858   0x000000a8   Code   RO         2140    i.HAL_TIM_Base_Start_IT  stm32f4xx_hal_tim.o
    0x08003900   0x08003900   0x0000010c   Code   RO         2144    i.HAL_TIM_ConfigClockSource  stm32f4xx_hal_tim.o
    0x08003a0c   0x08003a0c   0x00000002   Code   RO         2169    i.HAL_TIM_IC_CaptureCallback  stm32f4xx_hal_tim.o
    0x08003a0e   0x08003a0e   0x00000196   Code   RO         2183    i.HAL_TIM_IRQHandler  stm32f4xx_hal_tim.o
    0x08003ba4   0x08003ba4   0x00000002   Code   RO         2186    i.HAL_TIM_OC_DelayElapsedCallback  stm32f4xx_hal_tim.o
    0x08003ba6   0x08003ba6   0x00000002   Code   RO         2213    i.HAL_TIM_PWM_PulseFinishedCallback  stm32f4xx_hal_tim.o
    0x08003ba8   0x08003ba8   0x00000134   Code   RO         3845    i.HAL_TIM_PeriodElapsedCallback  chassis_task.o
    0x08003cdc   0x08003cdc   0x00000002   Code   RO         2226    i.HAL_TIM_TriggerCallback  stm32f4xx_hal_tim.o
    0x08003cde   0x08003cde   0x00000002   Code   RO         3128    i.HAL_UARTEx_RxEventCallback  stm32f4xx_hal_uart.o
    0x08003ce0   0x08003ce0   0x0000008a   Code   RO         3140    i.HAL_UART_DMAStop  stm32f4xx_hal_uart.o
    0x08003d6a   0x08003d6a   0x00000002   Code   RO         3142    i.HAL_UART_ErrorCallback  stm32f4xx_hal_uart.o
    0x08003d6c   0x08003d6c   0x00000072   Code   RO         3146    i.HAL_UART_Init     stm32f4xx_hal_uart.o
    0x08003dde   0x08003dde   0x00000002   PAD
    0x08003de0   0x08003de0   0x0000034c   Code   RO          427    i.HAL_UART_MspInit  usart.o
    0x0800412c   0x0800412c   0x00000042   Code   RO         3150    i.HAL_UART_Receive_DMA  stm32f4xx_hal_uart.o
    0x0800416e   0x0800416e   0x00000042   Code   RO         3151    i.HAL_UART_Receive_IT  stm32f4xx_hal_uart.o
    0x080041b0   0x080041b0   0x00000060   Code   RO         4326    i.HAL_UART_RxCpltCallback  supercap.o
    0x08004210   0x08004210   0x00000002   Code   RO         3153    i.HAL_UART_RxHalfCpltCallback  stm32f4xx_hal_uart.o
    0x08004212   0x08004212   0x000000d2   Code   RO         3154    i.HAL_UART_Transmit  stm32f4xx_hal_uart.o
    0x080042e4   0x080042e4   0x00000004   Code   RO          489    i.HardFault_Handler  stm32f4xx_it.o
    0x080042e8   0x080042e8   0x00000044   Code   RO         4372    i.Init_Encoder_Struct  briter_encoder.o
    0x0800432c   0x0800432c   0x00000048   Code   RO          313    i.MX_CAN1_Init      can.o
    0x08004374   0x08004374   0x00000048   Code   RO          314    i.MX_CAN2_Init      can.o
    0x080043bc   0x080043bc   0x00000098   Code   RO          360    i.MX_DMA_Init       dma.o
    0x08004454   0x08004454   0x000000c0   Code   RO          287    i.MX_GPIO_Init      gpio.o
    0x08004514   0x08004514   0x0000006c   Code   RO          386    i.MX_TIM3_Init      tim.o
    0x08004580   0x08004580   0x00000038   Code   RO          428    i.MX_USART1_UART_Init  usart.o
    0x080045b8   0x080045b8   0x00000038   Code   RO          429    i.MX_USART3_UART_Init  usart.o
    0x080045f0   0x080045f0   0x00000038   Code   RO          430    i.MX_USART6_UART_Init  usart.o
    0x08004628   0x08004628   0x00000004   Code   RO          490    i.MemManage_Handler  stm32f4xx_it.o
    0x0800462c   0x0800462c   0x00000034   Code   RO           13    i.Motor_Zero_Position_Init  my_init.o
    0x08004660   0x08004660   0x00000004   Code   RO          491    i.NMI_Handler       stm32f4xx_it.o
    0x08004664   0x08004664   0x00000068   Code   RO         3520    i.PID_Init          pid.o
    0x080046cc   0x080046cc   0x00000050   Code   RO         3521    i.POWER_PID_Init    pid.o
    0x0800471c   0x0800471c   0x00000002   Code   RO          492    i.PendSV_Handler    stm32f4xx_it.o
    0x0800471e   0x0800471e   0x00000010   Code   RO         3881    i.RC_abs            remote_control.o
    0x0800472e   0x0800472e   0x00000002   PAD
    0x08004730   0x08004730   0x00000090   Code   RO         3882    i.RC_data_is_error  remote_control.o
    0x080047c0   0x080047c0   0x0000009c   Code   RO         3883    i.RC_init           remote_control.o
    0x0800485c   0x0800485c   0x000000c4   Code   RO         3884    i.RC_restart        remote_control.o
    0x08004920   0x08004920   0x00000144   Code   RO         4541    i.REFEREE_init      bsp_referee.o
    0x08004a64   0x08004a64   0x00000002   Code   RO          493    i.SVC_Handler       stm32f4xx_it.o
    0x08004a66   0x08004a66   0x00000002   PAD
    0x08004a68   0x08004a68   0x00000030   Code   RO         4373    i.Send_Data_Initialize  briter_encoder.o
    0x08004a98   0x08004a98   0x000003b8   Code   RO         3629    i.Speed_Limitation  kinematics.o
    0x08004e50   0x08004e50   0x0000000e   Code   RO         3630    i.Square            kinematics.o
    0x08004e5e   0x08004e5e   0x00000008   Code   RO          494    i.SysTick_Handler   stm32f4xx_it.o
    0x08004e66   0x08004e66   0x00000002   PAD
    0x08004e68   0x08004e68   0x000000b4   Code   RO          231    i.SystemClock_Config  main.o
    0x08004f1c   0x08004f1c   0x00000014   Code   RO         3485    i.SystemInit        system_stm32f4xx.o
    0x08004f30   0x08004f30   0x00000010   Code   RO          495    i.TIM3_IRQHandler   stm32f4xx_it.o
    0x08004f40   0x08004f40   0x000000d8   Code   RO         2228    i.TIM_Base_SetConfig  stm32f4xx_hal_tim.o
    0x08005018   0x08005018   0x00000016   Code   RO         2239    i.TIM_ETR_SetConfig  stm32f4xx_hal_tim.o
    0x0800502e   0x0800502e   0x00000012   Code   RO         2240    i.TIM_ITRx_SetConfig  stm32f4xx_hal_tim.o
    0x08005040   0x08005040   0x00000026   Code   RO         2246    i.TIM_TI1_ConfigInputStage  stm32f4xx_hal_tim.o
    0x08005066   0x08005066   0x00000028   Code   RO         2248    i.TIM_TI2_ConfigInputStage  stm32f4xx_hal_tim.o
    0x0800508e   0x0800508e   0x00000050   Code   RO         3160    i.UART_DMAError     stm32f4xx_hal_uart.o
    0x080050de   0x080050de   0x000000b0   Code   RO         3161    i.UART_DMAReceiveCplt  stm32f4xx_hal_uart.o
    0x0800518e   0x0800518e   0x00000020   Code   RO         3163    i.UART_DMARxHalfCplt  stm32f4xx_hal_uart.o
    0x080051ae   0x080051ae   0x0000006c   Code   RO         3169    i.UART_EndRxTransfer  stm32f4xx_hal_uart.o
    0x0800521a   0x0800521a   0x00000026   Code   RO         3171    i.UART_EndTxTransfer  stm32f4xx_hal_uart.o
    0x08005240   0x08005240   0x0000022c   Code   RO         3173    i.UART_SetConfig    stm32f4xx_hal_uart.o
    0x0800546c   0x0800546c   0x000000cc   Code   RO         3174    i.UART_Start_Receive_DMA  stm32f4xx_hal_uart.o
    0x08005538   0x08005538   0x00000046   Code   RO         3175    i.UART_Start_Receive_IT  stm32f4xx_hal_uart.o
    0x0800557e   0x0800557e   0x00000092   Code   RO         3177    i.UART_WaitOnFlagUntilTimeout  stm32f4xx_hal_uart.o
    0x08005610   0x08005610   0x00000124   Code   RO         4590    i.USART1_IRQHandler  bsp_uart.o
    0x08005734   0x08005734   0x00000144   Code   RO         3885    i.USART3_IRQHandler  remote_control.o
    0x08005878   0x08005878   0x0000011c   Code   RO         4543    i.USART6_IRQHandler  bsp_referee.o
    0x08005994   0x08005994   0x000000c4   Code   RO         4595    i.UartTX_To_BetaBoard_Yaw_Control  bsp_uart.o
    0x08005a58   0x08005a58   0x0000002c   Code   RO         4596    i.UartTX_trigger    bsp_uart.o
    0x08005a84   0x08005a84   0x00000004   Code   RO          496    i.UsageFault_Handler  stm32f4xx_it.o
    0x08005a88   0x08005a88   0x0000002c   Code   RO         3522    i.VPID_Init         pid.o
    0x08005ab4   0x08005ab4   0x000000d4   Code   RO         4437    i.Yaw_Angle_Process  bsp_can.o
    0x08005b88   0x08005b88   0x00000040   Code   RO         4117    i.Yaw_PIDinit       yaw_turn.o
    0x08005bc8   0x08005bc8   0x00000030   Code   RO         5306    i.__ARM_fpclassify  m_wm.l(fpclassify.o)
    0x08005bf8   0x08005bf8   0x00000010   Code   RO         1753    i.__NVIC_GetPriorityGrouping  stm32f4xx_hal_cortex.o
    0x08005c08   0x08005c08   0x00000028   Code   RO         1754    i.__NVIC_SetPriority  stm32f4xx_hal_cortex.o
    0x08005c30   0x08005c30   0x00000006   Code   RO         4742    i.__get_PRIMASK     fifo.o
    0x08005c36   0x08005c36   0x00000002   PAD
    0x08005c38   0x08005c38   0x000002d8   Code   RO         5217    i.__hardfp_atan     m_wm.l(atan.o)
    0x08005f10   0x08005f10   0x000001f0   Code   RO         5069    i.__hardfp_atan2    m_wm.l(atan2.o)
    0x08006100   0x08006100   0x000000c8   Code   RO         5081    i.__hardfp_cos      m_wm.l(cos.o)
    0x080061c8   0x080061c8   0x00000014   Code   RO         5093    i.__hardfp_fabs     m_wm.l(fabs.o)
    0x080061dc   0x080061dc   0x00000004   PAD
    0x080061e0   0x080061e0   0x000000c8   Code   RO         5099    i.__hardfp_sin      m_wm.l(sin.o)
    0x080062a8   0x080062a8   0x0000007a   Code   RO         5111    i.__hardfp_sqrt     m_wm.l(sqrt.o)
    0x08006322   0x08006322   0x00000006   PAD
    0x08006328   0x08006328   0x00000438   Code   RO         5249    i.__ieee754_rem_pio2  m_wm.l(rred.o)
    0x08006760   0x08006760   0x00000170   Code   RO         5231    i.__kernel_cos      m_wm.l(cos_i.o)
    0x080068d0   0x080068d0   0x000000f8   Code   RO         5308    i.__kernel_poly     m_wm.l(poly.o)
    0x080069c8   0x080069c8   0x00000130   Code   RO         5254    i.__kernel_sin      m_wm.l(sin_i.o)
    0x08006af8   0x08006af8   0x00000014   Code   RO         5235    i.__mathlib_dbl_infnan  m_wm.l(dunder.o)
    0x08006b0c   0x08006b0c   0x00000014   Code   RO         5236    i.__mathlib_dbl_infnan2  m_wm.l(dunder.o)
    0x08006b20   0x08006b20   0x00000020   Code   RO         5237    i.__mathlib_dbl_invalid  m_wm.l(dunder.o)
    0x08006b40   0x08006b40   0x00000020   Code   RO         5240    i.__mathlib_dbl_underflow  m_wm.l(dunder.o)
    0x08006b60   0x08006b60   0x00000006   Code   RO         4743    i.__set_PRIMASK     fifo.o
    0x08006b66   0x08006b66   0x00000002   PAD
    0x08006b68   0x08006b68   0x00000384   Code   RO           14    i.all_init          my_init.o
    0x08006eec   0x08006eec   0x0000032c   Code   RO         3523    i.apid_realize      pid.o
    0x08007218   0x08007218   0x00000010   Code   RO         5219    i.atan              m_wm.l(atan.o)
    0x08007228   0x08007228   0x00000068   Code   RO         4438    i.bsp_can_init      bsp_can.o
    0x08007290   0x08007290   0x0000014c   Code   RO         4439    i.canTX_AGV_Chassis_Motor_Current  bsp_can.o
    0x080073dc   0x080073dc   0x00000064   Code   RO         4440    i.canTX_Briter_Encoder  bsp_can.o
    0x08007440   0x08007440   0x00000098   Code   RO         4442    i.canTX_To_BetaBoard_WheelVel  bsp_can.o
    0x080074d8   0x080074d8   0x00000012   Code   RO         3720    i.can_send_chassis_current  chassis_move.o
    0x080074ea   0x080074ea   0x00000002   PAD
    0x080074ec   0x080074ec   0x0000005c   Code   RO         3723    i.chassis_follow    chassis_move.o
    0x08007548   0x08007548   0x00000028   Code   RO         3724    i.chassis_move      chassis_move.o
    0x08007570   0x08007570   0x000000e0   Code   RO         3725    i.chassis_move_mode  chassis_move.o
    0x08007650   0x08007650   0x00000128   Code   RO         3727    i.chassis_speed_control  chassis_move.o
    0x08007778   0x08007778   0x00000018   Code   RO         5095    i.fabs              m_wm.l(fabs.o)
    0x08007790   0x08007790   0x0000003a   Code   RO         4761    i.fifo_s_get        fifo.o
    0x080077ca   0x080077ca   0x00000016   Code   RO         4764    i.fifo_s_init       fifo.o
    0x080077e0   0x080077e0   0x000000a0   Code   RO         4770    i.fifo_s_puts       fifo.o
    0x08007880   0x08007880   0x00000006   Code   RO         4772    i.fifo_s_used       fifo.o
    0x08007886   0x08007886   0x00000002   PAD
    0x08007888   0x08007888   0x00000034   Code   RO         4683    i.get_CRC16_check_sum  crc8_crc16.o
    0x080078bc   0x080078bc   0x00000024   Code   RO         4684    i.get_CRC8_check_sum  crc8_crc16.o
    0x080078e0   0x080078e0   0x0000001c   Code   RO         3973    i.get_chassis_power_and_buffer_and_max  referee.o
    0x080078fc   0x080078fc   0x00000074   Code   RO         4444    i.get_motor_data    bsp_can.o
    0x08007970   0x08007970   0x00000028   Code   RO         4327    i.get_supercap_data  supercap.o
    0x08007998   0x08007998   0x000000c0   Code   RO         3979    i.init_referee_struct_data  referee.o
    0x08007a58   0x08007a58   0x00000060   Code   RO          232    i.main              main.o
    0x08007ab8   0x08007ab8   0x00000074   Code   RO           15    i.mode_init         my_init.o
    0x08007b2c   0x08007b2c   0x00000022   Code   RO         3526    i.motor_pid_init    pid.o
    0x08007b4e   0x08007b4e   0x00000022   Code   RO         3527    i.pid_realize       pid.o
    0x08007b70   0x08007b70   0x00000014   Code   RO         3528    i.position_loop_init  pid.o
    0x08007b84   0x08007b84   0x00000028   Code   RO         3529    i.position_loop_realize  pid.o
    0x08007bac   0x08007bac   0x0000007c   Code   RO         4445    i.read_motor_data   bsp_can.o
    0x08007c28   0x08007c28   0x0000018c   Code   RO         3980    i.referee_data_solve  referee.o
    0x08007db4   0x08007db4   0x00000164   Code   RO         3981    i.referee_unpack_fifo_data  referee.o
    0x08007f18   0x08007f18   0x0000002c   Code   RO         4544    i.referee_usart_fifo_init  bsp_referee.o
    0x08007f44   0x08007f44   0x00000058   Code   RO         3889    i.remote_control    remote_control.o
    0x08007f9c   0x08007f9c   0x00000014   Code   RO         3890    i.remote_control_init  remote_control.o
    0x08007fb0   0x08007fb0   0x00000104   Code   RO         3891    i.sbus_to_rc        remote_control.o
    0x080080b4   0x080080b4   0x00000034   Code   RO         4448    i.send_gimbal_data_2  bsp_can.o
    0x080080e8   0x080080e8   0x000000a0   Code   RO         4057    i.shoot_angle_clc   trigger_turn.o
    0x08008188   0x08008188   0x0000000e   Code   RO         3531    i.speed_loop_init   pid.o
    0x08008196   0x08008196   0x00000012   Code   RO         3532    i.speed_loop_realize  pid.o
    0x080081a8   0x080081a8   0x00000054   Code   RO         4058    i.trigger_all_init  trigger_turn.o
    0x080081fc   0x080081fc   0x00000028   Code   RO         4597    i.uart_init         bsp_uart.o
    0x08008224   0x08008224   0x00000040   Code   RO         4685    i.verify_CRC16_check_sum  crc8_crc16.o
    0x08008264   0x08008264   0x0000002e   Code   RO         4686    i.verify_CRC8_check_sum  crc8_crc16.o
    0x08008292   0x08008292   0x00000002   PAD
    0x08008294   0x08008294   0x00000094   Code   RO         3730    i.vpid_chassis_realize_F  chassis_move.o
    0x08008328   0x08008328   0x00000198   Code   RO         3533    i.vpid_realize      pid.o
    0x080084c0   0x080084c0   0x00000018   Code   RO         5037    x$fpl$basic         fz_wm.l(basic.o)
    0x080084d8   0x080084d8   0x00000062   Code   RO         5039    x$fpl$d2f           fz_wm.l(d2f.o)
    0x0800853a   0x0800853a   0x00000002   PAD
    0x0800853c   0x0800853c   0x00000150   Code   RO         5041    x$fpl$dadd          fz_wm.l(daddsub_clz.o)
    0x0800868c   0x0800868c   0x00000018   Code   RO         5204    x$fpl$dcmpinf       fz_wm.l(dcmpi.o)
    0x080086a4   0x080086a4   0x000002b0   Code   RO         5048    x$fpl$ddiv          fz_wm.l(ddiv.o)
    0x08008954   0x08008954   0x0000005e   Code   RO         5051    x$fpl$dfix          fz_wm.l(dfix.o)
    0x080089b2   0x080089b2   0x0000002e   Code   RO         5056    x$fpl$dflt          fz_wm.l(dflt_clz.o)
    0x080089e0   0x080089e0   0x00000026   Code   RO         5055    x$fpl$dfltu         fz_wm.l(dflt_clz.o)
    0x08008a06   0x08008a06   0x00000002   PAD
    0x08008a08   0x08008a08   0x00000078   Code   RO         5061    x$fpl$dleqf         fz_wm.l(dleqf.o)
    0x08008a80   0x08008a80   0x00000154   Code   RO         5063    x$fpl$dmul          fz_wm.l(dmul.o)
    0x08008bd4   0x08008bd4   0x0000009c   Code   RO         5206    x$fpl$dnaninf       fz_wm.l(dnaninf.o)
    0x08008c70   0x08008c70   0x0000000c   Code   RO         5208    x$fpl$dretinf       fz_wm.l(dretinf.o)
    0x08008c7c   0x08008c7c   0x0000006c   Code   RO         5065    x$fpl$drleqf        fz_wm.l(drleqf.o)
    0x08008ce8   0x08008ce8   0x00000016   Code   RO         5042    x$fpl$drsb          fz_wm.l(daddsub_clz.o)
    0x08008cfe   0x08008cfe   0x00000002   PAD
    0x08008d00   0x08008d00   0x00000198   Code   RO         5210    x$fpl$dsqrt         fz_wm.l(dsqrt_umaal.o)
    0x08008e98   0x08008e98   0x000001d4   Code   RO         5043    x$fpl$dsub          fz_wm.l(daddsub_clz.o)
    0x0800906c   0x0800906c   0x00000056   Code   RO         5067    x$fpl$f2d           fz_wm.l(f2d.o)
    0x080090c2   0x080090c2   0x0000008c   Code   RO         5212    x$fpl$fnaninf       fz_wm.l(fnaninf.o)
    0x0800914e   0x0800914e   0x0000000a   Code   RO         5304    x$fpl$fpinit        fz_wm.l(fpinit.o)
    0x08009158   0x08009158   0x0000000a   Code   RO         5214    x$fpl$fretinf       fz_wm.l(fretinf.o)
    0x08009162   0x08009162   0x00000000   Code   RO         5216    x$fpl$usenofp       fz_wm.l(usenofp.o)
    0x08009162   0x08009162   0x00000008   Data   RO         1470    .constdata          stm32f4xx_hal_dma.o
    0x0800916a   0x0800916a   0x00000018   Data   RO         3486    .constdata          system_stm32f4xx.o
    0x08009182   0x08009182   0x00000302   Data   RO         4687    .constdata          crc8_crc16.o
    0x08009484   0x08009484   0x00000004   PAD
    0x08009488   0x08009488   0x00000098   Data   RO         5220    .constdata          m_wm.l(atan.o)
    0x08009520   0x08009520   0x00000030   Data   RO         5232    .constdata          m_wm.l(cos_i.o)
    0x08009550   0x08009550   0x00000008   Data   RO         5248    .constdata          m_wm.l(qnan.o)
    0x08009558   0x08009558   0x000000c8   Data   RO         5251    .constdata          m_wm.l(rred.o)
    0x08009620   0x08009620   0x00000028   Data   RO         5255    .constdata          m_wm.l(sin_i.o)
    0x08009648   0x08009648   0x00000020   Data   RO         5397    Region$$Table       anon$$obj.o


    Execution Region RW_IRAM2 (Exec base: 0x10000000, Load base: 0x080096d0, Size: 0x00000000, Max: 0x00010000, ABSOLUTE)

    **** No section assigned to this execution region ****


    Execution Region RW_IRAM1 (Exec base: 0x20000000, Load base: 0x08009668, Size: 0x00002590, Max: 0x00020000, ABSOLUTE, COMPRESSED[0x00000068])

    Exec Addr    Load Addr    Size         Type   Attr      Idx    E Section Name        Object

    0x20000000   COMPRESSED   0x00000004   Data   RW          316    .data               can.o
    0x20000004   COMPRESSED   0x00000009   Data   RW         1902    .data               stm32f4xx_hal.o
    0x2000000d   COMPRESSED   0x00000003   PAD
    0x20000010   COMPRESSED   0x00000004   Data   RW         3487    .data               system_stm32f4xx.o
    0x20000014   COMPRESSED   0x0000000a   Data   RW         3534    .data               pid.o
    0x2000001e   COMPRESSED   0x00000002   PAD
    0x20000020   COMPRESSED   0x00000008   Data   RW         3633    .data               kinematics.o
    0x20000028   COMPRESSED   0x00000081   Data   RW         3732    .data               chassis_move.o
    0x200000a9   COMPRESSED   0x00000003   PAD
    0x200000ac   COMPRESSED   0x00000008   Data   RW         3846    .data               chassis_task.o
    0x200000b4   COMPRESSED   0x00000018   Data   RW         3893    .data               remote_control.o
    0x200000cc   COMPRESSED   0x00000035   Data   RW         3983    .data               referee.o
    0x20000101   COMPRESSED   0x00000003   PAD
    0x20000104   COMPRESSED   0x0000002e   Data   RW         4062    .data               trigger_turn.o
    0x20000132   COMPRESSED   0x00000002   PAD
    0x20000134   COMPRESSED   0x00000048   Data   RW         4125    .data               yaw_turn.o
    0x2000017c   COMPRESSED   0x0000000e   Data   RW         4329    .data               supercap.o
    0x2000018a   COMPRESSED   0x00000002   PAD
    0x2000018c   COMPRESSED   0x0000001d   Data   RW         4450    .data               bsp_can.o
    0x200001a9   COMPRESSED   0x00000001   PAD
    0x200001aa   COMPRESSED   0x00000002   Data   RW         4546    .data               bsp_referee.o
    0x200001ac   COMPRESSED   0x0000002c   Data   RW         4599    .data               bsp_uart.o
    0x200001d8   COMPRESSED   0x00000002   Data   RW         4688    .data               crc8_crc16.o
    0x200001da   COMPRESSED   0x00000002   PAD
    0x200001dc        -       0x00000035   Zero   RW          233    .bss                main.o
    0x20000211   COMPRESSED   0x00000003   PAD
    0x20000214        -       0x00000050   Zero   RW          315    .bss                can.o
    0x20000264        -       0x00000048   Zero   RW          387    .bss                tim.o
    0x200002ac        -       0x000002ac   Zero   RW          431    .bss                usart.o
    0x20000558        -       0x000000d8   Zero   RW         3632    .bss                kinematics.o
    0x20000630        -       0x00000bbc   Zero   RW         3731    .bss                chassis_move.o
    0x200011ec        -       0x00000048   Zero   RW         3892    .bss                remote_control.o
    0x20001234        -       0x000000ef   Zero   RW         3982    .bss                referee.o
    0x20001323   COMPRESSED   0x00000001   PAD
    0x20001324        -       0x000000c0   Zero   RW         4061    .bss                trigger_turn.o
    0x200013e4        -       0x0000015c   Zero   RW         4124    .bss                yaw_turn.o
    0x20001540        -       0x00000060   Zero   RW         4191    .bss                can_receive.o
    0x200015a0        -       0x000000e0   Zero   RW         4376    .bss                briter_encoder.o
    0x20001680        -       0x00000010   Zero   RW         4449    .bss                bsp_can.o
    0x20001690        -       0x00000818   Zero   RW         4545    .bss                bsp_referee.o
    0x20001ea8        -       0x00000083   Zero   RW         4598    .bss                bsp_uart.o
    0x20001f2b   COMPRESSED   0x00000001   PAD
    0x20001f2c        -       0x00000060   Zero   RW         5263    .bss                c_w.l(libspace.o)
    0x20001f8c   COMPRESSED   0x00000004   PAD
    0x20001f90        -       0x00000200   Zero   RW            2    HEAP                startup_stm32f407xx.o
    0x20002190        -       0x00000400   Zero   RW            1    STACK               startup_stm32f407xx.o


==============================================================================

Image component sizes


      Code (inc. data)   RO Data    RW Data    ZI Data      Debug   Object Name

       368         82          0          0        224       3649   briter_encoder.o
      2020        204          0         29         16       8138   bsp_can.o
       652         68          0          2       2072       2841   bsp_referee.o
       664         98          0         44        131       4891   bsp_uart.o
       496         44          0          4         80       2526   can.o
         0          0          0          0         96       1135   can_receive.o
      1146        180          0        129       3004       8976   chassis_move.o
       308         22          0          8          0       1452   chassis_task.o
       198         16        770          2          0       3853   crc8_crc16.o
       152          6          0          0          0        866   dma.o
       258          0          0          0          0      10247   fifo.o
       192          6          0          0          0        999   gpio.o
      5154        282          0          8        216       8758   kinematics.o
       282         26          0          0         53       2433   main.o
      1068        152          0          0          0     713133   my_init.o
      1676         90          0         10          0      13076   pid.o
       972        174          0         53        239       9081   referee.o
      1204         88          0         24         72       6888   remote_control.o
        64         26        392          0       1536        864   startup_stm32f407xx.o
       172         32          0          9          0       8885   stm32f4xx_hal.o
      2134          6          0          0          0     710511   stm32f4xx_hal_can.o
       304         22          0          0          0      34579   stm32f4xx_hal_cortex.o
      1396         16          8          0          0       6519   stm32f4xx_hal_dma.o
       496         44          0          0          0       1492   stm32f4xx_hal_gpio.o
        72          4          0          0          0        886   stm32f4xx_hal_msp.o
      1820         84          0          0          0       5748   stm32f4xx_hal_rcc.o
      1286         76          0          0          0       9935   stm32f4xx_hal_tim.o
       184         30          0          0          0       2565   stm32f4xx_hal_tim_ex.o
      2010         22          0          0          0      13557   stm32f4xx_hal_uart.o
       162         48          0          0          0       8502   stm32f4xx_it.o
       136         34          0         14          0       1883   supercap.o
        20          6         24          4          0       1187   system_stm32f4xx.o
       180         18          0          0         72       1746   tim.o
       244         34          0         46        192       2639   trigger_turn.o
      1012         94          0          0        684       3683   usart.o
        90         22          0         72        348       3140   yaw_turn.o

    ----------------------------------------------------------------------
     28624       2156       1230        476       9040    1621263   Object Totals
         0          0         32          0          0          0   (incl. Generated)
        32          0          4         18          5          0   (incl. Padding)

    ----------------------------------------------------------------------

      Code (inc. data)   RO Data    RW Data    ZI Data      Debug   Library Member Name

        90          0          0          0          0          0   __dczerorl2.o
         8          0          0          0          0         68   __main.o
         0          0          0          0          0          0   __rtentry.o
        12          0          0          0          0          0   __rtentry2.o
         6          0          0          0          0          0   __rtentry4.o
        52          8          0          0          0          0   __scatter.o
        28          0          0          0          0          0   __scatter_zi.o
        22          0          0          0          0        100   _rserrno.o
        18          0          0          0          0         80   exit.o
         6          0          0          0          0        152   heapauxi.o
         0          0          0          0          0          0   indicate_semi.o
         2          0          0          0          0          0   libinit.o
         6          0          0          0          0          0   libinit2.o
         2          0          0          0          0          0   libshutdown.o
         2          0          0          0          0          0   libshutdown2.o
         8          4          0          0         96         68   libspace.o
       238          0          0          0          0        100   lludivv7m.o
         8          4          0          0          0         68   rt_errno_addr_intlibspace.o
        68          0          0          0          0         68   rt_memclr.o
        78          0          0          0          0         80   rt_memclr_w.o
       138          0          0          0          0         68   rt_memcpy_v6.o
       100          0          0          0          0         80   rt_memcpy_w.o
         2          0          0          0          0          0   rtexit.o
        10          0          0          0          0          0   rtexit2.o
        12          4          0          0          0         68   sys_exit.o
        74          0          0          0          0         80   sys_stackheap_outer.o
         2          0          0          0          0         68   use_no_semi.o
        24          0          0          0          0        164   basic.o
        98          4          0          0          0        140   d2f.o
       826         16          0          0          0        492   daddsub_clz.o
        24          0          0          0          0        116   dcmpi.o
       688        140          0          0          0        256   ddiv.o
        94          4          0          0          0        140   dfix.o
        84          0          0          0          0        232   dflt_clz.o
       120          4          0          0          0        140   dleqf.o
       340         12          0          0          0        152   dmul.o
       156          4          0          0          0        140   dnaninf.o
        12          0          0          0          0        116   dretinf.o
       108          0          0          0          0        128   drleqf.o
       408         56          0          0          0        168   dsqrt_umaal.o
        86          4          0          0          0        132   f2d.o
       140          4          0          0          0        132   fnaninf.o
        10          0          0          0          0        116   fpinit.o
        10          0          0          0          0        116   fretinf.o
         0          0          0          0          0          0   usenofp.o
       744        106        152          0          0        352   atan.o
       496         64          0          0          0        192   atan2.o
       200         20          0          0          0        164   cos.o
       368         46         48          0          0        200   cos_i.o
       104         16          0          0          0        496   dunder.o
        44          0          0          0          0        248   fabs.o
        48          0          0          0          0        124   fpclassify.o
       248          0          0          0          0        152   poly.o
         0          0          8          0          0          0   qnan.o
      1080        142        200          0          0        188   rred.o
       200         20          0          0          0        164   sin.o
       304         24         40          0          0        208   sin_i.o
       122          0          0          0          0        148   sqrt.o

    ----------------------------------------------------------------------
      8202        706        448          0        100       6664   Library Totals
        24          0          0          0          4          0   (incl. Padding)

    ----------------------------------------------------------------------

      Code (inc. data)   RO Data    RW Data    ZI Data      Debug   Library Name

       992         20          0          0         96       1148   c_w.l
      3228        248          0          0          0       2880   fz_wm.l
      3958        438        448          0          0       2636   m_wm.l

    ----------------------------------------------------------------------
      8202        706        448          0        100       6664   Library Totals

    ----------------------------------------------------------------------

==============================================================================


      Code (inc. data)   RO Data    RW Data    ZI Data      Debug   

     36826       2862       1678        476       9140    1606407   Grand Totals
     36826       2862       1678        104       9140    1606407   ELF Image Totals (compressed)
     36826       2862       1678        104          0          0   ROM Totals

==============================================================================

    Total RO  Size (Code + RO Data)                38504 (  37.60kB)
    Total RW  Size (RW Data + ZI Data)              9616 (   9.39kB)
    Total ROM Size (Code + RO Data + RW Data)      38608 (  37.70kB)

==============================================================================

